boot_hal.c:139:6:execute_loader	8	static,ignoring_inline_asm
boot_hal.c:101:6:boot_platform_noimage	40	static
boot_hal.c:196:29:boot_jump_to_ns_image	0	static,ignoring_inline_asm
boot_hal.c:319:6:boot_clear_bl2_ram_area	0	static
boot_hal.c:351:7:boot_clean_ns_ram_area	0	static
boot_hal.c:383:24:boot_save_boot_status	0	static
boot_hal.c:425:19:HAL_InitTick	0	static
boot_hal.c:441:10:HAL_GetTick	12	static
boot_hal.c:560:6:Error_Handler	8	static,ignoring_inline_asm
boot_hal.c:239:6:jumper	16	static,ignoring_inline_asm
boot_hal.c:396:6:icache_init	8	static
boot_hal.c:481:9:boot_platform_init	48	static
