low_level_flash.c:272:27:Flash_GetVersion	8	static
low_level_flash.c:277:31:Flash_GetCapabilities	0	static
low_level_flash.c:289:16:Flash_Uninitialize	0	static
low_level_flash.c:294:16:Flash_PowerControl	0	static
low_level_flash.c:511:16:Flash_EraseChip	0	static
low_level_flash.c:516:25:Flash_GetStatus	0	static
low_level_flash.c:521:24:Flash_GetInfo	0	static
low_level_flash.c:282:16:Flash_Initialize	8	static
low_level_flash.c:125:13:is_range_secure.isra.0	16	static
low_level_flash.c:352:16:Flash_ProgramData	40	static
low_level_flash.c:428:16:Flash_EraseSector	40	static
low_level_flash.c:309:16:Flash_ReadData	24	static
low_level_flash.c:611:6:NMI_Handler	0	static,ignoring_inline_asm
