stm32l5xx_hal.c:198:13:HAL_MspInit	0	static
stm32l5xx_hal.c:209:13:HAL_MspDeInit	0	static
stm32l5xx_hal.c:169:19:HAL_DeInit	8	static
stm32l5xx_hal.c:232:26:HAL_InitTick	16	static
stm32l5xx_hal.c:139:19:HAL_Init	8	static
stm32l5xx_hal.c:300:13:HAL_IncTick	0	static
stm32l5xx_hal.c:311:17:HAL_GetTick	0	static
stm32l5xx_hal.c:320:10:HAL_GetTickPrio	0	static
stm32l5xx_hal.c:330:19:HAL_SetTickFreq	16	static
stm32l5xx_hal.c:359:21:HAL_GetTickFreq	0	static
stm32l5xx_hal.c:375:13:HAL_Delay	16	static
stm32l5xx_hal.c:401:13:HAL_SuspendTick	0	static
stm32l5xx_hal.c:417:13:HAL_ResumeTick	0	static
stm32l5xx_hal.c:427:10:HAL_GetHalVersion	0	static
stm32l5xx_hal.c:436:10:HAL_GetREVID	0	static
stm32l5xx_hal.c:445:10:HAL_GetDEVID	0	static
stm32l5xx_hal.c:454:10:HAL_GetUIDw0	0	static
stm32l5xx_hal.c:463:10:HAL_GetUIDw1	0	static
stm32l5xx_hal.c:472:10:HAL_GetUIDw2	0	static
stm32l5xx_hal.c:500:6:HAL_DBGMCU_EnableDBGStopMode	0	static
stm32l5xx_hal.c:509:6:HAL_DBGMCU_DisableDBGStopMode	0	static
stm32l5xx_hal.c:518:6:HAL_DBGMCU_EnableDBGStandbyMode	0	static
stm32l5xx_hal.c:527:6:HAL_DBGMCU_DisableDBGStandbyMode	0	static
stm32l5xx_hal.c:560:6:HAL_SYSCFG_SRAM2Erase	0	static
stm32l5xx_hal.c:613:6:HAL_SYSCFG_VREFBUF_HighImpedanceConfig	0	static
stm32l5xx_hal.c:625:6:HAL_SYSCFG_VREFBUF_TrimmingConfig	0	static
stm32l5xx_hal.c:582:6:HAL_SYSCFG_VREFBUF_VoltageScalingConfig	0	static
stm32l5xx_hal.c:637:19:HAL_SYSCFG_EnableVREFBUF	16	static
stm32l5xx_hal.c:663:6:HAL_SYSCFG_DisableVREFBUF	0	static
stm32l5xx_hal.c:673:6:HAL_SYSCFG_EnableIOAnalogBooster	0	static
stm32l5xx_hal.c:683:6:HAL_SYSCFG_DisableIOAnalogBooster	0	static
stm32l5xx_hal.c:693:6:HAL_SYSCFG_EnableIOAnalogSwitchVdd	0	static
stm32l5xx_hal.c:703:6:HAL_SYSCFG_DisableIOAnalogSwitchVdd	0	static
stm32l5xx_hal.c:732:6:HAL_SYSCFG_Lock	0	static
stm32l5xx_hal.c:753:19:HAL_SYSCFG_GetLock	0	static
