stm32l5xx_hal_rcc_ex.c:2417:26:RCCEx_PLLSource_Enable	16	static
stm32l5xx_hal_rcc_ex.c:2775:17:RCCEx_PLLSAI1_GetVCOFreq	0	static
stm32l5xx_hal_rcc_ex.c:2878:17:RCCEx_GetSAIxPeriphCLKFreq	8	static
stm32l5xx_hal_rcc_ex.c:2524:26:RCCEx_PLLSAI1_Config	24	static
stm32l5xx_hal_rcc_ex.c:2664:26:RCCEx_PLLSAI2_Config.constprop	16	static
stm32l5xx_hal_rcc_ex.c:148:19:HAL_RCCEx_PeriphCLKConfig	40	static
stm32l5xx_hal_rcc_ex.c:691:6:HAL_RCCEx_GetPeriphCLKConfig	0	static
stm32l5xx_hal_rcc_ex.c:818:10:HAL_RCCEx_GetPeriphCLKFreq	16	static
stm32l5xx_hal_rcc_ex.c:1628:19:HAL_RCCEx_EnablePLLSAI1	16	static
stm32l5xx_hal_rcc_ex.c:1705:19:HAL_RCCEx_DisablePLLSAI1	16	static
stm32l5xx_hal_rcc_ex.c:1743:19:HAL_RCCEx_EnablePLLSAI2	16	static
stm32l5xx_hal_rcc_ex.c:1818:19:HAL_RCCEx_DisablePLLSAI2	16	static
stm32l5xx_hal_rcc_ex.c:1860:6:HAL_RCCEx_WakeUpStopCLKConfig	0	static
stm32l5xx_hal_rcc_ex.c:1878:6:HAL_RCCEx_StandbyMSIRangeConfig	0	static
stm32l5xx_hal_rcc_ex.c:1892:6:HAL_RCCEx_EnableLSECSS	0	static
stm32l5xx_hal_rcc_ex.c:1902:6:HAL_RCCEx_DisableLSECSS	0	static
stm32l5xx_hal_rcc_ex.c:1925:13:HAL_RCCEx_LSECSS_Callback	0	static
stm32l5xx_hal_rcc_ex.c:1911:6:HAL_RCCEx_LSECSS_IRQHandler	8	static
stm32l5xx_hal_rcc_ex.c:1940:6:HAL_RCCEx_EnableLSCO	48	static
stm32l5xx_hal_rcc_ex.c:1987:6:HAL_RCCEx_DisableLSCO	24	static
stm32l5xx_hal_rcc_ex.c:2025:6:HAL_RCCEx_EnableMSIPLLMode	0	static
stm32l5xx_hal_rcc_ex.c:2036:6:HAL_RCCEx_DisableMSIPLLMode	0	static
stm32l5xx_hal_rcc_ex.c:2116:6:HAL_RCCEx_CRSConfig	0	static
stm32l5xx_hal_rcc_ex.c:2158:6:HAL_RCCEx_CRSSoftwareSynchronizationGenerate	0	static
stm32l5xx_hal_rcc_ex.c:2168:6:HAL_RCCEx_CRSGetSynchronizationInfo	0	static
stm32l5xx_hal_rcc_ex.c:2201:10:HAL_RCCEx_CRSWaitSynchronization	24	static
stm32l5xx_hal_rcc_ex.c:2355:13:HAL_RCCEx_CRS_SyncOkCallback	0	static
stm32l5xx_hal_rcc_ex.c:2366:13:HAL_RCCEx_CRS_SyncWarnCallback	0	static
stm32l5xx_hal_rcc_ex.c:2377:13:HAL_RCCEx_CRS_ExpectedSyncCallback	0	static
stm32l5xx_hal_rcc_ex.c:2393:13:HAL_RCCEx_CRS_ErrorCallback	0	static
stm32l5xx_hal_rcc_ex.c:2290:6:HAL_RCCEx_CRS_IRQHandler	8	static
