sha256_alt.c:58:6:mbedtls_sha256_init	8	static
sha256_alt.c:66:6:mbedtls_sha256_free	0	static
sha256_alt.c:75:6:mbedtls_sha256_clone	8	static
sha256_alt.c:81:5:mbedtls_sha256_starts_ret	16	static
sha256_alt.c:104:5:mbedtls_internal_sha256_process	8	static
sha256_alt.c:129:5:mbedtls_sha256_update_ret	32	static
sha256_alt.c:200:5:mbedtls_sha256_finish_ret	24	static
sha256_alt.c:228:6:mbedtls_sha256_starts	0	static
sha256_alt.c:234:6:mbedtls_sha256_update	0	static
sha256_alt.c:241:6:mbedtls_sha256_finish	0	static
