stm32l5xx_hal_dma.c:1269:13:DMA_SetConfig	16	static
stm32l5xx_hal_dma.c:1312:13:DMA_CalcDMAMUXChannelBaseAndMask	0	static
stm32l5xx_hal_dma.c:150:19:HAL_DMA_Init	8	static
stm32l5xx_hal_dma.c:262:19:HAL_DMA_DeInit	16	static
stm32l5xx_hal_dma.c:379:19:HAL_DMA_Start	24	static
stm32l5xx_hal_dma.c:422:19:HAL_DMA_Start_IT	16	static
stm32l5xx_hal_dma.c:491:19:HAL_DMA_Abort	0	static
stm32l5xx_hal_dma.c:548:19:HAL_DMA_Abort_IT	8	static
stm32l5xx_hal_dma.c:609:19:HAL_DMA_PollForTransfer	32	static
stm32l5xx_hal_dma.c:737:6:HAL_DMA_IRQHandler	16	static
stm32l5xx_hal_dma.c:885:19:HAL_DMA_RegisterCallback	8	static
stm32l5xx_hal_dma.c:944:19:HAL_DMA_UnRegisterCallback	8	static
stm32l5xx_hal_dma.c:1032:22:HAL_DMA_GetState	0	static
stm32l5xx_hal_dma.c:1044:10:HAL_DMA_GetError	0	static
stm32l5xx_hal_dma.c:1086:19:HAL_DMA_ConfigChannelAttributes	0	static
stm32l5xx_hal_dma.c:1216:19:HAL_DMA_GetConfigChannelAttributes	0	static
