<html>
<body>
<pre>
<h1>µVision Build Log</h1>
<h2>Tool Versions:</h2>
IDE-Version: •ÏVision V5.33.0.0
Copyright (C) 2020 ARM Ltd and ARM Germany GmbH. All rights reserved.
License Information: Sungsu Kim, MESL, LIC=----
 
Tool Versions:
Toolchain:       MDK-Lite  Version: 5.33.0.0
Toolchain Path:  C:\Keil_v5\ARM\ARMCLANG\Bin
C Compiler:      ArmClang.exe V6.15
Assembler:       Armasm.exe V6.15
Linker/Locator:  ArmLink.exe V6.15
Library Manager: ArmAr.exe V6.15
Hex Converter:   FromElf.exe V6.15
CPU DLL:         
Dialog DLL:      
Target DLL:      Nu_Link.dll V3.05
Dialog DLL:      TCM.DLL V1.48.0.0
 
<h2>Project:</h2>
C:\Users\korke\Desktop\PX4-TrustZone\M2351BSP\SampleCode\TrustZone\Template\Secure\KEIL\Secure.uvprojx
Project File Date:  04/07/2021

<h2>Output:</h2>
*** Using Compiler 'V6.15', folder: 'C:\Keil_v5\ARM\ARMCLANG\Bin'
Build Project 'Secure' - Target 'Secure'
creating list file for system_M2351.c...
creating list file for xom0_func.c...
creating list file for clk.c...
creating list file for gpio.c...
creating list file for retarget.c...
creating list file for xom1_func.c...
creating list file for main.c...
compiling main.c...
linking...
Program Size: Code=9632 RO-data=1924 RW-data=656 ZI-data=4192  
After Build - User command #1: fromelf --bin ".\Objects\Secure.axf" --output ".\Objects\Secure.bin"
After Build - User command #2: fromelf --text -c ".\Objects\Secure.axf" --output ".\Objects\Secure.txt"
".\Objects\Secure.axf" - 0 Error(s), 0 Warning(s).

<h2>Software Packages used:</h2>

Package Vendor: Nuvoton
                http://www.nuvoton.com/hq/enu/Documents/KEILSoftwarePack/Nuvoton.NuMicro_DFP.1.3.10.pack
                Nuvoton.NuMicro_DFP.1.3.10
                Nuvoton ARM Cortex-M NuMicro Family Device Support

<h2>Collection of Component include folders:</h2>
  C:\Users\korke\AppData\Local\Arm\Packs\Nuvoton\NuMicro_DFP\1.3.10\Device\M2351\Include

<h2>Collection of Component Files used:</h2>
Build Time Elapsed:  00:00:01
</pre>
</body>
</html>
