stm32l5xx_hal_exti.c:140:19:HAL_EXTI_SetConfigLine	20	static
stm32l5xx_hal_exti.c:262:19:HAL_EXTI_GetConfigLine	20	static
stm32l5xx_hal_exti.c:365:19:HAL_EXTI_ClearConfigLine	20	static
stm32l5xx_hal_exti.c:431:19:HAL_EXTI_RegisterCallback	0	static
stm32l5xx_hal_exti.c:466:19:HAL_EXTI_GetHandle	0	static
stm32l5xx_hal_exti.c:505:6:HAL_EXTI_IRQHandler	16	static
stm32l5xx_hal_exti.c:559:10:HAL_EXTI_GetPending	8	static
stm32l5xx_hal_exti.c:603:6:HAL_EXTI_ClearPending	0	static
stm32l5xx_hal_exti.c:639:6:HAL_EXTI_GenerateSWI	0	static
stm32l5xx_hal_exti.c:690:6:HAL_EXTI_ConfigLineAttributes	12	static
stm32l5xx_hal_exti.c:763:19:HAL_EXTI_GetConfigLineAttributes	0	static
