Component: ARM Compiler 6.15 Tool: armlink [5dd79300]

==============================================================================

Section Cross References

    main.o(.text.SysTick_Handler) refers to main.o(.bss.SysTick_Handler.ticks) for [Anonymous Symbol]
    main.o(.ARM.exidx.text.SysTick_Handler) refers to main.o(.text.SysTick_Handler) for [Anonymous Symbol]
    main.o(.text.Boot_Init) refers to printfa.o(i.__0printf) for printf
    main.o(.text.Boot_Init) refers to main.o(.rodata.str1.1) for .L.str.1
    main.o(.ARM.exidx.text.Boot_Init) refers to main.o(.text.Boot_Init) for [Anonymous Symbol]
    main.o(.text.main) refers to main.o(.text.SYS_UnlockReg) for SYS_UnlockReg
    main.o(.text.main) refers to main.o(.text.SYS_Init) for SYS_Init
    main.o(.text.main) refers to main.o(.text.DEBUG_PORT_Init) for DEBUG_PORT_Init
    main.o(.text.main) refers to printfa.o(i.__0printf) for printf
    main.o(.text.main) refers to main.o(.text.SysTick_Config) for SysTick_Config
    main.o(.text.main) refers to main.o(.text.Boot_Init) for Boot_Init
    main.o(.text.main) refers to main.o(.rodata.str1.1) for .L.str.3
    main.o(.text.main) refers to system_m2351.o(.data.SystemCoreClock) for SystemCoreClock
    main.o(.ARM.exidx.text.main) refers to main.o(.text.main) for [Anonymous Symbol]
    main.o(.ARM.exidx.text.SYS_UnlockReg) refers to main.o(.text.SYS_UnlockReg) for [Anonymous Symbol]
    main.o(.text.SYS_Init) refers to system_m2351.o(.data.PllClock) for PllClock
    main.o(.text.SYS_Init) refers to system_m2351.o(.data.SystemCoreClock) for SystemCoreClock
    main.o(.text.SYS_Init) refers to system_m2351.o(.data.CyclesPerUs) for CyclesPerUs
    main.o(.ARM.exidx.text.SYS_Init) refers to main.o(.text.SYS_Init) for [Anonymous Symbol]
    main.o(.ARM.exidx.text.DEBUG_PORT_Init) refers to main.o(.text.DEBUG_PORT_Init) for [Anonymous Symbol]
    main.o(.text.SysTick_Config) refers to main.o(.text.__NVIC_SetPriority) for __NVIC_SetPriority
    main.o(.ARM.exidx.text.SysTick_Config) refers to main.o(.text.SysTick_Config) for [Anonymous Symbol]
    main.o(.ARM.exidx.text.__NVIC_SetPriority) refers to main.o(.text.__NVIC_SetPriority) for [Anonymous Symbol]
    system_m2351.o(.text.FMC_NSBA_Setup) refers to system_m2351.o(.text.SYS_UnlockReg) for SYS_UnlockReg
    system_m2351.o(.ARM.exidx.text.FMC_NSBA_Setup) refers to system_m2351.o(.text.FMC_NSBA_Setup) for [Anonymous Symbol]
    system_m2351.o(.ARM.exidx.text.SYS_UnlockReg) refers to system_m2351.o(.text.SYS_UnlockReg) for [Anonymous Symbol]
    system_m2351.o(.text.SCU_Setup) refers to system_m2351.o(.text.__NVIC_EnableIRQ) for __NVIC_EnableIRQ
    system_m2351.o(.ARM.exidx.text.SCU_Setup) refers to system_m2351.o(.text.SCU_Setup) for [Anonymous Symbol]
    system_m2351.o(.ARM.exidx.text.__NVIC_EnableIRQ) refers to system_m2351.o(.text.__NVIC_EnableIRQ) for [Anonymous Symbol]
    system_m2351.o(.text.SCU_IRQHandler) refers to memseta.o(.text) for __aeabi_memclr4
    system_m2351.o(.text.SCU_IRQHandler) refers to memcpya.o(.text) for __aeabi_memcpy4
    system_m2351.o(.text.SCU_IRQHandler) refers to printfa.o(i.__0printf) for printf
    system_m2351.o(.text.SCU_IRQHandler) refers to system_m2351.o(.rodata.str1.1) for .L.str
    system_m2351.o(.text.SCU_IRQHandler) refers to system_m2351.o(.rodata..L__const.SCU_IRQHandler.ipname) for [Anonymous Symbol]
    system_m2351.o(.text.SCU_IRQHandler) refers to system_m2351.o(.rodata..L__const.SCU_IRQHandler.info) for [Anonymous Symbol]
    system_m2351.o(.ARM.exidx.text.SCU_IRQHandler) refers to system_m2351.o(.text.SCU_IRQHandler) for [Anonymous Symbol]
    system_m2351.o(.ARM.exidx.text.NSC_Init) refers to system_m2351.o(.text.NSC_Init) for [Anonymous Symbol]
    system_m2351.o(.text.TZ_SAU_Setup) refers to system_m2351.o(.text.NSC_Init) for NSC_Init
    system_m2351.o(.ARM.exidx.text.TZ_SAU_Setup) refers to system_m2351.o(.text.TZ_SAU_Setup) for [Anonymous Symbol]
    system_m2351.o(.text.SystemCoreClockUpdate) refers to anon$$obj.o(Veneer$$CMSE) for CLK_GetPLLClockFreq
    system_m2351.o(.text.SystemCoreClockUpdate) refers to system_m2351.o(.data.PllClock) for PllClock
    system_m2351.o(.text.SystemCoreClockUpdate) refers to system_m2351.o(.data.SystemCoreClock) for SystemCoreClock
    system_m2351.o(.text.SystemCoreClockUpdate) refers to system_m2351.o(.data.CyclesPerUs) for CyclesPerUs
    system_m2351.o(.ARM.exidx.text.SystemCoreClockUpdate) refers to system_m2351.o(.text.SystemCoreClockUpdate) for [Anonymous Symbol]
    system_m2351.o(.text.SystemInit) refers to system_m2351.o(.text.TZ_SAU_Setup) for TZ_SAU_Setup
    system_m2351.o(.text.SystemInit) refers to system_m2351.o(.text.SCU_Setup) for SCU_Setup
    system_m2351.o(.text.SystemInit) refers to system_m2351.o(.text.FMC_NSBA_Setup) for FMC_NSBA_Setup
    system_m2351.o(.text.SystemInit) refers to startup_m2351.o(RESET) for __Vectors
    system_m2351.o(.ARM.exidx.text.SystemInit) refers to system_m2351.o(.text.SystemInit) for [Anonymous Symbol]
[...]
    clk.o(.text.CLK_GetCPUFreq) refers to clk.o(.rodata.cst32) for .L__const.CLK_GetCPUFreq.au32ClkTbl
    clk.o(.text.CLK_GetCPUFreq) refers to system_m2351.o(.data.PllClock) for PllClock
    clk.o(.text.CLK_GetCPUFreq) refers to system_m2351.o(.data.SystemCoreClock) for SystemCoreClock
    clk.o(.text.CLK_GetCPUFreq) refers to system_m2351.o(.data.CyclesPerUs) for CyclesPerUs
    clk.o(.ARM.exidx.text.CLK_GetCPUFreq) refers to clk.o(.text.CLK_GetCPUFreq) for [Anonymous Symbol]
    clk.o(.text.CLK_SetCoreClock) refers to clk.o(.text.CLK_WaitClockReady) for CLK_WaitClockReady
    clk.o(.text.CLK_SetCoreClock) refers to clk.o(.text.CLK_EnablePLL) for CLK_EnablePLL
    clk.o(.text.CLK_SetCoreClock) refers to clk.o(.text.CLK_SetHCLK) for CLK_SetHCLK
    clk.o(.ARM.exidx.text.CLK_SetCoreClock) refers to clk.o(.text.CLK_SetCoreClock) for [Anonymous Symbol]
    clk.o(.ARM.exidx.text.CLK_WaitClockReady) refers to clk.o(.text.CLK_WaitClockReady) for [Anonymous Symbol]
    clk.o(.text.CLK_EnablePLL) refers to clk.o(.text.CLK_DisablePLL) for CLK_DisablePLL
    clk.o(.text.CLK_EnablePLL) refers to clk.o(.text.CLK_WaitClockReady) for CLK_WaitClockReady
    clk.o(.ARM.exidx.text.CLK_EnablePLL) refers to clk.o(.text.CLK_EnablePLL) for [Anonymous Symbol]
    clk.o(.text.CLK_SetHCLK) refers to clk.o(.text.CLK_WaitClockReady) for CLK_WaitClockReady
    clk.o(.text.CLK_SetHCLK) refers to system_m2351.o(.text.SystemCoreClockUpdate) for SystemCoreClockUpdate
    clk.o(.ARM.exidx.text.CLK_SetHCLK) refers to clk.o(.text.CLK_SetHCLK) for [Anonymous Symbol]
    clk.o(.text.CLK_SetModuleClock) refers to clk.o(.rodata.cst16) for .L__const.CLK_SetModuleClock.au32SelTbl
    clk.o(.ARM.exidx.text.CLK_SetModuleClock) refers to clk.o(.text.CLK_SetModuleClock) for [Anonymous Symbol]
    clk.o(.ARM.exidx.text.CLK_SetSysTickClockSrc) refers to clk.o(.text.CLK_SetSysTickClockSrc) for [Anonymous Symbol]
    clk.o(.ARM.exidx.text.CLK_EnableXtalRC) refers to clk.o(.text.CLK_EnableXtalRC) for [Anonymous Symbol]
    clk.o(.ARM.exidx.text.CLK_DisableXtalRC) refers to clk.o(.text.CLK_DisableXtalRC) for [Anonymous Symbol]
    clk.o(.ARM.exidx.text.CLK_EnableModuleClock) refers to clk.o(.text.CLK_EnableModuleClock) for [Anonymous Symbol]
    clk.o(.ARM.exidx.text.CLK_DisableModuleClock) refers to clk.o(.text.CLK_DisableModuleClock) for [Anonymous Symbol]
    clk.o(.ARM.exidx.text.CLK_DisablePLL) refers to clk.o(.text.CLK_DisablePLL) for [Anonymous Symbol]
    clk.o(.ARM.exidx.text.CLK_EnableSysTick) refers to clk.o(.text.CLK_EnableSysTick) for [Anonymous Symbol]
    clk.o(.ARM.exidx.text.CLK_DisableSysTick) refers to clk.o(.text.CLK_DisableSysTick) for [Anonymous Symbol]
    clk.o(.ARM.exidx.text.CLK_SetPowerDownMode) refers to clk.o(.text.CLK_SetPowerDownMode) for [Anonymous Symbol]
    clk.o(.ARM.exidx.text.CLK_EnableDPDWKPin) refers to clk.o(.text.CLK_EnableDPDWKPin) for [Anonymous Symbol]
    clk.o(.ARM.exidx.text.CLK_GetPMUWKSrc) refers to clk.o(.text.CLK_GetPMUWKSrc) for [Anonymous Symbol]
    clk.o(.ARM.exidx.text.CLK_EnableSPDWKPin) refers to clk.o(.text.CLK_EnableSPDWKPin) for [Anonymous Symbol]
    clk.o(.ARM.exidx.text.CLK_GetPLLClockFreq) refers to clk.o(.text.CLK_GetPLLClockFreq) for [Anonymous Symbol]
    clk.o(.text.CLK_GetModuleClockSource) refers to clk.o(.rodata.cst16) for .L__const.CLK_GetModuleClockSource.au32SelTbl
    clk.o(.ARM.exidx.text.CLK_GetModuleClockSource) refers to clk.o(.text.CLK_GetModuleClockSource) for [Anonymous Symbol]
    clk.o(.text.CLK_GetModuleClockDivider) refers to clk.o(.rodata.cst16) for .L__const.CLK_GetModuleClockDivider.au32DivTbl
    clk.o(.ARM.exidx.text.CLK_GetModuleClockDivider) refers to clk.o(.text.CLK_GetModuleClockDivider) for [Anonymous Symbol]
    sys.o(.ARM.exidx.text.SYS_ClearResetSrc) refers to sys.o(.text.SYS_ClearResetSrc) for [Anonymous Symbol]
    sys.o(.ARM.exidx.text.SYS_GetBODStatus) refers to sys.o(.text.SYS_GetBODStatus) for [Anonymous Symbol]
    sys.o(.ARM.exidx.text.SYS_GetResetSrc) refers to sys.o(.text.SYS_GetResetSrc) for [Anonymous Symbol]
    sys.o(.ARM.exidx.text.SYS_IsRegLocked) refers to sys.o(.text.SYS_IsRegLocked) for [Anonymous Symbol]
    sys.o(.ARM.exidx.text.SYS_ReadPDID) refers to sys.o(.text.SYS_ReadPDID) for [Anonymous Symbol]
    sys.o(.ARM.exidx.text.SYS_ResetChip) refers to sys.o(.text.SYS_ResetChip) for [Anonymous Symbol]
    sys.o(.ARM.exidx.text.SYS_ResetCPU) refers to sys.o(.text.SYS_ResetCPU) for [Anonymous Symbol]
    sys.o(.ARM.exidx.text.SYS_ResetModule) refers to sys.o(.text.SYS_ResetModule) for [Anonymous Symbol]
    sys.o(.ARM.exidx.text.SYS_EnableBOD) refers to sys.o(.text.SYS_EnableBOD) for [Anonymous Symbol]
    sys.o(.ARM.exidx.text.SYS_DisableBOD) refers to sys.o(.text.SYS_DisableBOD) for [Anonymous Symbol]
    sys.o(.ARM.exidx.text.SYS_SetPowerLevel) refers to sys.o(.text.SYS_SetPowerLevel) for [Anonymous Symbol]
    sys.o(.ARM.exidx.text.SYS_SetPowerRegulator) refers to sys.o(.text.SYS_SetPowerRegulator) for [Anonymous Symbol]
    sys.o(.ARM.exidx.text.SYS_SetSSRAMPowerMode) refers to sys.o(.text.SYS_SetSSRAMPowerMode) for [Anonymous Symbol]
    sys.o(.ARM.exidx.text.SYS_SetPSRAMPowerMode) refers to sys.o(.text.SYS_SetPSRAMPowerMode) for [Anonymous Symbol]
    entry.o(.ARM.Collect$$$$00000000) refers (Special) to entry10a.o(.ARM.Collect$$$$0000000D) for __rt_final_cpp
    entry.o(.ARM.Collect$$$$00000000) refers (Special) to entry11a.o(.ARM.Collect$$$$0000000F) for __rt_final_exit
    entry.o(.ARM.Collect$$$$00000000) refers (Special) to entry7b.o(.ARM.Collect$$$$00000008) for _main_clock
    entry.o(.ARM.Collect$$$$00000000) refers (Special) to entry8b.o(.ARM.Collect$$$$0000000A) for _main_cpp_init
    entry.o(.ARM.Collect$$$$00000000) refers (Special) to entry9a.o(.ARM.Collect$$$$0000000B) for _main_init
    entry.o(.ARM.Collect$$$$00000000) refers (Special) to entry5.o(.ARM.Collect$$$$00000004) for _main_scatterload
    entry.o(.ARM.Collect$$$$00000000) refers (Special) to entry2.o(.ARM.Collect$$$$00000001) for _main_stk
    printfa.o(i.__0fprintf) refers (Special) to iusefp.o(.text) for __I$use$fp
    printfa.o(i.__0fprintf) refers to printfa.o(i._printf_core) for _printf_core
    printfa.o(i.__0fprintf) refers to retarget.o(.text.fputc) for fputc
    printfa.o(i.__0printf) refers (Special) to iusefp.o(.text) for __I$use$fp
    printfa.o(i.__0printf) refers to printfa.o(i._printf_core) for _printf_core
    printfa.o(i.__0printf) refers to retarget.o(.text.fputc) for fputc
    printfa.o(i.__0printf) refers to retarget.o(.bss.__stdout) for __stdout
    printfa.o(i.__0snprintf) refers (Special) to iusefp.o(.text) for __I$use$fp
    printfa.o(i.__0snprintf) refers to printfa.o(i._printf_core) for _printf_core
    printfa.o(i.__0snprintf) refers to printfa.o(i._snputc) for _snputc
    printfa.o(i.__0sprintf) refers (Special) to iusefp.o(.text) for __I$use$fp
    printfa.o(i.__0sprintf) refers to printfa.o(i._printf_core) for _printf_core
    printfa.o(i.__0sprintf) refers to printfa.o(i._sputc) for _sputc
    printfa.o(i.__0vfprintf) refers (Special) to iusefp.o(.text) for __I$use$fp
    printfa.o(i.__0vfprintf) refers to printfa.o(i._printf_core) for _printf_core
    printfa.o(i.__0vfprintf) refers to retarget.o(.text.fputc) for fputc
    printfa.o(i.__0vprintf) refers (Special) to iusefp.o(.text) for __I$use$fp
    printfa.o(i.__0vprintf) refers to printfa.o(i._printf_core) for _printf_core
    printfa.o(i.__0vprintf) refers to retarget.o(.text.fputc) for fputc
    printfa.o(i.__0vprintf) refers to retarget.o(.bss.__stdout) for __stdout
    printfa.o(i.__0vsnprintf) refers (Special) to iusefp.o(.text) for __I$use$fp
    printfa.o(i.__0vsnprintf) refers to printfa.o(i._printf_core) for _printf_core
    printfa.o(i.__0vsnprintf) refers to printfa.o(i._snputc) for _snputc
    printfa.o(i.__0vsprintf) refers (Special) to iusefp.o(.text) for __I$use$fp
    printfa.o(i.__0vsprintf) refers to printfa.o(i._printf_core) for _printf_core
    printfa.o(i.__0vsprintf) refers to printfa.o(i._sputc) for _sputc
    printfa.o(i._fp_digits) refers (Special) to iusefp.o(.text) for __I$use$fp
    printfa.o(i._fp_digits) refers to dmul.o(.text) for __aeabi_dmul
    printfa.o(i._fp_digits) refers to ddiv.o(.text) for __aeabi_ddiv
    printfa.o(i._fp_digits) refers to cdrcmple.o(.text) for __aeabi_cdrcmple
    printfa.o(i._fp_digits) refers to dadd.o(.text) for __aeabi_dadd
    printfa.o(i._fp_digits) refers to dfixul.o(.text) for __aeabi_d2ulz
    printfa.o(i._fp_digits) refers to uldiv.o(.text) for __aeabi_uldivmod
    printfa.o(i._printf_core) refers (Special) to iusefp.o(.text) for __I$use$fp
    printfa.o(i._printf_core) refers to printfa.o(i._printf_pre_padding) for _printf_pre_padding
    printfa.o(i._printf_core) refers to uldiv.o(.text) for __aeabi_uldivmod
    printfa.o(i._printf_core) refers to printfa.o(i._printf_post_padding) for _printf_post_padding
    printfa.o(i._printf_core) refers to printfa.o(i._fp_digits) for _fp_digits
    printfa.o(i._printf_core) refers to uidiv_div0.o(.text) for __aeabi_uidivmod
    printfa.o(i._printf_post_padding) refers (Special) to iusefp.o(.text) for __I$use$fp
    printfa.o(i._printf_pre_padding) refers (Special) to iusefp.o(.text) for __I$use$fp
    printfa.o(i._snputc) refers (Special) to iusefp.o(.text) for __I$use$fp
    printfa.o(i._sputc) refers (Special) to iusefp.o(.text) for __I$use$fp
    entry2.o(.ARM.Collect$$$$00000001) refers to entry2.o(.ARM.Collect$$$$00002712) for __lit__00000000
    entry2.o(.ARM.Collect$$$$00002712) refers to startup_m2351.o(STACK) for __initial_sp
    entry2.o(__vectab_stack_and_reset_area) refers to startup_m2351.o(STACK) for __initial_sp
    entry2.o(__vectab_stack_and_reset_area) refers to entry.o(.ARM.Collect$$$$00000000) for __main
    entry5.o(.ARM.Collect$$$$00000004) refers to init.o(.text) for __scatterload
    entry9a.o(.ARM.Collect$$$$0000000B) refers to main.o(.text.main) for main
    entry9b.o(.ARM.Collect$$$$0000000C) refers to main.o(.text.main) for main
    uldiv.o(.text) refers to llushr.o(.text) for __aeabi_llsr
    uldiv.o(.text) refers to llshl.o(.text) for __aeabi_llsl
    dadd.o(.text) refers (Special) to iusefp.o(.text) for __I$use$fp
    dadd.o(.text) refers to llshl.o(.text) for __aeabi_llsl
    dadd.o(.text) refers to llsshr.o(.text) for __aeabi_lasr
    dadd.o(.text) refers to depilogue.o(.text) for _double_epilogue
    dmul.o(.text) refers (Special) to iusefp.o(.text) for __I$use$fp
    dmul.o(.text) refers to depilogue.o(.text) for _double_epilogue
    ddiv.o(.text) refers (Special) to iusefp.o(.text) for __I$use$fp
    ddiv.o(.text) refers to depilogue.o(.text) for _double_round
    dfixul.o(.text) refers (Special) to iusefp.o(.text) for __I$use$fp
    dfixul.o(.text) refers to llushr.o(.text) for __aeabi_llsr
    dfixul.o(.text) refers to llshl.o(.text) for __aeabi_llsl
    cdrcmple.o(.text) refers (Special) to iusefp.o(.text) for __I$use$fp
    init.o(.text) refers to entry5.o(.ARM.Collect$$$$00000004) for __main_after_scatterload
    idiv_div0.o(.text) refers to uidiv_div0.o(.text) for __aeabi_uidivmod
    depilogue.o(.text) refers (Special) to iusefp.o(.text) for __I$use$fp
    depilogue.o(.text) refers to depilogue.o(i.__ARM_clz) for __ARM_clz
    depilogue.o(.text) refers to llshl.o(.text) for __aeabi_llsl
    depilogue.o(.text) refers to llushr.o(.text) for __aeabi_llsr
    depilogue.o(i.__ARM_clz) refers (Special) to iusefp.o(.text) for __I$use$fp
    anon$$obj.o(Veneer$$CMSE) refers to clk.o(.text.CLK_GetCPUFreq) for __acle_se_CLK_GetCPUFreq
    anon$$obj.o(Veneer$$CMSE) refers to clk.o(.text.CLK_GetHCLKFreq) for __acle_se_CLK_GetHCLKFreq
    anon$$obj.o(Veneer$$CMSE) refers to clk.o(.text.CLK_GetHXTFreq) for __acle_se_CLK_GetHXTFreq
    anon$$obj.o(Veneer$$CMSE) refers to clk.o(.text.CLK_GetLXTFreq) for __acle_se_CLK_GetLXTFreq
    anon$$obj.o(Veneer$$CMSE) refers to clk.o(.text.CLK_GetModuleClockDivider) for __acle_se_CLK_GetModuleClockDivider
    anon$$obj.o(Veneer$$CMSE) refers to clk.o(.text.CLK_GetModuleClockSource) for __acle_se_CLK_GetModuleClockSource
    anon$$obj.o(Veneer$$CMSE) refers to clk.o(.text.CLK_GetPCLK0Freq) for __acle_se_CLK_GetPCLK0Freq
    anon$$obj.o(Veneer$$CMSE) refers to clk.o(.text.CLK_GetPCLK1Freq) for __acle_se_CLK_GetPCLK1Freq
    anon$$obj.o(Veneer$$CMSE) refers to clk.o(.text.CLK_GetPLLClockFreq) for __acle_se_CLK_GetPLLClockFreq


==============================================================================

Removing Unused input sections from the image.

    Removing main.o(.text), (0 bytes).
    Removing main.o(.ARM.exidx.text.SysTick_Handler), (8 bytes).
    Removing main.o(.ARM.exidx.text.Boot_Init), (8 bytes).
    Removing main.o(.ARM.exidx.text.main), (8 bytes).
    Removing main.o(.ARM.exidx.text.SYS_UnlockReg), (8 bytes).
    Removing main.o(.ARM.exidx.text.SYS_Init), (8 bytes).
    Removing main.o(.ARM.exidx.text.DEBUG_PORT_Init), (8 bytes).
    Removing main.o(.ARM.exidx.text.SysTick_Config), (8 bytes).
    Removing main.o(.ARM.exidx.text.__NVIC_SetPriority), (8 bytes).
    Removing main.o(.ARM.use_no_argv), (4 bytes).
    Removing system_m2351.o(.text), (0 bytes).
    Removing system_m2351.o(.ARM.exidx.text.FMC_NSBA_Setup), (8 bytes).
    Removing system_m2351.o(.ARM.exidx.text.SYS_UnlockReg), (8 bytes).
    Removing system_m2351.o(.ARM.exidx.text.SCU_Setup), (8 bytes).
    Removing system_m2351.o(.ARM.exidx.text.__NVIC_EnableIRQ), (8 bytes).
    Removing system_m2351.o(.ARM.exidx.text.SCU_IRQHandler), (8 bytes).
    Removing system_m2351.o(.ARM.exidx.text.NSC_Init), (8 bytes).
    Removing system_m2351.o(.ARM.exidx.text.TZ_SAU_Setup), (8 bytes).
    Removing system_m2351.o(.ARM.exidx.text.SystemCoreClockUpdate), (8 bytes).
    Removing system_m2351.o(.ARM.exidx.text.SystemInit), (8 bytes).
    Removing startup_m2351.o(HEAP), (10240 bytes).
    Removing retarget.o(.text), (0 bytes).
    Removing retarget.o(.ARM.exidx.text.ProcessHardFault), (8 bytes).
    Removing retarget.o(.ARM.exidx.text.SH_Return), (8 bytes).
    Removing retarget.o(.ARM.exidx.text.SendChar_ToUART), (8 bytes).
    Removing retarget.o(.ARM.exidx.text.SendChar), (8 bytes).
    Removing retarget.o(.text.GetChar), (32 bytes).
    Removing retarget.o(.ARM.exidx.text.GetChar), (8 bytes).
    Removing retarget.o(.text.kbhit), (20 bytes).
    Removing retarget.o(.ARM.exidx.text.kbhit), (8 bytes).
    Removing retarget.o(.text.IsDebugFifoEmpty), (20 bytes).
    Removing retarget.o(.ARM.exidx.text.IsDebugFifoEmpty), (8 bytes).
    Removing retarget.o(.text._ttywrch), (16 bytes).
    Removing retarget.o(.ARM.exidx.text._ttywrch), (8 bytes).
    Removing retarget.o(.ARM.exidx.text.fputc), (8 bytes).
    Removing retarget.o(.text.fgetc), (14 bytes).
    Removing retarget.o(.ARM.exidx.text.fgetc), (8 bytes).
    Removing retarget.o(.text.ferror), (12 bytes).
    Removing retarget.o(.ARM.exidx.text.ferror), (8 bytes).
    Removing retarget.o(.bss.__stdin), (84 bytes).
    Removing clk.o(.text), (0 bytes).
    Removing clk.o(.text.CLK_DisableCKO), (16 bytes).
    Removing clk.o(.ARM.exidx.text.CLK_DisableCKO), (8 bytes).
    Removing clk.o(.text.CLK_EnableCKO), (68 bytes).
    Removing clk.o(.ARM.exidx.text.CLK_EnableCKO), (8 bytes).
    Removing clk.o(.text.CLK_PowerDown), (32 bytes).
    Removing clk.o(.ARM.exidx.text.CLK_PowerDown), (8 bytes).
    Removing clk.o(.text.CLK_Idle), (32 bytes).
    Removing clk.o(.ARM.exidx.text.CLK_Idle), (8 bytes).
    Removing clk.o(.ARM.exidx.text.CLK_GetHXTFreq), (8 bytes).
    Removing clk.o(.ARM.exidx.text.CLK_GetLXTFreq), (8 bytes).
    Removing clk.o(.ARM.exidx.text.CLK_GetHCLKFreq), (8 bytes).
    Removing clk.o(.ARM.exidx.text.CLK_GetPCLK0Freq), (8 bytes).
    Removing clk.o(.ARM.exidx.text.CLK_GetPCLK1Freq), (8 bytes).
    Removing clk.o(.ARM.exidx.text.CLK_GetCPUFreq), (8 bytes).
    Removing clk.o(.text.CLK_SetCoreClock), (280 bytes).
    Removing clk.o(.ARM.exidx.text.CLK_SetCoreClock), (8 bytes).
    Removing clk.o(.text.CLK_WaitClockReady), (64 bytes).
    Removing clk.o(.ARM.exidx.text.CLK_WaitClockReady), (8 bytes).
    Removing clk.o(.text.CLK_EnablePLL), (536 bytes).
    Removing clk.o(.ARM.exidx.text.CLK_EnablePLL), (8 bytes).
    Removing clk.o(.text.CLK_SetHCLK), (160 bytes).
    Removing clk.o(.ARM.exidx.text.CLK_SetHCLK), (8 bytes).
    Removing clk.o(.text.CLK_SetModuleClock), (188 bytes).
    Removing clk.o(.ARM.exidx.text.CLK_SetModuleClock), (8 bytes).
    Removing clk.o(.text.CLK_SetSysTickClockSrc), (28 bytes).
    Removing clk.o(.ARM.exidx.text.CLK_SetSysTickClockSrc), (8 bytes).
    Removing clk.o(.text.CLK_EnableXtalRC), (24 bytes).
    Removing clk.o(.ARM.exidx.text.CLK_EnableXtalRC), (8 bytes).
    Removing clk.o(.text.CLK_DisableXtalRC), (24 bytes).
    Removing clk.o(.ARM.exidx.text.CLK_DisableXtalRC), (8 bytes).
    Removing clk.o(.text.CLK_EnableModuleClock), (56 bytes).
    Removing clk.o(.ARM.exidx.text.CLK_EnableModuleClock), (8 bytes).
    Removing clk.o(.text.CLK_DisableModuleClock), (60 bytes).
    Removing clk.o(.ARM.exidx.text.CLK_DisableModuleClock), (8 bytes).
    Removing clk.o(.text.CLK_DisablePLL), (20 bytes).
    Removing clk.o(.ARM.exidx.text.CLK_DisablePLL), (8 bytes).
    Removing clk.o(.text.CLK_EnableSysTick), (92 bytes).
    Removing clk.o(.ARM.exidx.text.CLK_EnableSysTick), (8 bytes).
    Removing clk.o(.text.CLK_DisableSysTick), (12 bytes).
    Removing clk.o(.ARM.exidx.text.CLK_DisableSysTick), (8 bytes).
    Removing clk.o(.text.CLK_SetPowerDownMode), (28 bytes).
    Removing clk.o(.ARM.exidx.text.CLK_SetPowerDownMode), (8 bytes).
    Removing clk.o(.text.CLK_EnableDPDWKPin), (28 bytes).
    Removing clk.o(.ARM.exidx.text.CLK_EnableDPDWKPin), (8 bytes).
    Removing clk.o(.text.CLK_GetPMUWKSrc), (12 bytes).
    Removing clk.o(.ARM.exidx.text.CLK_GetPMUWKSrc), (8 bytes).
    Removing clk.o(.text.CLK_EnableSPDWKPin), (80 bytes).
    Removing clk.o(.ARM.exidx.text.CLK_EnableSPDWKPin), (8 bytes).
    Removing clk.o(.ARM.exidx.text.CLK_GetPLLClockFreq), (8 bytes).
    Removing clk.o(.ARM.exidx.text.CLK_GetModuleClockSource), (8 bytes).
    Removing clk.o(.ARM.exidx.text.CLK_GetModuleClockDivider), (8 bytes).
    Removing clk.o(.rodata.cst4), (8 bytes).
    Removing sys.o(.text), (0 bytes).
    Removing sys.o(.text.SYS_ClearResetSrc), (20 bytes).
    Removing sys.o(.ARM.exidx.text.SYS_ClearResetSrc), (8 bytes).
    Removing sys.o(.text.SYS_GetBODStatus), (16 bytes).
    Removing sys.o(.ARM.exidx.text.SYS_GetBODStatus), (8 bytes).
    Removing sys.o(.text.SYS_GetResetSrc), (12 bytes).
    Removing sys.o(.ARM.exidx.text.SYS_GetResetSrc), (8 bytes).
    Removing sys.o(.text.SYS_IsRegLocked), (20 bytes).
    Removing sys.o(.ARM.exidx.text.SYS_IsRegLocked), (8 bytes).
    Removing sys.o(.text.SYS_ReadPDID), (8 bytes).
    Removing sys.o(.ARM.exidx.text.SYS_ReadPDID), (8 bytes).
    Removing sys.o(.text.SYS_ResetChip), (16 bytes).
    Removing sys.o(.ARM.exidx.text.SYS_ResetChip), (8 bytes).
    Removing sys.o(.text.SYS_ResetCPU), (16 bytes).
    Removing sys.o(.ARM.exidx.text.SYS_ResetCPU), (8 bytes).
    Removing sys.o(.text.SYS_ResetModule), (80 bytes).
    Removing sys.o(.ARM.exidx.text.SYS_ResetModule), (8 bytes).
    Removing sys.o(.text.SYS_EnableBOD), (52 bytes).
    Removing sys.o(.ARM.exidx.text.SYS_EnableBOD), (8 bytes).
    Removing sys.o(.text.SYS_DisableBOD), (16 bytes).
    Removing sys.o(.ARM.exidx.text.SYS_DisableBOD), (8 bytes).
    Removing sys.o(.text.SYS_SetPowerLevel), (28 bytes).
    Removing sys.o(.ARM.exidx.text.SYS_SetPowerLevel), (8 bytes).
    Removing sys.o(.text.SYS_SetPowerRegulator), (188 bytes).
    Removing sys.o(.ARM.exidx.text.SYS_SetPowerRegulator), (8 bytes).
    Removing sys.o(.text.SYS_SetSSRAMPowerMode), (72 bytes).
    Removing sys.o(.ARM.exidx.text.SYS_SetSSRAMPowerMode), (8 bytes).
    Removing sys.o(.text.SYS_SetPSRAMPowerMode), (72 bytes).
    Removing sys.o(.ARM.exidx.text.SYS_SetPSRAMPowerMode), (8 bytes).

122 unused section(s) (total 13482 bytes) removed from the image.

==============================================================================

Image Symbol Table

    Local Symbols

    Symbol Name                              Value     Ov Type        Size  Object(Section)

    ../clib/../cmprslib/zerorunl2.c          0x00000000   Number         0  __dczerorl2.o ABSOLUTE
    ../clib/division.s                       0x00000000   Number         0  aeabi_sdiv.o ABSOLUTE
    ../clib/division.s                       0x00000000   Number         0  aeabi_sdiv_div0.o ABSOLUTE
    ../clib/microlib/division.c              0x00000000   Number         0  uidiv.o ABSOLUTE
    ../clib/microlib/division.c              0x00000000   Number         0  uldiv.o ABSOLUTE
    ../clib/microlib/division.c              0x00000000   Number         0  uidiv_div0.o ABSOLUTE
    ../clib/microlib/division.c              0x00000000   Number         0  idiv_div0.o ABSOLUTE
    ../clib/microlib/division.c              0x00000000   Number         0  idiv0.o ABSOLUTE
    ../clib/microlib/init/entry.s            0x00000000   Number         0  entry.o ABSOLUTE
    ../clib/microlib/init/entry.s            0x00000000   Number         0  entry2.o ABSOLUTE
    ../clib/microlib/init/entry.s            0x00000000   Number         0  entry5.o ABSOLUTE
    ../clib/microlib/init/entry.s            0x00000000   Number         0  entry7a.o ABSOLUTE
    ../clib/microlib/init/entry.s            0x00000000   Number         0  entry7b.o ABSOLUTE
    ../clib/microlib/init/entry.s            0x00000000   Number         0  entry8a.o ABSOLUTE
    ../clib/microlib/init/entry.s            0x00000000   Number         0  entry8b.o ABSOLUTE
    ../clib/microlib/init/entry.s            0x00000000   Number         0  entry9a.o ABSOLUTE
    ../clib/microlib/init/entry.s            0x00000000   Number         0  entry9b.o ABSOLUTE
    ../clib/microlib/init/entry.s            0x00000000   Number         0  entry10a.o ABSOLUTE
    ../clib/microlib/init/entry.s            0x00000000   Number         0  entry10b.o ABSOLUTE
    ../clib/microlib/init/entry.s            0x00000000   Number         0  entry11a.o ABSOLUTE
    ../clib/microlib/init/entry.s            0x00000000   Number         0  entry11b.o ABSOLUTE
    ../clib/microlib/longlong.c              0x00000000   Number         0  llshl.o ABSOLUTE
    ../clib/microlib/longlong.c              0x00000000   Number         0  llushr.o ABSOLUTE
    ../clib/microlib/longlong.c              0x00000000   Number         0  llsshr.o ABSOLUTE
    ../clib/microlib/printf/printf.c         0x00000000   Number         0  printfa.o ABSOLUTE
    ../clib/microlib/string/memcpy.c         0x00000000   Number         0  memcpya.o ABSOLUTE
    ../clib/microlib/string/memcpy.c         0x00000000   Number         0  memcpyb.o ABSOLUTE
    ../clib/microlib/string/memset.c         0x00000000   Number         0  memseta.o ABSOLUTE
    ../clib/microlib/stubs.s                 0x00000000   Number         0  iusefp.o ABSOLUTE
    ../fplib/microlib/fpadd.c                0x00000000   Number         0  dadd.o ABSOLUTE
    ../fplib/microlib/fpdiv.c                0x00000000   Number         0  ddiv.o ABSOLUTE
    ../fplib/microlib/fpepilogue.c           0x00000000   Number         0  depilogue.o ABSOLUTE
    ../fplib/microlib/fpfix.c                0x00000000   Number         0  dfixul.o ABSOLUTE
    ../fplib/microlib/fpmul.c                0x00000000   Number         0  dmul.o ABSOLUTE
    ..\..\..\..\..\Library\Device\Nuvoton\M2351\Source\ARM\startup_M2351.s 0x00000000   Number         0  startup_m2351.o ABSOLUTE
    cdrcmple.s                               0x00000000   Number         0  cdrcmple.o ABSOLUTE
    clk.c                                    0x00000000   Number         0  clk.o ABSOLUTE
    dc.s                                     0x00000000   Number         0  dc.o ABSOLUTE
    handlers.s                               0x00000000   Number         0  handlers.o ABSOLUTE
    init.s                                   0x00000000   Number         0  init.o ABSOLUTE
    main.c                                   0x00000000   Number         0  main.o ABSOLUTE
    retarget.c                               0x00000000   Number         0  retarget.o ABSOLUTE
    sys.c                                    0x00000000   Number         0  sys.o ABSOLUTE
    system_M2351.c                           0x00000000   Number         0  system_m2351.o ABSOLUTE
    RESET                                    0x00000000   Section      472  startup_m2351.o(RESET)
    .ARM.Collect$$$$00000000                 0x000001d8   Section        0  entry.o(.ARM.Collect$$$$00000000)
    .ARM.Collect$$$$00000001                 0x000001d8   Section        4  entry2.o(.ARM.Collect$$$$00000001)
    .ARM.Collect$$$$00000004                 0x000001dc   Section        4  entry5.o(.ARM.Collect$$$$00000004)
    .ARM.Collect$$$$00000008                 0x000001e0   Section        0  entry7b.o(.ARM.Collect$$$$00000008)
    .ARM.Collect$$$$0000000A                 0x000001e0   Section        0  entry8b.o(.ARM.Collect$$$$0000000A)
    .ARM.Collect$$$$0000000B                 0x000001e0   Section        8  entry9a.o(.ARM.Collect$$$$0000000B)
    __lit__00000000                          0x000001e8   Data           4  entry2.o(.ARM.Collect$$$$00002712)
    .ARM.Collect$$$$0000000D                 0x000001e8   Section        0  entry10a.o(.ARM.Collect$$$$0000000D)
    .ARM.Collect$$$$0000000F                 0x000001e8   Section        0  entry11a.o(.ARM.Collect$$$$0000000F)
    .ARM.Collect$$$$00002712                 0x000001e8   Section        4  entry2.o(.ARM.Collect$$$$00002712)
    .text                                    0x000001ec   Section       68  startup_m2351.o(.text)
    .text                                    0x00000230   Section        0  memcpya.o(.text)
    .text                                    0x00000254   Section        0  memseta.o(.text)
    .text                                    0x00000278   Section        0  uldiv.o(.text)
    .text                                    0x000002d8   Section        0  iusefp.o(.text)
    .text                                    0x000002d8   Section        0  dadd.o(.text)
    .text                                    0x0000043c   Section        0  dmul.o(.text)
    .text                                    0x0000050c   Section        0  ddiv.o(.text)
    .text                                    0x000005fc   Section        0  dfixul.o(.text)
    .text                                    0x0000063c   Section       40  cdrcmple.o(.text)
    .text                                    0x00000664   Section       36  init.o(.text)
    .text                                    0x00000688   Section        0  uidiv_div0.o(.text)
    .text                                    0x000006c6   Section        0  llshl.o(.text)
    .text                                    0x000006e6   Section        0  llushr.o(.text)
    .text                                    0x00000708   Section        0  llsshr.o(.text)
    .text                                    0x0000072e   Section        0  depilogue.o(.text)
    .text                                    0x000007ec   Section        0  __dczerorl2.o(.text)
    [Anonymous Symbol]                       0x00000844   Section        0  main.o(.text.Boot_Init)
    __arm_cp.1_0                             0x00000938   Number         4  main.o(.text.Boot_Init)
    __arm_cp.1_1                             0x0000093c   Number         4  main.o(.text.Boot_Init)
    __arm_cp.1_2                             0x00000940   Number         4  main.o(.text.Boot_Init)
    __arm_cp.1_3                             0x00000944   Number         4  main.o(.text.Boot_Init)
    __arm_cp.1_4                             0x00000948   Number         4  main.o(.text.Boot_Init)
    __arm_cp.1_5                             0x0000094c   Number         4  main.o(.text.Boot_Init)
    __arm_cp.1_6                             0x00000950   Number         4  main.o(.text.Boot_Init)
    __arm_cp.1_7                             0x00000954   Number         4  main.o(.text.Boot_Init)
    [Anonymous Symbol]                       0x00000958   Section        0  clk.o(.text.CLK_GetCPUFreq)
    __arm_cp.9_0                             0x00000ab8   Number         4  clk.o(.text.CLK_GetCPUFreq)
    __arm_cp.9_1                             0x00000abc   Number         4  clk.o(.text.CLK_GetCPUFreq)
    __arm_cp.9_2                             0x00000ac0   Number         4  clk.o(.text.CLK_GetCPUFreq)
    __arm_cp.9_3                             0x00000ac4   Number         4  clk.o(.text.CLK_GetCPUFreq)
    __arm_cp.9_5                             0x00000ac8   Number         4  clk.o(.text.CLK_GetCPUFreq)
    __arm_cp.9_6                             0x00000acc   Number         4  clk.o(.text.CLK_GetCPUFreq)
    __arm_cp.9_8                             0x00000ad0   Number         4  clk.o(.text.CLK_GetCPUFreq)
    __arm_cp.9_11                            0x00000ad4   Number         4  clk.o(.text.CLK_GetCPUFreq)
    __arm_cp.9_12                            0x00000ad8   Number         4  clk.o(.text.CLK_GetCPUFreq)
    __arm_cp.9_13                            0x00000adc   Number         4  clk.o(.text.CLK_GetCPUFreq)
    [Anonymous Symbol]                       0x00000ae0   Section        0  clk.o(.text.CLK_GetHCLKFreq)
    [Anonymous Symbol]                       0x00000b00   Section        0  clk.o(.text.CLK_GetHXTFreq)
    __arm_cp.4_1                             0x00000b38   Number         4  clk.o(.text.CLK_GetHXTFreq)
    [Anonymous Symbol]                       0x00000b3c   Section        0  clk.o(.text.CLK_GetLXTFreq)
    __arm_cp.5_0                             0x00000b74   Number         4  clk.o(.text.CLK_GetLXTFreq)
    [Anonymous Symbol]                       0x00000b78   Section        0  clk.o(.text.CLK_GetModuleClockDivider)
    __arm_cp.29_0                            0x00000bdc   Number         4  clk.o(.text.CLK_GetModuleClockDivider)
    __arm_cp.29_1                            0x00000be0   Number         4  clk.o(.text.CLK_GetModuleClockDivider)
    [Anonymous Symbol]                       0x00000be4   Section        0  clk.o(.text.CLK_GetModuleClockSource)
    __arm_cp.28_0                            0x00000cb4   Number         4  clk.o(.text.CLK_GetModuleClockSource)
    __arm_cp.28_1                            0x00000cb8   Number         4  clk.o(.text.CLK_GetModuleClockSource)
    __arm_cp.28_2                            0x00000cbc   Number         4  clk.o(.text.CLK_GetModuleClockSource)
    __arm_cp.28_3                            0x00000cc0   Number         4  clk.o(.text.CLK_GetModuleClockSource)
    __arm_cp.28_4                            0x00000cc4   Number         4  clk.o(.text.CLK_GetModuleClockSource)
    __arm_cp.28_5                            0x00000cc8   Number         4  clk.o(.text.CLK_GetModuleClockSource)
    __arm_cp.28_6                            0x00000ccc   Number         4  clk.o(.text.CLK_GetModuleClockSource)
    [Anonymous Symbol]                       0x00000cd0   Section        0  clk.o(.text.CLK_GetPCLK0Freq)
    [Anonymous Symbol]                       0x00000cf8   Section        0  clk.o(.text.CLK_GetPCLK1Freq)
    __arm_cp.8_0                             0x00000d24   Number         4  clk.o(.text.CLK_GetPCLK1Freq)
    __arm_cp.8_1                             0x00000d28   Number         4  clk.o(.text.CLK_GetPCLK1Freq)
    [Anonymous Symbol]                       0x00000d2c   Section        0  clk.o(.text.CLK_GetPLLClockFreq)
    __arm_cp.27_0                            0x00000dcc   Number         4  clk.o(.text.CLK_GetPLLClockFreq)
    __arm_cp.27_1                            0x00000dd0   Number         4  clk.o(.text.CLK_GetPLLClockFreq)
    __arm_cp.27_2                            0x00000dd4   Number         4  clk.o(.text.CLK_GetPLLClockFreq)
    __arm_cp.27_3                            0x00000dd8   Number         4  clk.o(.text.CLK_GetPLLClockFreq)
    [Anonymous Symbol]                       0x00000ddc   Section        0  main.o(.text.DEBUG_PORT_Init)
    __arm_cp.5_0                             0x00000dec   Number         4  main.o(.text.DEBUG_PORT_Init)
    __arm_cp.5_1                             0x00000df0   Number         4  main.o(.text.DEBUG_PORT_Init)
    __arm_cp.5_2                             0x00000df4   Number         4  main.o(.text.DEBUG_PORT_Init)
    [Anonymous Symbol]                       0x00000df8   Section        0  system_m2351.o(.text.FMC_NSBA_Setup)
    __arm_cp.0_0                             0x00000e98   Number         4  system_m2351.o(.text.FMC_NSBA_Setup)
    __arm_cp.0_1                             0x00000e9c   Number         4  system_m2351.o(.text.FMC_NSBA_Setup)
    __arm_cp.0_2                             0x00000ea0   Number         4  system_m2351.o(.text.FMC_NSBA_Setup)
    __arm_cp.0_3                             0x00000ea4   Number         4  system_m2351.o(.text.FMC_NSBA_Setup)
    __arm_cp.0_4                             0x00000ea8   Number         4  system_m2351.o(.text.FMC_NSBA_Setup)
    __arm_cp.0_5                             0x00000eac   Number         4  system_m2351.o(.text.FMC_NSBA_Setup)
    __arm_cp.0_6                             0x00000eb0   Number         4  system_m2351.o(.text.FMC_NSBA_Setup)
    __arm_cp.0_7                             0x00000eb4   Number         4  system_m2351.o(.text.FMC_NSBA_Setup)
    [Anonymous Symbol]                       0x00000eb8   Section        0  system_m2351.o(.text.NSC_Init)
    __arm_cp.5_0                             0x00000eec   Number         4  system_m2351.o(.text.NSC_Init)
    __arm_cp.5_1                             0x00000ef0   Number         4  system_m2351.o(.text.NSC_Init)
    __arm_cp.5_2                             0x00000ef4   Number         4  system_m2351.o(.text.NSC_Init)
    __arm_cp.5_3                             0x00000ef8   Number         4  system_m2351.o(.text.NSC_Init)
    __arm_cp.5_4                             0x00000efc   Number         4  system_m2351.o(.text.NSC_Init)
    [Anonymous Symbol]                       0x00000f00   Section        0  retarget.o(.text.ProcessHardFault)
    __arm_cp.0_20                            0x00001350   Number         4  retarget.o(.text.ProcessHardFault)
    __arm_cp.0_21                            0x00001354   Number         4  retarget.o(.text.ProcessHardFault)
    __arm_cp.0_22                            0x00001358   Number         4  retarget.o(.text.ProcessHardFault)
    __arm_cp.0_23                            0x0000135c   Number         4  retarget.o(.text.ProcessHardFault)
    __arm_cp.0_24                            0x00001360   Number         4  retarget.o(.text.ProcessHardFault)
    __arm_cp.0_0                             0x0000156c   Number         4  retarget.o(.text.ProcessHardFault)
    __arm_cp.0_5                             0x00001570   Number         4  retarget.o(.text.ProcessHardFault)
    __arm_cp.0_6                             0x00001574   Number         4  retarget.o(.text.ProcessHardFault)
    __arm_cp.0_7                             0x00001578   Number         4  retarget.o(.text.ProcessHardFault)
    __arm_cp.0_8                             0x0000157c   Number         4  retarget.o(.text.ProcessHardFault)
    __arm_cp.0_9                             0x00001580   Number         4  retarget.o(.text.ProcessHardFault)
    __arm_cp.0_11                            0x00001584   Number         4  retarget.o(.text.ProcessHardFault)
    __arm_cp.0_13                            0x00001588   Number         4  retarget.o(.text.ProcessHardFault)
    __arm_cp.0_14                            0x0000158c   Number         4  retarget.o(.text.ProcessHardFault)
    __arm_cp.0_15                            0x00001590   Number         4  retarget.o(.text.ProcessHardFault)
    __arm_cp.0_16                            0x00001594   Number         4  retarget.o(.text.ProcessHardFault)
    __arm_cp.0_17                            0x00001598   Number         4  retarget.o(.text.ProcessHardFault)
    __arm_cp.0_18                            0x0000159c   Number         4  retarget.o(.text.ProcessHardFault)
    [Anonymous Symbol]                       0x000015a0   Section        0  system_m2351.o(.text.SCU_IRQHandler)
    __arm_cp.4_0                             0x00001650   Number         4  system_m2351.o(.text.SCU_IRQHandler)
    __arm_cp.4_1                             0x00001654   Number         4  system_m2351.o(.text.SCU_IRQHandler)
    __arm_cp.4_2                             0x00001658   Number         4  system_m2351.o(.text.SCU_IRQHandler)
    __arm_cp.4_3                             0x0000165c   Number         4  system_m2351.o(.text.SCU_IRQHandler)
    __arm_cp.4_4                             0x00001660   Number         4  system_m2351.o(.text.SCU_IRQHandler)
    __arm_cp.4_5                             0x00001664   Number         4  system_m2351.o(.text.SCU_IRQHandler)
    __arm_cp.4_6                             0x00001668   Number         4  system_m2351.o(.text.SCU_IRQHandler)
    __arm_cp.4_7                             0x0000166c   Number         4  system_m2351.o(.text.SCU_IRQHandler)
    __arm_cp.4_8                             0x00001670   Number         4  system_m2351.o(.text.SCU_IRQHandler)
    __arm_cp.4_10                            0x00001674   Number         4  system_m2351.o(.text.SCU_IRQHandler)
    __arm_cp.4_11                            0x00001678   Number         4  system_m2351.o(.text.SCU_IRQHandler)
    [Anonymous Symbol]                       0x0000167c   Section        0  system_m2351.o(.text.SCU_Setup)
    __arm_cp.2_0                             0x0000191c   Number         4  system_m2351.o(.text.SCU_Setup)
    __arm_cp.2_1                             0x00001920   Number         4  system_m2351.o(.text.SCU_Setup)
    __arm_cp.2_2                             0x00001924   Number         4  system_m2351.o(.text.SCU_Setup)
    __arm_cp.2_3                             0x00001928   Number         4  system_m2351.o(.text.SCU_Setup)
    __arm_cp.2_4                             0x0000192c   Number         4  system_m2351.o(.text.SCU_Setup)
    __arm_cp.2_5                             0x00001930   Number         4  system_m2351.o(.text.SCU_Setup)
    __arm_cp.2_6                             0x00001934   Number         4  system_m2351.o(.text.SCU_Setup)
    __arm_cp.2_7                             0x00001938   Number         4  system_m2351.o(.text.SCU_Setup)
    __arm_cp.2_8                             0x0000193c   Number         4  system_m2351.o(.text.SCU_Setup)
    __arm_cp.2_9                             0x00001940   Number         4  system_m2351.o(.text.SCU_Setup)
    __arm_cp.2_10                            0x00001944   Number         4  system_m2351.o(.text.SCU_Setup)
    __arm_cp.2_11                            0x00001948   Number         4  system_m2351.o(.text.SCU_Setup)
    __arm_cp.2_12                            0x0000194c   Number         4  system_m2351.o(.text.SCU_Setup)
    __arm_cp.2_13                            0x00001950   Number         4  system_m2351.o(.text.SCU_Setup)
    __arm_cp.2_14                            0x00001954   Number         4  system_m2351.o(.text.SCU_Setup)
    __arm_cp.2_15                            0x00001958   Number         4  system_m2351.o(.text.SCU_Setup)
    __arm_cp.2_16                            0x0000195c   Number         4  system_m2351.o(.text.SCU_Setup)
    __arm_cp.2_17                            0x00001960   Number         4  system_m2351.o(.text.SCU_Setup)
    __arm_cp.2_18                            0x00001964   Number         4  system_m2351.o(.text.SCU_Setup)
    __arm_cp.2_19                            0x00001968   Number         4  system_m2351.o(.text.SCU_Setup)
    [Anonymous Symbol]                       0x0000196c   Section        0  retarget.o(.text.SH_Return)
    [Anonymous Symbol]                       0x0000197c   Section        0  main.o(.text.SYS_Init)
    __arm_cp.4_0                             0x00001a20   Number         4  main.o(.text.SYS_Init)
    __arm_cp.4_1                             0x00001a24   Number         4  main.o(.text.SYS_Init)
    __arm_cp.4_2                             0x00001a28   Number         4  main.o(.text.SYS_Init)
    __arm_cp.4_3                             0x00001a2c   Number         4  main.o(.text.SYS_Init)
    __arm_cp.4_4                             0x00001a30   Number         4  main.o(.text.SYS_Init)
    __arm_cp.4_5                             0x00001a34   Number         4  main.o(.text.SYS_Init)
    __arm_cp.4_6                             0x00001a38   Number         4  main.o(.text.SYS_Init)
    __arm_cp.4_8                             0x00001a3c   Number         4  main.o(.text.SYS_Init)
    __arm_cp.4_10                            0x00001a40   Number         4  main.o(.text.SYS_Init)
    __arm_cp.4_12                            0x00001a44   Number         4  main.o(.text.SYS_Init)
    __arm_cp.4_13                            0x00001a48   Number         4  main.o(.text.SYS_Init)
    SYS_UnlockReg                            0x00001a4d   Thumb Code    32  main.o(.text.SYS_UnlockReg)
    [Anonymous Symbol]                       0x00001a4c   Section        0  main.o(.text.SYS_UnlockReg)
    SYS_UnlockReg                            0x00001a6d   Thumb Code    36  system_m2351.o(.text.SYS_UnlockReg)
    [Anonymous Symbol]                       0x00001a6c   Section        0  system_m2351.o(.text.SYS_UnlockReg)
    __arm_cp.1_0                             0x00001a8c   Number         4  system_m2351.o(.text.SYS_UnlockReg)
    [Anonymous Symbol]                       0x00001a90   Section        0  retarget.o(.text.SendChar)
    [Anonymous Symbol]                       0x00001aa0   Section        0  retarget.o(.text.SendChar_ToUART)
    __arm_cp.2_0                             0x00001ae0   Number         4  retarget.o(.text.SendChar_ToUART)
    __arm_cp.2_1                             0x00001ae4   Number         4  retarget.o(.text.SendChar_ToUART)
    SysTick_Config                           0x00001ae9   Thumb Code    84  main.o(.text.SysTick_Config)
    [Anonymous Symbol]                       0x00001ae8   Section        0  main.o(.text.SysTick_Config)
    __arm_cp.6_0                             0x00001b30   Number         4  main.o(.text.SysTick_Config)
    __arm_cp.6_1                             0x00001b34   Number         4  main.o(.text.SysTick_Config)
    __arm_cp.6_2                             0x00001b38   Number         4  main.o(.text.SysTick_Config)
    [Anonymous Symbol]                       0x00001b3c   Section        0  main.o(.text.SysTick_Handler)
    __arm_cp.0_0                             0x00001ba8   Number         4  main.o(.text.SysTick_Handler)
    __arm_cp.0_1                             0x00001bac   Number         4  main.o(.text.SysTick_Handler)
    __arm_cp.0_2                             0x00001bb0   Number         4  main.o(.text.SysTick_Handler)
    [Anonymous Symbol]                       0x00001bb4   Section        0  system_m2351.o(.text.SystemCoreClockUpdate)
    __arm_cp.7_0                             0x00001bd8   Number         4  system_m2351.o(.text.SystemCoreClockUpdate)
    __arm_cp.7_2                             0x00001bdc   Number         4  system_m2351.o(.text.SystemCoreClockUpdate)
    __arm_cp.7_3                             0x00001be0   Number         4  system_m2351.o(.text.SystemCoreClockUpdate)
    __arm_cp.7_4                             0x00001be4   Number         4  system_m2351.o(.text.SystemCoreClockUpdate)
    [Anonymous Symbol]                       0x00001be8   Section        0  system_m2351.o(.text.SystemInit)
    __arm_cp.8_0                             0x00001c00   Number         4  system_m2351.o(.text.SystemInit)
    __arm_cp.8_1                             0x00001c04   Number         4  system_m2351.o(.text.SystemInit)
    [Anonymous Symbol]                       0x00001c08   Section        0  system_m2351.o(.text.TZ_SAU_Setup)
    __arm_cp.6_0                             0x00001c5c   Number         4  system_m2351.o(.text.TZ_SAU_Setup)
    __arm_cp.6_1                             0x00001c60   Number         4  system_m2351.o(.text.TZ_SAU_Setup)
    __arm_cp.6_3                             0x00001c64   Number         4  system_m2351.o(.text.TZ_SAU_Setup)
    __arm_cp.6_4                             0x00001c68   Number         4  system_m2351.o(.text.TZ_SAU_Setup)
    __arm_cp.6_5                             0x00001c6c   Number         4  system_m2351.o(.text.TZ_SAU_Setup)
    __arm_cp.6_6                             0x00001c70   Number         4  system_m2351.o(.text.TZ_SAU_Setup)
    __arm_cp.6_7                             0x00001c74   Number         4  system_m2351.o(.text.TZ_SAU_Setup)
    __arm_cp.6_8                             0x00001c78   Number         4  system_m2351.o(.text.TZ_SAU_Setup)
    __arm_cp.6_9                             0x00001c7c   Number         4  system_m2351.o(.text.TZ_SAU_Setup)
    __arm_cp.6_10                            0x00001c80   Number         4  system_m2351.o(.text.TZ_SAU_Setup)
    __arm_cp.6_11                            0x00001c84   Number         4  system_m2351.o(.text.TZ_SAU_Setup)
    __arm_cp.6_12                            0x00001c88   Number         4  system_m2351.o(.text.TZ_SAU_Setup)
    __arm_cp.6_13                            0x00001c8c   Number         4  system_m2351.o(.text.TZ_SAU_Setup)
    __NVIC_EnableIRQ                         0x00001c91   Thumb Code    44  system_m2351.o(.text.__NVIC_EnableIRQ)
    [Anonymous Symbol]                       0x00001c90   Section        0  system_m2351.o(.text.__NVIC_EnableIRQ)
    __arm_cp.3_0                             0x00001cb8   Number         4  system_m2351.o(.text.__NVIC_EnableIRQ)
    __NVIC_SetPriority                       0x00001cbd   Thumb Code   120  main.o(.text.__NVIC_SetPriority)
    [Anonymous Symbol]                       0x00001cbc   Section        0  main.o(.text.__NVIC_SetPriority)
    __arm_cp.7_0                             0x00001d2c   Number         4  main.o(.text.__NVIC_SetPriority)
    __arm_cp.7_1                             0x00001d30   Number         4  main.o(.text.__NVIC_SetPriority)
    [Anonymous Symbol]                       0x00001d34   Section        0  retarget.o(.text.fputc)
    [Anonymous Symbol]                       0x00001d48   Section        0  main.o(.text.main)
    __arm_cp.2_0                             0x00001d9c   Number         4  main.o(.text.main)
    __arm_cp.2_1                             0x00001da0   Number         4  main.o(.text.main)
    __arm_cp.2_2                             0x00001da4   Number         4  main.o(.text.main)
    __arm_cp.2_3                             0x00001da8   Number         4  main.o(.text.main)
    i.__0printf                              0x00001dac   Section        0  printfa.o(i.__0printf)
    i.__ARM_clz                              0x00001dcc   Section        0  depilogue.o(i.__ARM_clz)
    i.__scatterload_copy                     0x00001dfa   Section       14  handlers.o(i.__scatterload_copy)
    i.__scatterload_null                     0x00001e08   Section        2  handlers.o(i.__scatterload_null)
    i.__scatterload_zeroinit                 0x00001e0a   Section       14  handlers.o(i.__scatterload_zeroinit)
    _fp_digits                               0x00001e19   Thumb Code   344  printfa.o(i._fp_digits)
    i._fp_digits                             0x00001e18   Section        0  printfa.o(i._fp_digits)
    _printf_core                             0x00001f8d   Thumb Code  1754  printfa.o(i._printf_core)
    i._printf_core                           0x00001f8c   Section        0  printfa.o(i._printf_core)
    _printf_post_padding                     0x00002679   Thumb Code    32  printfa.o(i._printf_post_padding)
    i._printf_post_padding                   0x00002678   Section        0  printfa.o(i._printf_post_padding)
    _printf_pre_padding                      0x00002699   Thumb Code    44  printfa.o(i._printf_pre_padding)
    i._printf_pre_padding                    0x00002698   Section        0  printfa.o(i._printf_pre_padding)
    [Anonymous Symbol]                       0x000026c4   Section        0  system_m2351.o(.rodata..L__const.SCU_IRQHandler.info)
    [Anonymous Symbol]                       0x000026d8   Section        0  system_m2351.o(.rodata..L__const.SCU_IRQHandler.ipname)
    .L__const.CLK_SetModuleClock.au32SelTbl  0x00002724   Data          16  clk.o(.rodata.cst16)
    .L__const.CLK_SetModuleClock.au32DivTbl  0x00002734   Data          16  clk.o(.rodata.cst16)
    .L__const.CLK_GetModuleClockSource.au32SelTbl 0x00002744   Data          16  clk.o(.rodata.cst16)
    .L__const.CLK_GetModuleClockDivider.au32DivTbl 0x00002754   Data          16  clk.o(.rodata.cst16)
    .L__const.CLK_GetCPUFreq.au32ClkTbl      0x00002764   Data          32  clk.o(.rodata.cst32)
    .L.str.1                                 0x00002784   Data          31  main.o(.rodata.str1.1)
    [Anonymous Symbol]                       0x00002784   Section        0  main.o(.rodata.str1.1)
    .L.str                                   0x000027a3   Data          29  main.o(.rodata.str1.1)
    .L.str.3                                 0x000027c0   Data          23  main.o(.rodata.str1.1)
    .L.str.2                                 0x000027d7   Data          37  main.o(.rodata.str1.1)
    .L.str.17                                0x000027fc   Data          42  system_m2351.o(.rodata.str1.1)
    [Anonymous Symbol]                       0x000027fc   Section        0  system_m2351.o(.rodata.str1.1)
    .L.str.1                                 0x00002826   Data           6  system_m2351.o(.rodata.str1.1)
    .L.str.35                                0x00002826   Data           6  system_m2351.o(.rodata.str1.1)
    .L.str.6                                 0x0000282c   Data           5  system_m2351.o(.rodata.str1.1)
    .L.str.2                                 0x00002831   Data           5  system_m2351.o(.rodata.str1.1)
    .L.str.39                                0x00002831   Data           5  system_m2351.o(.rodata.str1.1)
    .L.str.11                                0x00002836   Data           6  system_m2351.o(.rodata.str1.1)
    .L.str.36                                0x0000283c   Data           6  system_m2351.o(.rodata.str1.1)
    .L.str.5                                 0x0000283c   Data           6  system_m2351.o(.rodata.str1.1)
    .L.str.7                                 0x00002842   Data           5  system_m2351.o(.rodata.str1.1)
    .L.str.12                                0x00002847   Data           6  system_m2351.o(.rodata.str1.1)
    .L.str.13                                0x0000284d   Data           4  system_m2351.o(.rodata.str1.1)
    .L.str.38                                0x0000284d   Data           4  system_m2351.o(.rodata.str1.1)
    .L.str.10                                0x00002851   Data           4  system_m2351.o(.rodata.str1.1)
    .L.str.42                                0x00002851   Data           4  system_m2351.o(.rodata.str1.1)
    .L.str.37                                0x00002855   Data           5  system_m2351.o(.rodata.str1.1)
    .L.str.4                                 0x00002855   Data           5  system_m2351.o(.rodata.str1.1)
    .L.str.14                                0x0000285a   Data           6  system_m2351.o(.rodata.str1.1)
    .L.str.40                                0x00002860   Data           4  system_m2351.o(.rodata.str1.1)
    .L.str.9                                 0x00002860   Data           4  system_m2351.o(.rodata.str1.1)
    .L.str.8                                 0x00002864   Data           5  system_m2351.o(.rodata.str1.1)
    .L.str.15                                0x00002869   Data           4  system_m2351.o(.rodata.str1.1)
    .L.str.16                                0x00002869   Data           4  system_m2351.o(.rodata.str1.1)
    .L.str.3                                 0x0000286d   Data           5  system_m2351.o(.rodata.str1.1)
    .L.str.43                                0x0000286d   Data           5  system_m2351.o(.rodata.str1.1)
    .L.str.15                                0x00002872   Data           4  system_m2351.o(.rodata.str1.1)
    .L.str.41                                0x00002872   Data           4  system_m2351.o(.rodata.str1.1)
    .L.str                                   0x00002876   Data           4  system_m2351.o(.rodata.str1.1)
    .L.str.9                                 0x0000287a   Data          35  retarget.o(.rodata.str1.1)
    [Anonymous Symbol]                       0x0000287a   Section        0  retarget.o(.rodata.str1.1)
    .L.str                                   0x0000289d   Data          69  retarget.o(.rodata.str1.1)
    .L.str.10                                0x000028e2   Data          46  retarget.o(.rodata.str1.1)
    .L.str.13                                0x00002910   Data          79  retarget.o(.rodata.str1.1)
    .L.str.3                                 0x0000295f   Data          44  retarget.o(.rodata.str1.1)
    .L.str.1                                 0x0000298b   Data          42  retarget.o(.rodata.str1.1)
    .L.str.5                                 0x000029b5   Data          33  retarget.o(.rodata.str1.1)
    .L.str.8                                 0x000029d6   Data          34  retarget.o(.rodata.str1.1)
    .L.str.4                                 0x000029f8   Data          38  retarget.o(.rodata.str1.1)
    .L.str.14                                0x00002a1e   Data          67  retarget.o(.rodata.str1.1)
    .L.str.2                                 0x00002a61   Data          51  retarget.o(.rodata.str1.1)
    .L.str.70                                0x00002a94   Data           5  retarget.o(.rodata.str1.1)
    .L.str.49                                0x00002a99   Data           5  retarget.o(.rodata.str1.1)
    .L.str.73                                0x00002a9e   Data           4  retarget.o(.rodata.str1.1)
    .L.str.83                                0x00002aa2   Data           6  retarget.o(.rodata.str1.1)
    .L.str.77                                0x00002aa8   Data           5  retarget.o(.rodata.str1.1)
    .L.str.59                                0x00002aad   Data           6  retarget.o(.rodata.str1.1)
    .L.str.60                                0x00002aae   Data           5  retarget.o(.rodata.str1.1)
    .L.str.57                                0x00002ab3   Data           6  retarget.o(.rodata.str1.1)
    .L.str.55                                0x00002ab9   Data           6  retarget.o(.rodata.str1.1)
    .L.str.76                                0x00002abf   Data           5  retarget.o(.rodata.str1.1)
    .L.str.79                                0x00002ac4   Data           6  retarget.o(.rodata.str1.1)
    .L.str.51                                0x00002aca   Data           5  retarget.o(.rodata.str1.1)
    .L.str.64                                0x00002acf   Data           6  retarget.o(.rodata.str1.1)
    .L.str.48                                0x00002ad5   Data           7  retarget.o(.rodata.str1.1)
    .L.str.53                                0x00002adc   Data           6  retarget.o(.rodata.str1.1)
    .L.str.71                                0x00002ae2   Data           5  retarget.o(.rodata.str1.1)
    .L.str.50                                0x00002ae7   Data           5  retarget.o(.rodata.str1.1)
    .L.str.74                                0x00002aec   Data           4  retarget.o(.rodata.str1.1)
    .L.str.84                                0x00002af0   Data           6  retarget.o(.rodata.str1.1)
    .L.str.78                                0x00002af6   Data           5  retarget.o(.rodata.str1.1)
    .L.str.61                                0x00002afb   Data           5  retarget.o(.rodata.str1.1)
    .L.str.58                                0x00002b00   Data           6  retarget.o(.rodata.str1.1)
    .L.str.56                                0x00002b06   Data           6  retarget.o(.rodata.str1.1)
    .L.str.80                                0x00002b0c   Data           6  retarget.o(.rodata.str1.1)
    .L.str.65                                0x00002b12   Data           6  retarget.o(.rodata.str1.1)
    .L.str.72                                0x00002b18   Data           5  retarget.o(.rodata.str1.1)
    .L.str.75                                0x00002b1d   Data           4  retarget.o(.rodata.str1.1)
    .L.str.62                                0x00002b21   Data           5  retarget.o(.rodata.str1.1)
    .L.str.66                                0x00002b26   Data           6  retarget.o(.rodata.str1.1)
    .L.str.54                                0x00002b2c   Data           6  retarget.o(.rodata.str1.1)
    .L.str.63                                0x00002b32   Data           5  retarget.o(.rodata.str1.1)
    .L.str.67                                0x00002b37   Data           6  retarget.o(.rodata.str1.1)
    .L.str.68                                0x00002b3d   Data           6  retarget.o(.rodata.str1.1)
    .L.str.69                                0x00002b43   Data           6  retarget.o(.rodata.str1.1)
    .L.str.18                                0x00002b49   Data           6  retarget.o(.rodata.str1.1)
    .L.str.27                                0x00002b4f   Data           3  retarget.o(.rodata.str1.1)
    .L.str.19                                0x00002b52   Data           6  retarget.o(.rodata.str1.1)
    .L.str.28                                0x00002b58   Data           3  retarget.o(.rodata.str1.1)
    .L.str.47                                0x00002b5b   Data           5  retarget.o(.rodata.str1.1)
    .L.str.20                                0x00002b60   Data           6  retarget.o(.rodata.str1.1)
    .L.str.29                                0x00002b66   Data           3  retarget.o(.rodata.str1.1)
    .L.str.46                                0x00002b69   Data           4  retarget.o(.rodata.str1.1)
    .L.str.82                                0x00002b6d   Data           5  retarget.o(.rodata.str1.1)
    .L.str.21                                0x00002b72   Data           6  retarget.o(.rodata.str1.1)
    .L.str.30                                0x00002b78   Data           3  retarget.o(.rodata.str1.1)
    .L.str.22                                0x00002b7b   Data           6  retarget.o(.rodata.str1.1)
    .L.str.31                                0x00002b81   Data           3  retarget.o(.rodata.str1.1)
    .L.str.23                                0x00002b84   Data           6  retarget.o(.rodata.str1.1)
    .L.str.32                                0x00002b8a   Data           3  retarget.o(.rodata.str1.1)
    .L.str.81                                0x00002b8d   Data           5  retarget.o(.rodata.str1.1)
    .L.str.24                                0x00002b92   Data           6  retarget.o(.rodata.str1.1)
    .L.str.33                                0x00002b98   Data           3  retarget.o(.rodata.str1.1)
    .L.str.52                                0x00002b9b   Data           4  retarget.o(.rodata.str1.1)
    .L.str.25                                0x00002b9f   Data           6  retarget.o(.rodata.str1.1)
    .L.str.34                                0x00002ba5   Data           3  retarget.o(.rodata.str1.1)
    .L.str.16                                0x00002ba8   Data           4  retarget.o(.rodata.str1.1)
    .L.str.26                                0x00002bac   Data          11  retarget.o(.rodata.str1.1)
    .L.str.6                                 0x00002bb7   Data           4  retarget.o(.rodata.str1.1)
    .L.str.7                                 0x00002bbb   Data           4  retarget.o(.rodata.str1.1)
    .L.str.45                                0x00002bbf   Data           5  retarget.o(.rodata.str1.1)
    .L.str.44                                0x00002bc0   Data           4  retarget.o(.rodata.str1.1)
    .L.str.17                                0x00002bc4   Data           4  retarget.o(.rodata.str1.1)
    .L.str.12                                0x00002bc8   Data           7  retarget.o(.rodata.str1.1)
    .L.str.11                                0x00002bcf   Data          10  retarget.o(.rodata.str1.1)
    s_IpTbl                                  0x2000000c   Data         639  retarget.o(.data.s_IpTbl)
    [Anonymous Symbol]                       0x2000000c   Section        0  retarget.o(.data.s_IpTbl)
    SysTick_Handler.ticks                    0x20000290   Data           4  main.o(.bss.SysTick_Handler.ticks)
    [Anonymous Symbol]                       0x20000290   Section        0  main.o(.bss.SysTick_Handler.ticks)
    STACK                                    0x200002e8   Section     4096  startup_m2351.o(STACK)

    Global Symbols

    Symbol Name                              Value     Ov Type        Size  Object(Section)

    BuildAttributes$$THM_ISAv3M$S$8M$PE$A:L22$X:L11$S22$IEEE1$IW$~IW$USESV6$~STKCKD$USESV7$WCHAR32$ENUMINT$~SHL$OSPACE$ROPI$EBA8$MICROLIB$REQ8$PRES8$EABIv2 0x00000000   Number         0  anon$$obj.o ABSOLUTE
    __Vectors                                0x00000000   Data           4  startup_m2351.o(RESET)
    __cpp_initialize__aeabi_                  - Undefined Weak Reference
    __cxa_finalize                            - Undefined Weak Reference
    _clock_init                               - Undefined Weak Reference
    _microlib_exit                            - Undefined Weak Reference
    __Vectors_End                            0x000001d8   Data           0  startup_m2351.o(RESET)
    __Vectors_Size                           0x000001d8   Number         0  startup_m2351.o ABSOLUTE
    __main                                   0x000001d9   Thumb Code     0  entry.o(.ARM.Collect$$$$00000000)
    _main_stk                                0x000001d9   Thumb Code     0  entry2.o(.ARM.Collect$$$$00000001)
    _main_scatterload                        0x000001dd   Thumb Code     0  entry5.o(.ARM.Collect$$$$00000004)
    __main_after_scatterload                 0x000001e1   Thumb Code     0  entry5.o(.ARM.Collect$$$$00000004)
    _main_clock                              0x000001e1   Thumb Code     0  entry7b.o(.ARM.Collect$$$$00000008)
    _main_cpp_init                           0x000001e1   Thumb Code     0  entry8b.o(.ARM.Collect$$$$0000000A)
    _main_init                               0x000001e1   Thumb Code     0  entry9a.o(.ARM.Collect$$$$0000000B)
    __rt_final_cpp                           0x000001e9   Thumb Code     0  entry10a.o(.ARM.Collect$$$$0000000D)
    __rt_final_exit                          0x000001e9   Thumb Code     0  entry11a.o(.ARM.Collect$$$$0000000F)
    Reset_Handler                            0x000001ed   Thumb Code     8  startup_m2351.o(.text)
    NMI_Handler                              0x000001f5   Thumb Code     2  startup_m2351.o(.text)
    HardFault_Handler                        0x000001f7   Thumb Code    16  startup_m2351.o(.text)
    SVC_Handler                              0x00000207   Thumb Code     2  startup_m2351.o(.text)
    PendSV_Handler                           0x00000209   Thumb Code     2  startup_m2351.o(.text)
    ACMP01_IRQHandler                        0x0000020d   Thumb Code     0  startup_m2351.o(.text)
    BOD_IRQHandler                           0x0000020d   Thumb Code     0  startup_m2351.o(.text)
    BPWM0_IRQHandler                         0x0000020d   Thumb Code     0  startup_m2351.o(.text)
    BPWM1_IRQHandler                         0x0000020d   Thumb Code     0  startup_m2351.o(.text)
    BRAKE0_IRQHandler                        0x0000020d   Thumb Code     0  startup_m2351.o(.text)
    BRAKE1_IRQHandler                        0x0000020d   Thumb Code     0  startup_m2351.o(.text)
    CAN0_IRQHandler                          0x0000020d   Thumb Code     0  startup_m2351.o(.text)
    CAN1_IRQHandler                          0x0000020d   Thumb Code     0  startup_m2351.o(.text)
    CLKFAIL_IRQHandler                       0x0000020d   Thumb Code     0  startup_m2351.o(.text)
    CRPT_IRQHandler                          0x0000020d   Thumb Code     0  startup_m2351.o(.text)
    DAC_IRQHandler                           0x0000020d   Thumb Code     0  startup_m2351.o(.text)
    DEFAULT_IRQHandler                       0x0000020d   Thumb Code     0  startup_m2351.o(.text)
    EADC0_IRQHandler                         0x0000020d   Thumb Code     0  startup_m2351.o(.text)
    EADC1_IRQHandler                         0x0000020d   Thumb Code     0  startup_m2351.o(.text)
    EADC2_IRQHandler                         0x0000020d   Thumb Code     0  startup_m2351.o(.text)
    EADC3_IRQHandler                         0x0000020d   Thumb Code     0  startup_m2351.o(.text)
    ECAP0_IRQHandler                         0x0000020d   Thumb Code     0  startup_m2351.o(.text)
    ECAP1_IRQHandler                         0x0000020d   Thumb Code     0  startup_m2351.o(.text)
    EINT0_IRQHandler                         0x0000020d   Thumb Code     0  startup_m2351.o(.text)
    EINT1_IRQHandler                         0x0000020d   Thumb Code     0  startup_m2351.o(.text)
    EINT2_IRQHandler                         0x0000020d   Thumb Code     0  startup_m2351.o(.text)
    EINT3_IRQHandler                         0x0000020d   Thumb Code     0  startup_m2351.o(.text)
    EINT4_IRQHandler                         0x0000020d   Thumb Code     0  startup_m2351.o(.text)
    EINT5_IRQHandler                         0x0000020d   Thumb Code     0  startup_m2351.o(.text)
    EINT6_IRQHandler                         0x0000020d   Thumb Code     0  startup_m2351.o(.text)
    EINT7_IRQHandler                         0x0000020d   Thumb Code     0  startup_m2351.o(.text)
    EPWM0_P0_IRQHandler                      0x0000020d   Thumb Code     0  startup_m2351.o(.text)
    EPWM0_P1_IRQHandler                      0x0000020d   Thumb Code     0  startup_m2351.o(.text)
    EPWM0_P2_IRQHandler                      0x0000020d   Thumb Code     0  startup_m2351.o(.text)
    EPWM1_P0_IRQHandler                      0x0000020d   Thumb Code     0  startup_m2351.o(.text)
    EPWM1_P1_IRQHandler                      0x0000020d   Thumb Code     0  startup_m2351.o(.text)
    EPWM1_P2_IRQHandler                      0x0000020d   Thumb Code     0  startup_m2351.o(.text)
    GPA_IRQHandler                           0x0000020d   Thumb Code     0  startup_m2351.o(.text)
    GPB_IRQHandler                           0x0000020d   Thumb Code     0  startup_m2351.o(.text)
    GPC_IRQHandler                           0x0000020d   Thumb Code     0  startup_m2351.o(.text)
    GPD_IRQHandler                           0x0000020d   Thumb Code     0  startup_m2351.o(.text)
    GPE_IRQHandler                           0x0000020d   Thumb Code     0  startup_m2351.o(.text)
    GPF_IRQHandler                           0x0000020d   Thumb Code     0  startup_m2351.o(.text)
    GPG_IRQHandler                           0x0000020d   Thumb Code     0  startup_m2351.o(.text)
    GPH_IRQHandler                           0x0000020d   Thumb Code     0  startup_m2351.o(.text)
    I2C0_IRQHandler                          0x0000020d   Thumb Code     0  startup_m2351.o(.text)
    I2C1_IRQHandler                          0x0000020d   Thumb Code     0  startup_m2351.o(.text)
    I2C2_IRQHandler                          0x0000020d   Thumb Code     0  startup_m2351.o(.text)
    I2S0_IRQHandler                          0x0000020d   Thumb Code     0  startup_m2351.o(.text)
    IRC_IRQHandler                           0x0000020d   Thumb Code     0  startup_m2351.o(.text)
    OPA0_IRQHandler                          0x0000020d   Thumb Code     0  startup_m2351.o(.text)
    PDMA0_IRQHandler                         0x0000020d   Thumb Code     0  startup_m2351.o(.text)
    PDMA1_IRQHandler                         0x0000020d   Thumb Code     0  startup_m2351.o(.text)
    PWRWU_IRQHandler                         0x0000020d   Thumb Code     0  startup_m2351.o(.text)
    QEI0_IRQHandler                          0x0000020d   Thumb Code     0  startup_m2351.o(.text)
    QEI1_IRQHandler                          0x0000020d   Thumb Code     0  startup_m2351.o(.text)
    QSPI0_IRQHandler                         0x0000020d   Thumb Code     0  startup_m2351.o(.text)
    RTC_IRQHandler                           0x0000020d   Thumb Code     0  startup_m2351.o(.text)
    SC0_IRQHandler                           0x0000020d   Thumb Code     0  startup_m2351.o(.text)
    SC1_IRQHandler                           0x0000020d   Thumb Code     0  startup_m2351.o(.text)
    SC2_IRQHandler                           0x0000020d   Thumb Code     0  startup_m2351.o(.text)
    SC3_IRQHandler                           0x0000020d   Thumb Code     0  startup_m2351.o(.text)
    SDH0_IRQHandler                          0x0000020d   Thumb Code     0  startup_m2351.o(.text)
    SDH1_IRQHandler                          0x0000020d   Thumb Code     0  startup_m2351.o(.text)
    SPI0_IRQHandler                          0x0000020d   Thumb Code     0  startup_m2351.o(.text)
    SPI1_IRQHandler                          0x0000020d   Thumb Code     0  startup_m2351.o(.text)
    SPI2_IRQHandler                          0x0000020d   Thumb Code     0  startup_m2351.o(.text)
    SPI3_IRQHandler                          0x0000020d   Thumb Code     0  startup_m2351.o(.text)
    SRAM_IRQHandler                          0x0000020d   Thumb Code     0  startup_m2351.o(.text)
    TAMPER_IRQHandler                        0x0000020d   Thumb Code     0  startup_m2351.o(.text)
    TMR0_IRQHandler                          0x0000020d   Thumb Code     0  startup_m2351.o(.text)
    TMR1_IRQHandler                          0x0000020d   Thumb Code     0  startup_m2351.o(.text)
    TMR2_IRQHandler                          0x0000020d   Thumb Code     0  startup_m2351.o(.text)
    TMR3_IRQHandler                          0x0000020d   Thumb Code     0  startup_m2351.o(.text)
    TRNG_IRQHandler                          0x0000020d   Thumb Code     0  startup_m2351.o(.text)
    UART0_IRQHandler                         0x0000020d   Thumb Code     0  startup_m2351.o(.text)
    UART1_IRQHandler                         0x0000020d   Thumb Code     0  startup_m2351.o(.text)
    UART2_IRQHandler                         0x0000020d   Thumb Code     0  startup_m2351.o(.text)
    UART3_IRQHandler                         0x0000020d   Thumb Code     0  startup_m2351.o(.text)
    UART4_IRQHandler                         0x0000020d   Thumb Code     0  startup_m2351.o(.text)
    UART5_IRQHandler                         0x0000020d   Thumb Code     0  startup_m2351.o(.text)
    USBD_IRQHandler                          0x0000020d   Thumb Code     0  startup_m2351.o(.text)
    USBH_IRQHandler                          0x0000020d   Thumb Code     0  startup_m2351.o(.text)
    USBOTG_IRQHandler                        0x0000020d   Thumb Code     0  startup_m2351.o(.text)
    USCI0_IRQHandler                         0x0000020d   Thumb Code     0  startup_m2351.o(.text)
    USCI1_IRQHandler                         0x0000020d   Thumb Code     0  startup_m2351.o(.text)
    WDT_IRQHandler                           0x0000020d   Thumb Code     0  startup_m2351.o(.text)
    WWDT_IRQHandler                          0x0000020d   Thumb Code     0  startup_m2351.o(.text)
    SH_DoCommand                             0x00000211   Thumb Code    10  startup_m2351.o(.text)
    __PC                                     0x0000021b   Thumb Code     6  startup_m2351.o(.text)
    __aeabi_memcpy                           0x00000231   Thumb Code    36  memcpya.o(.text)
    __aeabi_memcpy4                          0x00000231   Thumb Code     0  memcpya.o(.text)
    __aeabi_memcpy8                          0x00000231   Thumb Code     0  memcpya.o(.text)
    __aeabi_memset                           0x00000255   Thumb Code    14  memseta.o(.text)
    __aeabi_memset4                          0x00000255   Thumb Code     0  memseta.o(.text)
    __aeabi_memset8                          0x00000255   Thumb Code     0  memseta.o(.text)
    __aeabi_memclr                           0x00000263   Thumb Code     4  memseta.o(.text)
    __aeabi_memclr4                          0x00000263   Thumb Code     0  memseta.o(.text)
    __aeabi_memclr8                          0x00000263   Thumb Code     0  memseta.o(.text)
    _memset$wrapper                          0x00000267   Thumb Code    18  memseta.o(.text)
    __aeabi_uldivmod                         0x00000279   Thumb Code    96  uldiv.o(.text)
    __I$use$fp                               0x000002d9   Thumb Code     0  iusefp.o(.text)
    __aeabi_dadd                             0x000002d9   Thumb Code   328  dadd.o(.text)
    __aeabi_dsub                             0x00000421   Thumb Code    12  dadd.o(.text)
    __aeabi_drsub                            0x0000042d   Thumb Code    12  dadd.o(.text)
    __aeabi_dmul                             0x0000043d   Thumb Code   202  dmul.o(.text)
    __aeabi_ddiv                             0x0000050d   Thumb Code   234  ddiv.o(.text)
    __aeabi_d2ulz                            0x000005fd   Thumb Code    54  dfixul.o(.text)
    __aeabi_cdrcmple                         0x0000063d   Thumb Code    38  cdrcmple.o(.text)
    __scatterload                            0x00000665   Thumb Code    28  init.o(.text)
    __scatterload_rt2                        0x00000665   Thumb Code     0  init.o(.text)
    __aeabi_uidiv$div0                       0x00000689   Thumb Code     0  uidiv_div0.o(.text)
    __aeabi_uidivmod                         0x00000689   Thumb Code    62  uidiv_div0.o(.text)
    __aeabi_llsl                             0x000006c7   Thumb Code    32  llshl.o(.text)
    _ll_shift_l                              0x000006c7   Thumb Code     0  llshl.o(.text)
    __aeabi_llsr                             0x000006e7   Thumb Code    34  llushr.o(.text)
    _ll_ushift_r                             0x000006e7   Thumb Code     0  llushr.o(.text)
    __aeabi_lasr                             0x00000709   Thumb Code    38  llsshr.o(.text)
    _ll_sshift_r                             0x00000709   Thumb Code     0  llsshr.o(.text)
    _double_round                            0x0000072f   Thumb Code    26  depilogue.o(.text)
    _double_epilogue                         0x00000749   Thumb Code   164  depilogue.o(.text)
    __decompress                             0x000007ed   Thumb Code     0  __dczerorl2.o(.text)
    __decompress1                            0x000007ed   Thumb Code    86  __dczerorl2.o(.text)
    Boot_Init                                0x00000845   Thumb Code   276  main.o(.text.Boot_Init)
    __acle_se_CLK_GetCPUFreq                 0x00000959   Thumb Code     0  clk.o(.text.CLK_GetCPUFreq)
    __acle_se_CLK_GetHCLKFreq                0x00000ae1   Thumb Code     0  clk.o(.text.CLK_GetHCLKFreq)
    __acle_se_CLK_GetHXTFreq                 0x00000b01   Thumb Code     0  clk.o(.text.CLK_GetHXTFreq)
    __acle_se_CLK_GetLXTFreq                 0x00000b3d   Thumb Code     0  clk.o(.text.CLK_GetLXTFreq)
    __acle_se_CLK_GetModuleClockDivider      0x00000b79   Thumb Code     0  clk.o(.text.CLK_GetModuleClockDivider)
    __acle_se_CLK_GetModuleClockSource       0x00000be5   Thumb Code     0  clk.o(.text.CLK_GetModuleClockSource)
    __acle_se_CLK_GetPCLK0Freq               0x00000cd1   Thumb Code     0  clk.o(.text.CLK_GetPCLK0Freq)
    __acle_se_CLK_GetPCLK1Freq               0x00000cf9   Thumb Code     0  clk.o(.text.CLK_GetPCLK1Freq)
    __acle_se_CLK_GetPLLClockFreq            0x00000d2d   Thumb Code     0  clk.o(.text.CLK_GetPLLClockFreq)
    DEBUG_PORT_Init                          0x00000ddd   Thumb Code    28  main.o(.text.DEBUG_PORT_Init)
    FMC_NSBA_Setup                           0x00000df9   Thumb Code   192  system_m2351.o(.text.FMC_NSBA_Setup)
    NSC_Init                                 0x00000eb9   Thumb Code    72  system_m2351.o(.text.NSC_Init)
    ProcessHardFault                         0x00000f01   Thumb Code  1696  retarget.o(.text.ProcessHardFault)
    SCU_IRQHandler                           0x000015a1   Thumb Code   220  system_m2351.o(.text.SCU_IRQHandler)
    SCU_Setup                                0x0000167d   Thumb Code   752  system_m2351.o(.text.SCU_Setup)
    SH_Return                                0x0000196d   Thumb Code    14  retarget.o(.text.SH_Return)
    SYS_Init                                 0x0000197d   Thumb Code   208  main.o(.text.SYS_Init)
    SendChar                                 0x00001a91   Thumb Code    16  retarget.o(.text.SendChar)
    SendChar_ToUART                          0x00001aa1   Thumb Code    72  retarget.o(.text.SendChar_ToUART)
    SysTick_Handler                          0x00001b3d   Thumb Code   120  main.o(.text.SysTick_Handler)
    SystemCoreClockUpdate                    0x00001bb5   Thumb Code    52  system_m2351.o(.text.SystemCoreClockUpdate)
    SystemInit                               0x00001be9   Thumb Code    32  system_m2351.o(.text.SystemInit)
    TZ_SAU_Setup                             0x00001c09   Thumb Code   136  system_m2351.o(.text.TZ_SAU_Setup)
    fputc                                    0x00001d35   Thumb Code    20  retarget.o(.text.fputc)
    main                                     0x00001d49   Thumb Code   100  main.o(.text.main)
    __0printf                                0x00001dad   Thumb Code    24  printfa.o(i.__0printf)
    __1printf                                0x00001dad   Thumb Code     0  printfa.o(i.__0printf)
    __2printf                                0x00001dad   Thumb Code     0  printfa.o(i.__0printf)
    __c89printf                              0x00001dad   Thumb Code     0  printfa.o(i.__0printf)
    printf                                   0x00001dad   Thumb Code     0  printfa.o(i.__0printf)
    __ARM_clz                                0x00001dcd   Thumb Code    46  depilogue.o(i.__ARM_clz)
    __scatterload_copy                       0x00001dfb   Thumb Code    14  handlers.o(i.__scatterload_copy)
    __scatterload_null                       0x00001e09   Thumb Code     2  handlers.o(i.__scatterload_null)
    __scatterload_zeroinit                   0x00001e0b   Thumb Code    14  handlers.o(i.__scatterload_zeroinit)
    Region$$Table$$Base                      0x00002bdc   Number         0  anon$$obj.o(Region$$Table)
    Region$$Table$$Limit                     0x00002bfc   Number         0  anon$$obj.o(Region$$Table)
    CLK_GetCPUFreq                           0x00002c01   Thumb Code     8  anon$$obj.o(Veneer$$CMSE)
    Image$$NSC_ROM$$XO$$Base                 0x00002c00   Number         0  anon$$obj.o ABSOLUTE
    CLK_GetHCLKFreq                          0x00002c09   Thumb Code     8  anon$$obj.o(Veneer$$CMSE)
    CLK_GetHXTFreq                           0x00002c11   Thumb Code     8  anon$$obj.o(Veneer$$CMSE)
    CLK_GetLXTFreq                           0x00002c19   Thumb Code     8  anon$$obj.o(Veneer$$CMSE)
    CLK_GetModuleClockDivider                0x00002c21   Thumb Code     8  anon$$obj.o(Veneer$$CMSE)
    CLK_GetModuleClockSource                 0x00002c29   Thumb Code     8  anon$$obj.o(Veneer$$CMSE)
    CLK_GetPCLK0Freq                         0x00002c31   Thumb Code     8  anon$$obj.o(Veneer$$CMSE)
    CLK_GetPCLK1Freq                         0x00002c39   Thumb Code     8  anon$$obj.o(Veneer$$CMSE)
    CLK_GetPLLClockFreq                      0x00002c41   Thumb Code     8  anon$$obj.o(Veneer$$CMSE)
    Image$$NSC_ROM$$XO$$Limit                0x00002c60   Number         0  anon$$obj.o ABSOLUTE
    CyclesPerUs                              0x20000000   Data           4  system_m2351.o(.data.CyclesPerUs)
    PllClock                                 0x20000004   Data           4  system_m2351.o(.data.PllClock)
    SystemCoreClock                          0x20000008   Data           4  system_m2351.o(.data.SystemCoreClock)
    __stdout                                 0x20000294   Data          84  retarget.o(.bss.__stdout)
    __initial_sp                             0x200012e8   Data           0  startup_m2351.o(STACK)



==============================================================================

Memory Map of the image

  Image Entry point : 0x000001d9

  Load Region LR_ROM (Base: 0x00000000, Size: 0x00002ef0, Max: 0x00040000, ABSOLUTE, COMPRESSED[0x00002e28])

    Execution Region EXE_ROM (Exec base: 0x00000000, Load base: 0x00000000, Size: 0x00002bfc, Max: 0xffffffff, ABSOLUTE)

    Exec Addr    Load Addr    Size         Type   Attr      Idx    E Section Name        Object

    0x00000000   0x00000000   0x000001d8   Data   RO           60    RESET               startup_m2351.o
    0x000001d8   0x000001d8   0x00000000   Code   RO          205  * .ARM.Collect$$$$00000000  mc_p.l(entry.o)
    0x000001d8   0x000001d8   0x00000004   Code   RO          242    .ARM.Collect$$$$00000001  mc_p.l(entry2.o)
    0x000001dc   0x000001dc   0x00000004   Code   RO          245    .ARM.Collect$$$$00000004  mc_p.l(entry5.o)
    0x000001e0   0x000001e0   0x00000000   Code   RO          247    .ARM.Collect$$$$00000008  mc_p.l(entry7b.o)
    0x000001e0   0x000001e0   0x00000000   Code   RO          249    .ARM.Collect$$$$0000000A  mc_p.l(entry8b.o)
    0x000001e0   0x000001e0   0x00000008   Code   RO          250    .ARM.Collect$$$$0000000B  mc_p.l(entry9a.o)
    0x000001e8   0x000001e8   0x00000000   Code   RO          252    .ARM.Collect$$$$0000000D  mc_p.l(entry10a.o)
    0x000001e8   0x000001e8   0x00000000   Code   RO          254    .ARM.Collect$$$$0000000F  mc_p.l(entry11a.o)
    0x000001e8   0x000001e8   0x00000004   Code   RO          243    .ARM.Collect$$$$00002712  mc_p.l(entry2.o)
    0x000001ec   0x000001ec   0x00000044   Code   RO           61    .text               startup_m2351.o
    0x00000230   0x00000230   0x00000024   Code   RO          208    .text               mc_p.l(memcpya.o)
    0x00000254   0x00000254   0x00000024   Code   RO          210    .text               mc_p.l(memseta.o)
    0x00000278   0x00000278   0x00000060   Code   RO          260    .text               mc_p.l(uldiv.o)
    0x000002d8   0x000002d8   0x00000000   Code   RO          262    .text               mc_p.l(iusefp.o)
    0x000002d8   0x000002d8   0x00000164   Code   RO          263    .text               mf_p.l(dadd.o)
    0x0000043c   0x0000043c   0x000000d0   Code   RO          265    .text               mf_p.l(dmul.o)
    0x0000050c   0x0000050c   0x000000f0   Code   RO          267    .text               mf_p.l(ddiv.o)
    0x000005fc   0x000005fc   0x00000040   Code   RO          269    .text               mf_p.l(dfixul.o)
    0x0000063c   0x0000063c   0x00000028   Code   RO          271    .text               mf_p.l(cdrcmple.o)
    0x00000664   0x00000664   0x00000024   Code   RO          273    .text               mc_p.l(init.o)
    0x00000688   0x00000688   0x0000003e   Code   RO          277    .text               mc_p.l(uidiv_div0.o)
    0x000006c6   0x000006c6   0x00000020   Code   RO          283    .text               mc_p.l(llshl.o)
    0x000006e6   0x000006e6   0x00000022   Code   RO          285    .text               mc_p.l(llushr.o)
    0x00000708   0x00000708   0x00000026   Code   RO          287    .text               mc_p.l(llsshr.o)
    0x0000072e   0x0000072e   0x000000be   Code   RO          289    .text               mf_p.l(depilogue.o)
    0x000007ec   0x000007ec   0x00000056   Code   RO          302    .text               mc_p.l(__dczerorl2.o)
    0x00000842   0x00000842   0x00000002   PAD
    0x00000844   0x00000844   0x00000114   Code   RO            4    .text.Boot_Init     main.o
    0x00000958   0x00000958   0x00000188   Code   RO          119    .text.CLK_GetCPUFreq  clk.o
    0x00000ae0   0x00000ae0   0x00000020   Code   RO          113    .text.CLK_GetHCLKFreq  clk.o
    0x00000b00   0x00000b00   0x0000003c   Code   RO          109    .text.CLK_GetHXTFreq  clk.o
    0x00000b3c   0x00000b3c   0x0000003c   Code   RO          111    .text.CLK_GetLXTFreq  clk.o
    0x00000b78   0x00000b78   0x0000006c   Code   RO          159    .text.CLK_GetModuleClockDivider  clk.o
    0x00000be4   0x00000be4   0x000000ec   Code   RO          157    .text.CLK_GetModuleClockSource  clk.o
    0x00000cd0   0x00000cd0   0x00000028   Code   RO          115    .text.CLK_GetPCLK0Freq  clk.o
    0x00000cf8   0x00000cf8   0x00000034   Code   RO          117    .text.CLK_GetPCLK1Freq  clk.o
    0x00000d2c   0x00000d2c   0x000000b0   Code   RO          155    .text.CLK_GetPLLClockFreq  clk.o
    0x00000ddc   0x00000ddc   0x0000001c   Code   RO           12    .text.DEBUG_PORT_Init  main.o
    0x00000df8   0x00000df8   0x000000c0   Code   RO           28    .text.FMC_NSBA_Setup  system_m2351.o
    0x00000eb8   0x00000eb8   0x00000048   Code   RO           38    .text.NSC_Init      system_m2351.o
    0x00000f00   0x00000f00   0x000006a0   Code   RO           68    .text.ProcessHardFault  retarget.o
    0x000015a0   0x000015a0   0x000000dc   Code   RO           36    .text.SCU_IRQHandler  system_m2351.o
    0x0000167c   0x0000167c   0x000002f0   Code   RO           32    .text.SCU_Setup     system_m2351.o
    0x0000196c   0x0000196c   0x0000000e   Code   RO           70    .text.SH_Return     retarget.o
    0x0000197a   0x0000197a   0x00000002   PAD
    0x0000197c   0x0000197c   0x000000d0   Code   RO           10    .text.SYS_Init      main.o
    0x00001a4c   0x00001a4c   0x00000020   Code   RO            8    .text.SYS_UnlockReg  main.o
    0x00001a6c   0x00001a6c   0x00000024   Code   RO           30    .text.SYS_UnlockReg  system_m2351.o
    0x00001a90   0x00001a90   0x00000010   Code   RO           74    .text.SendChar      retarget.o
    0x00001aa0   0x00001aa0   0x00000048   Code   RO           72    .text.SendChar_ToUART  retarget.o
    0x00001ae8   0x00001ae8   0x00000054   Code   RO           14    .text.SysTick_Config  main.o
    0x00001b3c   0x00001b3c   0x00000078   Code   RO            2    .text.SysTick_Handler  main.o
    0x00001bb4   0x00001bb4   0x00000034   Code   RO           42    .text.SystemCoreClockUpdate  system_m2351.o
    0x00001be8   0x00001be8   0x00000020   Code   RO           44    .text.SystemInit    system_m2351.o
    0x00001c08   0x00001c08   0x00000088   Code   RO           40    .text.TZ_SAU_Setup  system_m2351.o
    0x00001c90   0x00001c90   0x0000002c   Code   RO           34    .text.__NVIC_EnableIRQ  system_m2351.o
    0x00001cbc   0x00001cbc   0x00000078   Code   RO           16    .text.__NVIC_SetPriority  main.o
    0x00001d34   0x00001d34   0x00000014   Code   RO           84    .text.fputc         retarget.o
    0x00001d48   0x00001d48   0x00000064   Code   RO            6    .text.main          main.o
    0x00001dac   0x00001dac   0x00000020   Code   RO          215    i.__0printf         mc_p.l(printfa.o)
    0x00001dcc   0x00001dcc   0x0000002e   Code   RO          291    i.__ARM_clz         mf_p.l(depilogue.o)
    0x00001dfa   0x00001dfa   0x0000000e   Code   RO          296    i.__scatterload_copy  mc_p.l(handlers.o)
    0x00001e08   0x00001e08   0x00000002   Code   RO          297    i.__scatterload_null  mc_p.l(handlers.o)
    0x00001e0a   0x00001e0a   0x0000000e   Code   RO          298    i.__scatterload_zeroinit  mc_p.l(handlers.o)
    0x00001e18   0x00001e18   0x00000174   Code   RO          222    i._fp_digits        mc_p.l(printfa.o)
    0x00001f8c   0x00001f8c   0x000006ec   Code   RO          223    i._printf_core      mc_p.l(printfa.o)
    0x00002678   0x00002678   0x00000020   Code   RO          224    i._printf_post_padding  mc_p.l(printfa.o)
    0x00002698   0x00002698   0x0000002c   Code   RO          225    i._printf_pre_padding  mc_p.l(printfa.o)
    0x000026c4   0x000026c4   0x00000013   Data   RO           51    .rodata..L__const.SCU_IRQHandler.info  system_m2351.o
    0x000026d7   0x000026d7   0x00000001   PAD
    0x000026d8   0x000026d8   0x0000004c   Data   RO           50    .rodata..L__const.SCU_IRQHandler.ipname  system_m2351.o
    0x00002724   0x00002724   0x00000040   Data   RO          163    .rodata.cst16       clk.o
    0x00002764   0x00002764   0x00000020   Data   RO          161    .rodata.cst32       clk.o
    0x00002784   0x00002784   0x00000078   Data   RO           19    .rodata.str1.1      main.o
    0x000027fc   0x000027fc   0x0000007e   Data   RO           49    .rodata.str1.1      system_m2351.o
    0x0000287a   0x0000287a   0x0000035f   Data   RO           90    .rodata.str1.1      retarget.o
    0x00002bd9   0x00002bd9   0x00000003   PAD
    0x00002bdc   0x00002bdc   0x00000020   Data   RO          294    Region$$Table       anon$$obj.o


    Execution Region NSC_ROM (Exec base: 0x00002c00, Load base: 0x00002c00, Size: 0x00000060, Max: 0xffffffff, ABSOLUTE)

    Exec Addr    Load Addr    Size         Type   Attr      Idx    E Section Name        Object

    0x00002c00   0x00002c00   0x00000060   Code   XO          295    Veneer$$CMSE        anon$$obj.o


    Execution Region EXE_RAM (Exec base: 0x20000000, Load base: 0x00002c60, Size: 0x000012e8, Max: 0x00008000, ABSOLUTE, COMPRESSED[0x000001c8])

    Exec Addr    Load Addr    Size         Type   Attr      Idx    E Section Name        Object

    0x20000000   COMPRESSED   0x00000004   Data   RW           47    .data.CyclesPerUs   system_m2351.o
    0x20000004   COMPRESSED   0x00000004   Data   RW           48    .data.PllClock      system_m2351.o
    0x20000008   COMPRESSED   0x00000004   Data   RW           46    .data.SystemCoreClock  system_m2351.o
    0x2000000c   COMPRESSED   0x0000027f   Data   RW           91    .data.s_IpTbl       retarget.o
    0x2000028b   COMPRESSED   0x00000005   PAD
    0x20000290        -       0x00000004   Zero   RW           18    .bss.SysTick_Handler.ticks  main.o
    0x20000294        -       0x00000054   Zero   RW           92    .bss.__stdout       retarget.o
    0x200002e8        -       0x00001000   Zero   RW           58    STACK               startup_m2351.o


==============================================================================

Image component sizes


      Code (inc. data)   RO Data    RW Data    ZI Data      Debug   Object Name

      1156        108         96          0          0      11735   clk.o
       968        136        120          0          4       8338   main.o
      1818        100        863        639         84       6081   retarget.o
        68         20        472          0       4096        836   startup_m2351.o
      1536        260        221         12          0       8078   system_m2351.o

    ----------------------------------------------------------------------
      5644        624       1808        652       4188      35068   Object Totals
        96          0         32          0          0          0   (incl. Generated)
         2          0          4          1          4          0   (incl. Padding)

    ----------------------------------------------------------------------

      Code (inc. data)   RO Data    RW Data    ZI Data      Debug   Library Member Name

        86          0          0          0          0          0   __dczerorl2.o
         0          0          0          0          0          0   entry.o
         0          0          0          0          0          0   entry10a.o
         0          0          0          0          0          0   entry11a.o
         8          4          0          0          0          0   entry2.o
         4          0          0          0          0          0   entry5.o
         0          0          0          0          0          0   entry7b.o
         0          0          0          0          0          0   entry8b.o
         8          4          0          0          0          0   entry9a.o
        30          0          0          0          0          0   handlers.o
        36          8          0          0          0         68   init.o
         0          0          0          0          0          0   iusefp.o
        32          0          0          0          0         68   llshl.o
        38          0          0          0          0         68   llsshr.o
        34          0          0          0          0         68   llushr.o
        36          0          0          0          0         60   memcpya.o
        36          0          0          0          0        100   memseta.o
      2252         98          0          0          0        412   printfa.o
        62          0          0          0          0         72   uidiv_div0.o
        96          0          0          0          0         84   uldiv.o
        40          2          0          0          0         68   cdrcmple.o
       356          4          0          0          0        140   dadd.o
       240          6          0          0          0         84   ddiv.o
       236          0          0          0          0        216   depilogue.o
        64         10          0          0          0         68   dfixul.o
       208          6          0          0          0         88   dmul.o

    ----------------------------------------------------------------------
      3904        142          0          0          0       1664   Library Totals
         2          0          0          0          0          0   (incl. Padding)

    ----------------------------------------------------------------------

      Code (inc. data)   RO Data    RW Data    ZI Data      Debug   Library Name

      2758        114          0          0          0       1000   mc_p.l
      1144         28          0          0          0        664   mf_p.l

    ----------------------------------------------------------------------
      3904        142          0          0          0       1664   Library Totals

    ----------------------------------------------------------------------

==============================================================================


      Code (inc. data)   RO Data    RW Data    ZI Data      Debug   

      9548        766       1808        652       4188      36108   Grand Totals
      9548        766       1808        456       4188      36108   ELF Image Totals (compressed)
      9548        766       1808        456          0          0   ROM Totals

==============================================================================

    Total RO  Size (Code + RO Data)                11356 (  11.09kB)
    Total RW  Size (RW Data + ZI Data)              4840 (   4.73kB)
    Total ROM Size (Code + RO Data + RW Data)      11812 (  11.54kB)

==============================================================================

