Component: ARM Compiler 6.15 Tool: armlink [5dd79300]

==============================================================================

Section Cross References

    stm32l5xx_hal.o(.text.HAL_Init) refers to stm32l5xx_hal_cortex.o(.text.HAL_NVIC_SetPriorityGrouping) for HAL_NVIC_SetPriorityGrouping
    stm32l5xx_hal.o(.text.HAL_Init) refers to system_stm32l5xx.o(.text.SystemCoreClockUpdate) for SystemCoreClockUpdate
    stm32l5xx_hal.o(.text.HAL_Init) refers to boot_hal.o(.text.HAL_InitTick) for HAL_InitTick
    stm32l5xx_hal.o(.text.HAL_Init) refers to stm32l5xx_hal.o(.text.HAL_MspInit) for HAL_MspInit
    stm32l5xx_hal.o(.ARM.exidx.text.HAL_Init) refers to stm32l5xx_hal.o(.text.HAL_Init) for [Anonymous Symbol]
    stm32l5xx_hal.o(.text.HAL_InitTick) refers to stm32l5xx_hal_cortex.o(.text.HAL_SYSTICK_Config) for HAL_SYSTICK_Config
    stm32l5xx_hal.o(.text.HAL_InitTick) refers to stm32l5xx_hal_cortex.o(.text.HAL_NVIC_SetPriority) for HAL_NVIC_SetPriority
    stm32l5xx_hal.o(.text.HAL_InitTick) refers to stm32l5xx_hal.o(.data..L_MergedGlobals) for [Anonymous Symbol]
    stm32l5xx_hal.o(.text.HAL_InitTick) refers to system_stm32l5xx.o(.data.SystemCoreClock) for SystemCoreClock
    stm32l5xx_hal.o(.ARM.exidx.text.HAL_InitTick) refers to stm32l5xx_hal.o(.text.HAL_InitTick) for [Anonymous Symbol]
    stm32l5xx_hal.o(.ARM.exidx.text.HAL_MspInit) refers to stm32l5xx_hal.o(.text.HAL_MspInit) for [Anonymous Symbol]
    stm32l5xx_hal.o(.text.HAL_DeInit) refers to stm32l5xx_hal.o(.text.HAL_MspDeInit) for HAL_MspDeInit
    stm32l5xx_hal.o(.ARM.exidx.text.HAL_DeInit) refers to stm32l5xx_hal.o(.text.HAL_DeInit) for [Anonymous Symbol]
    stm32l5xx_hal.o(.ARM.exidx.text.HAL_MspDeInit) refers to stm32l5xx_hal.o(.text.HAL_MspDeInit) for [Anonymous Symbol]
    stm32l5xx_hal.o(.text.HAL_IncTick) refers to stm32l5xx_hal.o(.data..L_MergedGlobals) for [Anonymous Symbol]
    stm32l5xx_hal.o(.text.HAL_IncTick) refers to stm32l5xx_hal.o(.bss.uwTick) for uwTick
    stm32l5xx_hal.o(.ARM.exidx.text.HAL_IncTick) refers to stm32l5xx_hal.o(.text.HAL_IncTick) for [Anonymous Symbol]
    stm32l5xx_hal.o(.text.HAL_GetTick) refers to stm32l5xx_hal.o(.bss.uwTick) for uwTick
    stm32l5xx_hal.o(.ARM.exidx.text.HAL_GetTick) refers to stm32l5xx_hal.o(.text.HAL_GetTick) for [Anonymous Symbol]
    stm32l5xx_hal.o(.text.HAL_GetTickPrio) refers to stm32l5xx_hal.o(.data..L_MergedGlobals) for [Anonymous Symbol]
    stm32l5xx_hal.o(.ARM.exidx.text.HAL_GetTickPrio) refers to stm32l5xx_hal.o(.text.HAL_GetTickPrio) for [Anonymous Symbol]
    stm32l5xx_hal.o(.text.HAL_SetTickFreq) refers to boot_hal.o(.text.HAL_InitTick) for HAL_InitTick
    stm32l5xx_hal.o(.text.HAL_SetTickFreq) refers to stm32l5xx_hal.o(.data..L_MergedGlobals) for [Anonymous Symbol]
    stm32l5xx_hal.o(.ARM.exidx.text.HAL_SetTickFreq) refers to stm32l5xx_hal.o(.text.HAL_SetTickFreq) for [Anonymous Symbol]
    stm32l5xx_hal.o(.text.HAL_GetTickFreq) refers to stm32l5xx_hal.o(.data..L_MergedGlobals) for [Anonymous Symbol]
    stm32l5xx_hal.o(.ARM.exidx.text.HAL_GetTickFreq) refers to stm32l5xx_hal.o(.text.HAL_GetTickFreq) for [Anonymous Symbol]
    stm32l5xx_hal.o(.text.HAL_Delay) refers to boot_hal.o(.text.HAL_GetTick) for HAL_GetTick
    stm32l5xx_hal.o(.text.HAL_Delay) refers to stm32l5xx_hal.o(.data..L_MergedGlobals) for [Anonymous Symbol]
    stm32l5xx_hal.o(.ARM.exidx.text.HAL_Delay) refers to stm32l5xx_hal.o(.text.HAL_Delay) for [Anonymous Symbol]
    stm32l5xx_hal.o(.text.HAL_SuspendTick) refers to stm32l5xx_hal.o(.text.OUTLINED_FUNCTION_2) for OUTLINED_FUNCTION_2
    stm32l5xx_hal.o(.ARM.exidx.text.HAL_SuspendTick) refers to stm32l5xx_hal.o(.text.HAL_SuspendTick) for [Anonymous Symbol]
    stm32l5xx_hal.o(.text.HAL_ResumeTick) refers to stm32l5xx_hal.o(.text.OUTLINED_FUNCTION_0) for OUTLINED_FUNCTION_0
    stm32l5xx_hal.o(.ARM.exidx.text.HAL_ResumeTick) refers to stm32l5xx_hal.o(.text.HAL_ResumeTick) for [Anonymous Symbol]
    stm32l5xx_hal.o(.ARM.exidx.text.HAL_GetHalVersion) refers to stm32l5xx_hal.o(.text.HAL_GetHalVersion) for [Anonymous Symbol]
    stm32l5xx_hal.o(.ARM.exidx.text.HAL_GetREVID) refers to stm32l5xx_hal.o(.text.HAL_GetREVID) for [Anonymous Symbol]
    stm32l5xx_hal.o(.ARM.exidx.text.HAL_GetDEVID) refers to stm32l5xx_hal.o(.text.HAL_GetDEVID) for [Anonymous Symbol]
    stm32l5xx_hal.o(.ARM.exidx.text.HAL_GetUIDw0) refers to stm32l5xx_hal.o(.text.HAL_GetUIDw0) for [Anonymous Symbol]
    stm32l5xx_hal.o(.ARM.exidx.text.HAL_GetUIDw1) refers to stm32l5xx_hal.o(.text.HAL_GetUIDw1) for [Anonymous Symbol]
    stm32l5xx_hal.o(.ARM.exidx.text.HAL_GetUIDw2) refers to stm32l5xx_hal.o(.text.HAL_GetUIDw2) for [Anonymous Symbol]
    stm32l5xx_hal.o(.text.HAL_DBGMCU_EnableDBGStopMode) refers to stm32l5xx_hal.o(.text.OUTLINED_FUNCTION_0) for OUTLINED_FUNCTION_0
    stm32l5xx_hal.o(.ARM.exidx.text.HAL_DBGMCU_EnableDBGStopMode) refers to stm32l5xx_hal.o(.text.HAL_DBGMCU_EnableDBGStopMode) for [Anonymous Symbol]
[...]
    __rt_lib_init_lc_numeric_1               0x0c001a8b   Thumb Code     0  libinit2.o(.ARM.Collect$$libinit$$00000017)
    __rt_lib_init_lc_time_1                  0x0c001a8b   Thumb Code     0  libinit2.o(.ARM.Collect$$libinit$$00000019)
    __rt_lib_init_preinit_1                  0x0c001a8b   Thumb Code     0  libinit2.o(.ARM.Collect$$libinit$$00000004)
    __rt_lib_init_rand_1                     0x0c001a8b   Thumb Code     0  libinit2.o(.ARM.Collect$$libinit$$0000000E)
    __rt_lib_init_return                     0x0c001a8b   Thumb Code     0  libinit2.o(.ARM.Collect$$libinit$$00000033)
    __rt_lib_init_signal_1                   0x0c001a8b   Thumb Code     0  libinit2.o(.ARM.Collect$$libinit$$0000001D)
    __rt_lib_init_stdio_1                    0x0c001a8b   Thumb Code     0  libinit2.o(.ARM.Collect$$libinit$$00000025)
    __rt_lib_init_user_alloc_1               0x0c001a8b   Thumb Code     0  libinit2.o(.ARM.Collect$$libinit$$0000000C)
    __rt_lib_shutdown                        0x0c001a8d   Thumb Code     0  libshutdown.o(.ARM.Collect$$libshutdown$$00000000)
    __rt_lib_shutdown_cpp_1                  0x0c001a8f   Thumb Code     0  libshutdown2.o(.ARM.Collect$$libshutdown$$00000002)
    __rt_lib_shutdown_fp_trap_1              0x0c001a8f   Thumb Code     0  libshutdown2.o(.ARM.Collect$$libshutdown$$00000007)
    __rt_lib_shutdown_heap_1                 0x0c001a8f   Thumb Code     0  libshutdown2.o(.ARM.Collect$$libshutdown$$0000000F)
    __rt_lib_shutdown_return                 0x0c001a8f   Thumb Code     0  libshutdown2.o(.ARM.Collect$$libshutdown$$00000010)
    __rt_lib_shutdown_signal_1               0x0c001a8f   Thumb Code     0  libshutdown2.o(.ARM.Collect$$libshutdown$$0000000A)
    __rt_lib_shutdown_stdio_1                0x0c001a8f   Thumb Code     0  libshutdown2.o(.ARM.Collect$$libshutdown$$00000004)
    __rt_lib_shutdown_user_alloc_1           0x0c001a8f   Thumb Code     0  libshutdown2.o(.ARM.Collect$$libshutdown$$0000000C)
    __rt_entry                               0x0c001a91   Thumb Code     0  __rtentry.o(.ARM.Collect$$rtentry$$00000000)
    __rt_entry_presh_1                       0x0c001a91   Thumb Code     0  __rtentry2.o(.ARM.Collect$$rtentry$$00000002)
    __rt_entry_sh                            0x0c001a91   Thumb Code     0  __rtentry7.o(.ARM.Collect$$rtentry$$00000007)
    __rt_entry_li                            0x0c001a95   Thumb Code     0  __rtentry2.o(.ARM.Collect$$rtentry$$0000000A)
    __rt_entry_postsh_1                      0x0c001a95   Thumb Code     0  __rtentry2.o(.ARM.Collect$$rtentry$$00000009)
    __rt_entry_main                          0x0c001a99   Thumb Code     0  __rtentry2.o(.ARM.Collect$$rtentry$$0000000D)
    __rt_entry_postli_1                      0x0c001a99   Thumb Code     0  __rtentry2.o(.ARM.Collect$$rtentry$$0000000C)
    __rt_exit                                0x0c001aa5   Thumb Code     0  rtexit.o(.ARM.Collect$$rtexit$$00000000)
    __rt_exit_ls                             0x0c001aa7   Thumb Code     0  rtexit2.o(.ARM.Collect$$rtexit$$00000003)
    __rt_exit_prels_1                        0x0c001aa7   Thumb Code     0  rtexit2.o(.ARM.Collect$$rtexit$$00000002)
    __rt_exit_exit                           0x0c001aab   Thumb Code     0  rtexit2.o(.ARM.Collect$$rtexit$$00000004)
    Reset_Handler                            0x0c001ab1   Thumb Code     8  startup_stm32l5xx_bl2.o(.text)
    HardFault_Handler                        0x0c001abb   Thumb Code     2  startup_stm32l5xx_bl2.o(.text)
    MemManage_Handler                        0x0c001abd   Thumb Code     2  startup_stm32l5xx_bl2.o(.text)
    BusFault_Handler                         0x0c001abf   Thumb Code     2  startup_stm32l5xx_bl2.o(.text)
    UsageFault_Handler                       0x0c001ac1   Thumb Code     2  startup_stm32l5xx_bl2.o(.text)
    SecureFault_Handler                      0x0c001ac3   Thumb Code     2  startup_stm32l5xx_bl2.o(.text)
    SVC_Handler                              0x0c001ac5   Thumb Code     2  startup_stm32l5xx_bl2.o(.text)
    DebugMon_Handler                         0x0c001ac7   Thumb Code     2  startup_stm32l5xx_bl2.o(.text)
    PendSV_Handler                           0x0c001ac9   Thumb Code     2  startup_stm32l5xx_bl2.o(.text)
    SysTick_Handler                          0x0c001acb   Thumb Code     2  startup_stm32l5xx_bl2.o(.text)
    ADC1_2_IRQHandler                        0x0c001acd   Thumb Code     0  startup_stm32l5xx_bl2.o(.text)
    COMP_IRQHandler                          0x0c001acd   Thumb Code     0  startup_stm32l5xx_bl2.o(.text)
    CRS_IRQHandler                           0x0c001acd   Thumb Code     0  startup_stm32l5xx_bl2.o(.text)
    DAC_IRQHandler                           0x0c001acd   Thumb Code     0  startup_stm32l5xx_bl2.o(.text)
    DFSDM1_FLT0_IRQHandler                   0x0c001acd   Thumb Code     0  startup_stm32l5xx_bl2.o(.text)
    DFSDM1_FLT1_IRQHandler                   0x0c001acd   Thumb Code     0  startup_stm32l5xx_bl2.o(.text)
    DFSDM1_FLT2_IRQHandler                   0x0c001acd   Thumb Code     0  startup_stm32l5xx_bl2.o(.text)
    DFSDM1_FLT3_IRQHandler                   0x0c001acd   Thumb Code     0  startup_stm32l5xx_bl2.o(.text)
    DMA1_Channel1_IRQHandler                 0x0c001acd   Thumb Code     0  startup_stm32l5xx_bl2.o(.text)
    DMA1_Channel2_IRQHandler                 0x0c001acd   Thumb Code     0  startup_stm32l5xx_bl2.o(.text)
    DMA1_Channel3_IRQHandler                 0x0c001acd   Thumb Code     0  startup_stm32l5xx_bl2.o(.text)
    DMA1_Channel4_IRQHandler                 0x0c001acd   Thumb Code     0  startup_stm32l5xx_bl2.o(.text)
    DMA1_Channel5_IRQHandler                 0x0c001acd   Thumb Code     0  startup_stm32l5xx_bl2.o(.text)
    DMA1_Channel6_IRQHandler                 0x0c001acd   Thumb Code     0  startup_stm32l5xx_bl2.o(.text)
    DMA1_Channel7_IRQHandler                 0x0c001acd   Thumb Code     0  startup_stm32l5xx_bl2.o(.text)
    DMA1_Channel8_IRQHandler                 0x0c001acd   Thumb Code     0  startup_stm32l5xx_bl2.o(.text)
    DMA2_Channel1_IRQHandler                 0x0c001acd   Thumb Code     0  startup_stm32l5xx_bl2.o(.text)
    DMA2_Channel2_IRQHandler                 0x0c001acd   Thumb Code     0  startup_stm32l5xx_bl2.o(.text)
    DMA2_Channel3_IRQHandler                 0x0c001acd   Thumb Code     0  startup_stm32l5xx_bl2.o(.text)
    DMA2_Channel4_IRQHandler                 0x0c001acd   Thumb Code     0  startup_stm32l5xx_bl2.o(.text)
    DMA2_Channel5_IRQHandler                 0x0c001acd   Thumb Code     0  startup_stm32l5xx_bl2.o(.text)
    DMA2_Channel6_IRQHandler                 0x0c001acd   Thumb Code     0  startup_stm32l5xx_bl2.o(.text)
    DMA2_Channel7_IRQHandler                 0x0c001acd   Thumb Code     0  startup_stm32l5xx_bl2.o(.text)
    DMA2_Channel8_IRQHandler                 0x0c001acd   Thumb Code     0  startup_stm32l5xx_bl2.o(.text)
    DMAMUX1_IRQHandler                       0x0c001acd   Thumb Code     0  startup_stm32l5xx_bl2.o(.text)
    DMAMUX1_IRQHandler_S                     0x0c001acd   Thumb Code     0  startup_stm32l5xx_bl2.o(.text)
    EXTI0_IRQHandler                         0x0c001acd   Thumb Code     0  startup_stm32l5xx_bl2.o(.text)
    EXTI10_IRQHandler                        0x0c001acd   Thumb Code     0  startup_stm32l5xx_bl2.o(.text)
    EXTI11_IRQHandler                        0x0c001acd   Thumb Code     0  startup_stm32l5xx_bl2.o(.text)
    EXTI12_IRQHandler                        0x0c001acd   Thumb Code     0  startup_stm32l5xx_bl2.o(.text)
    EXTI13_IRQHandler                        0x0c001acd   Thumb Code     0  startup_stm32l5xx_bl2.o(.text)
    EXTI14_IRQHandler                        0x0c001acd   Thumb Code     0  startup_stm32l5xx_bl2.o(.text)
    EXTI15_IRQHandler                        0x0c001acd   Thumb Code     0  startup_stm32l5xx_bl2.o(.text)
    EXTI1_IRQHandler                         0x0c001acd   Thumb Code     0  startup_stm32l5xx_bl2.o(.text)
    EXTI2_IRQHandler                         0x0c001acd   Thumb Code     0  startup_stm32l5xx_bl2.o(.text)
    EXTI3_IRQHandler                         0x0c001acd   Thumb Code     0  startup_stm32l5xx_bl2.o(.text)
    EXTI4_IRQHandler                         0x0c001acd   Thumb Code     0  startup_stm32l5xx_bl2.o(.text)
    EXTI5_IRQHandler                         0x0c001acd   Thumb Code     0  startup_stm32l5xx_bl2.o(.text)
    EXTI6_IRQHandler                         0x0c001acd   Thumb Code     0  startup_stm32l5xx_bl2.o(.text)
    EXTI7_IRQHandler                         0x0c001acd   Thumb Code     0  startup_stm32l5xx_bl2.o(.text)
    EXTI8_IRQHandler                         0x0c001acd   Thumb Code     0  startup_stm32l5xx_bl2.o(.text)
    EXTI9_IRQHandler                         0x0c001acd   Thumb Code     0  startup_stm32l5xx_bl2.o(.text)
    FDCAN1_IT0_IRQHandler                    0x0c001acd   Thumb Code     0  startup_stm32l5xx_bl2.o(.text)
    FDCAN1_IT1_IRQHandler                    0x0c001acd   Thumb Code     0  startup_stm32l5xx_bl2.o(.text)
    FLASH_IRQHandler                         0x0c001acd   Thumb Code     0  startup_stm32l5xx_bl2.o(.text)
    FLASH_IRQHandler_S                       0x0c001acd   Thumb Code     0  startup_stm32l5xx_bl2.o(.text)
    FMC_IRQHandler                           0x0c001acd   Thumb Code     0  startup_stm32l5xx_bl2.o(.text)
    FPU_IRQHandler                           0x0c001acd   Thumb Code     0  startup_stm32l5xx_bl2.o(.text)
    I2C1_ER_IRQHandler                       0x0c001acd   Thumb Code     0  startup_stm32l5xx_bl2.o(.text)
    I2C1_EV_IRQHandler                       0x0c001acd   Thumb Code     0  startup_stm32l5xx_bl2.o(.text)
    I2C2_ER_IRQHandler                       0x0c001acd   Thumb Code     0  startup_stm32l5xx_bl2.o(.text)
    I2C2_EV_IRQHandler                       0x0c001acd   Thumb Code     0  startup_stm32l5xx_bl2.o(.text)
    I2C3_ER_IRQHandler                       0x0c001acd   Thumb Code     0  startup_stm32l5xx_bl2.o(.text)
    I2C3_EV_IRQHandler                       0x0c001acd   Thumb Code     0  startup_stm32l5xx_bl2.o(.text)
    I2C4_ER_IRQHandler                       0x0c001acd   Thumb Code     0  startup_stm32l5xx_bl2.o(.text)
    I2C4_EV_IRQHandler                       0x0c001acd   Thumb Code     0  startup_stm32l5xx_bl2.o(.text)
    ICACHE_IRQHandler                        0x0c001acd   Thumb Code     0  startup_stm32l5xx_bl2.o(.text)
    LPTIM1_IRQHandler                        0x0c001acd   Thumb Code     0  startup_stm32l5xx_bl2.o(.text)
    LPTIM2_IRQHandler                        0x0c001acd   Thumb Code     0  startup_stm32l5xx_bl2.o(.text)
    LPTIM3_IRQHandler                        0x0c001acd   Thumb Code     0  startup_stm32l5xx_bl2.o(.text)
    LPUART1_IRQHandler                       0x0c001acd   Thumb Code     0  startup_stm32l5xx_bl2.o(.text)
    OCTOSPI1_IRQHandler                      0x0c001acd   Thumb Code     0  startup_stm32l5xx_bl2.o(.text)
    OTFDEC1_IRQHandler                       0x0c001acd   Thumb Code     0  startup_stm32l5xx_bl2.o(.text)
    PVD_PVM_IRQHandler                       0x0c001acd   Thumb Code     0  startup_stm32l5xx_bl2.o(.text)
    RCC_IRQHandler                           0x0c001acd   Thumb Code     0  startup_stm32l5xx_bl2.o(.text)
    RCC_IRQHandler_S                         0x0c001acd   Thumb Code     0  startup_stm32l5xx_bl2.o(.text)
    RNG_IRQHandler                           0x0c001acd   Thumb Code     0  startup_stm32l5xx_bl2.o(.text)
    RTC_IRQHandler                           0x0c001acd   Thumb Code     0  startup_stm32l5xx_bl2.o(.text)
    RTC_IRQHandler_S                         0x0c001acd   Thumb Code     0  startup_stm32l5xx_bl2.o(.text)
    SAI1_IRQHandler                          0x0c001acd   Thumb Code     0  startup_stm32l5xx_bl2.o(.text)
    SAI2_IRQHandler                          0x0c001acd   Thumb Code     0  startup_stm32l5xx_bl2.o(.text)
    SDMMC1_IRQHandler                        0x0c001acd   Thumb Code     0  startup_stm32l5xx_bl2.o(.text)
    SERR_IRQHandler                          0x0c001acd   Thumb Code     0  startup_stm32l5xx_bl2.o(.text)
    SPI1_IRQHandler                          0x0c001acd   Thumb Code     0  startup_stm32l5xx_bl2.o(.text)
    SPI2_IRQHandler                          0x0c001acd   Thumb Code     0  startup_stm32l5xx_bl2.o(.text)
    SPI3_IRQHandler                          0x0c001acd   Thumb Code     0  startup_stm32l5xx_bl2.o(.text)
    TAMP_IRQHandler                          0x0c001acd   Thumb Code     0  startup_stm32l5xx_bl2.o(.text)
    TAMP_IRQHandler_S                        0x0c001acd   Thumb Code     0  startup_stm32l5xx_bl2.o(.text)
    TIM15_IRQHandler                         0x0c001acd   Thumb Code     0  startup_stm32l5xx_bl2.o(.text)
    TIM16_IRQHandler                         0x0c001acd   Thumb Code     0  startup_stm32l5xx_bl2.o(.text)
    TIM17_IRQHandler                         0x0c001acd   Thumb Code     0  startup_stm32l5xx_bl2.o(.text)
    TIM1_BRK_IRQHandler                      0x0c001acd   Thumb Code     0  startup_stm32l5xx_bl2.o(.text)
    TIM1_CC_IRQHandler                       0x0c001acd   Thumb Code     0  startup_stm32l5xx_bl2.o(.text)
    TIM1_TRG_COM_IRQHandler                  0x0c001acd   Thumb Code     0  startup_stm32l5xx_bl2.o(.text)
    TIM1_UP_IRQHandler                       0x0c001acd   Thumb Code     0  startup_stm32l5xx_bl2.o(.text)
    TIM2_IRQHandler                          0x0c001acd   Thumb Code     0  startup_stm32l5xx_bl2.o(.text)
    TIM3_IRQHandler                          0x0c001acd   Thumb Code     0  startup_stm32l5xx_bl2.o(.text)
    TIM4_IRQHandler                          0x0c001acd   Thumb Code     0  startup_stm32l5xx_bl2.o(.text)
    TIM5_IRQHandler                          0x0c001acd   Thumb Code     0  startup_stm32l5xx_bl2.o(.text)
    TIM6_IRQHandler                          0x0c001acd   Thumb Code     0  startup_stm32l5xx_bl2.o(.text)
    TIM7_IRQHandler                          0x0c001acd   Thumb Code     0  startup_stm32l5xx_bl2.o(.text)
    TIM8_BRK_IRQHandler                      0x0c001acd   Thumb Code     0  startup_stm32l5xx_bl2.o(.text)
    TIM8_CC_IRQHandler                       0x0c001acd   Thumb Code     0  startup_stm32l5xx_bl2.o(.text)
    TIM8_TRG_COM_IRQHandler                  0x0c001acd   Thumb Code     0  startup_stm32l5xx_bl2.o(.text)
    TIM8_UP_IRQHandler                       0x0c001acd   Thumb Code     0  startup_stm32l5xx_bl2.o(.text)
    TSC_IRQHandler                           0x0c001acd   Thumb Code     0  startup_stm32l5xx_bl2.o(.text)
    UART4_IRQHandler                         0x0c001acd   Thumb Code     0  startup_stm32l5xx_bl2.o(.text)
    UART5_IRQHandler                         0x0c001acd   Thumb Code     0  startup_stm32l5xx_bl2.o(.text)
    UCPD1_IRQHandler                         0x0c001acd   Thumb Code     0  startup_stm32l5xx_bl2.o(.text)
    USART1_IRQHandler                        0x0c001acd   Thumb Code     0  startup_stm32l5xx_bl2.o(.text)
    USART2_IRQHandler                        0x0c001acd   Thumb Code     0  startup_stm32l5xx_bl2.o(.text)
    USART3_IRQHandler                        0x0c001acd   Thumb Code     0  startup_stm32l5xx_bl2.o(.text)
    USB_FS_IRQHandler                        0x0c001acd   Thumb Code     0  startup_stm32l5xx_bl2.o(.text)
    WWDG_IRQHandler                          0x0c001acd   Thumb Code     0  startup_stm32l5xx_bl2.o(.text)
    __aeabi_uldivmod                         0x0c001ad9   Thumb Code     0  lludivv7m.o(.text)
    _ll_udiv                                 0x0c001ad9   Thumb Code   240  lludivv7m.o(.text)
    __2printf                                0x0c001bc9   Thumb Code    20  noretval__2printf.o(.text)
    __printf                                 0x0c001be1   Thumb Code   104  __printf.o(.text)
    _printf_str                              0x0c001c49   Thumb Code    82  _printf_str.o(.text)
    _printf_int_dec                          0x0c001c9d   Thumb Code   104  _printf_dec.o(.text)
    _printf_int_hex                          0x0c001d15   Thumb Code    84  _printf_hex_int.o(.text)
    _printf_longlong_hex                     0x0c001d15   Thumb Code     0  _printf_hex_int.o(.text)
    puts                                     0x0c001d6d   Thumb Code    40  puts.o(.text)
    __aeabi_memcpy                           0x0c001d99   Thumb Code     0  rt_memcpy_v6.o(.text)
    __rt_memcpy                              0x0c001d99   Thumb Code   138  rt_memcpy_v6.o(.text)
    _memcpy_lastbytes                        0x0c001dff   Thumb Code     0  rt_memcpy_v6.o(.text)
    __aeabi_memcpy4                          0x0c001e23   Thumb Code     0  rt_memcpy_w.o(.text)
    __aeabi_memcpy8                          0x0c001e23   Thumb Code     0  rt_memcpy_w.o(.text)
    __rt_memcpy_w                            0x0c001e23   Thumb Code   100  rt_memcpy_w.o(.text)
    _memcpy_lastbytes_aligned                0x0c001e6b   Thumb Code     0  rt_memcpy_w.o(.text)
    memset                                   0x0c001e87   Thumb Code    22  memset.o(.text)
    __aeabi_memset                           0x0c001e9d   Thumb Code    16  aeabi_memset.o(.text)
    __aeabi_memclr                           0x0c001ead   Thumb Code     0  rt_memclr.o(.text)
    __rt_memclr                              0x0c001ead   Thumb Code    68  rt_memclr.o(.text)
    _memset                                  0x0c001eb1   Thumb Code     0  rt_memclr.o(.text)
    __aeabi_memclr4                          0x0c001ef1   Thumb Code     0  rt_memclr_w.o(.text)
    __aeabi_memclr8                          0x0c001ef1   Thumb Code     0  rt_memclr_w.o(.text)
    __rt_memclr_w                            0x0c001ef1   Thumb Code    78  rt_memclr_w.o(.text)
    _memset_w                                0x0c001ef5   Thumb Code     0  rt_memclr_w.o(.text)
    _printf_int_common                       0x0c001f3f   Thumb Code   178  _printf_intcommon.o(.text)
    _printf_cs_common                        0x0c001ff1   Thumb Code    20  _printf_char.o(.text)
    _printf_char                             0x0c002005   Thumb Code    16  _printf_char.o(.text)
    _printf_string                           0x0c002015   Thumb Code     8  _printf_char.o(.text)
    _printf_char_file                        0x0c00201d   Thumb Code    32  _printf_char_file.o(.text)
    _printf_char_common                      0x0c00204b   Thumb Code    32  _printf_char_common.o(.text)
    ferror                                   0x0c002071   Thumb Code     8  ferror.o(.text)
    __I$use$semihosting                      0x0c002079   Thumb Code     0  use_no_semi.o(.text)
    __use_no_semihosting_swi                 0x0c002079   Thumb Code     2  use_no_semi.o(.text)
    __semihosting_library_function           0x0c00207b   Thumb Code     0  indicate_semi.o(.text)
    exit                                     0x0c00207b   Thumb Code    18  exit.o(.text)
    _sys_exit                                0x0c00208d   Thumb Code     8  sys_exit.o(.text)
    FLASH_PageErase                          0x0c002131   Thumb Code   100  stm32l5xx_hal_flash_ex.o(.text.FLASH_PageErase)
    FLASH_WaitForLastOperation               0x0c0021d1   Thumb Code   112  stm32l5xx_hal_flash.o(.text.FLASH_WaitForLastOperation)
    HAL_Delay                                0x0c0024b5   Thumb Code    36  stm32l5xx_hal.o(.text.HAL_Delay)
    HAL_FLASHEx_ConfigPrivMode               0x0c0024d9   Thumb Code    20  stm32l5xx_hal_flash_ex.o(.text.HAL_FLASHEx_ConfigPrivMode)
    HAL_FLASHEx_Erase                        0x0c0024ed   Thumb Code   168  stm32l5xx_hal_flash_ex.o(.text.HAL_FLASHEx_Erase)
    HAL_FLASHEx_OBGetConfig                  0x0c002595   Thumb Code   284  stm32l5xx_hal_flash_ex.o(.text.HAL_FLASHEx_OBGetConfig)
    HAL_FLASHEx_OBProgram                    0x0c0026b1   Thumb Code   708  stm32l5xx_hal_flash_ex.o(.text.HAL_FLASHEx_OBProgram)
    HAL_FLASH_Lock                           0x0c002975   Thumb Code    44  stm32l5xx_hal_flash.o(.text.HAL_FLASH_Lock)
    HAL_FLASH_OB_Launch                      0x0c0029a1   Thumb Code    20  stm32l5xx_hal_flash.o(.text.HAL_FLASH_OB_Launch)
    HAL_FLASH_OB_Unlock                      0x0c0029b5   Thumb Code    40  stm32l5xx_hal_flash.o(.text.HAL_FLASH_OB_Unlock)
    HAL_FLASH_Program                        0x0c0029dd   Thumb Code   108  stm32l5xx_hal_flash.o(.text.HAL_FLASH_Program)
    HAL_FLASH_Unlock                         0x0c002a49   Thumb Code    68  stm32l5xx_hal_flash.o(.text.HAL_FLASH_Unlock)
    HAL_GPIO_Init                            0x0c002a8d   Thumb Code   360  stm32l5xx_hal_gpio.o(.text.HAL_GPIO_Init)
    HAL_GPIO_ReadPin                         0x0c002bf5   Thumb Code    10  stm32l5xx_hal_gpio.o(.text.HAL_GPIO_ReadPin)
    HAL_GetTick                              0x0c002c01   Thumb Code    72  boot_hal.o(.text.HAL_GetTick)
    HAL_HASHEx_SHA224_Accmlt                 0x0c002c49   Thumb Code     8  stm32l5xx_hal_hash_ex.o(.text.HAL_HASHEx_SHA224_Accmlt)
    HAL_HASHEx_SHA224_Accmlt_End             0x0c002c51   Thumb Code    18  stm32l5xx_hal_hash_ex.o(.text.HAL_HASHEx_SHA224_Accmlt_End)
    HAL_HASHEx_SHA256_Accmlt                 0x0c002c65   Thumb Code     8  stm32l5xx_hal_hash_ex.o(.text.HAL_HASHEx_SHA256_Accmlt)
    HAL_HASHEx_SHA256_Accmlt_End             0x0c002c6d   Thumb Code    20  stm32l5xx_hal_hash_ex.o(.text.HAL_HASHEx_SHA256_Accmlt_End)
    HAL_HASH_DeInit                          0x0c002c81   Thumb Code    52  stm32l5xx_hal_hash.o(.text.HAL_HASH_DeInit)
    HAL_HASH_Init                            0x0c002cb5   Thumb Code    88  stm32l5xx_hal_hash.o(.text.HAL_HASH_Init)
    HAL_HASH_MspDeInit                       0x0c002d0d   Thumb Code     2  stm32l5xx_hal_hash.o(.text.HAL_HASH_MspDeInit)
    HAL_HASH_MspInit                         0x0c002d0f   Thumb Code     2  stm32l5xx_hal_hash.o(.text.HAL_HASH_MspInit)
    HAL_ICACHE_Enable                        0x0c002d11   Thumb Code    16  stm32l5xx_hal_icache.o(.text.HAL_ICACHE_Enable)
    HAL_ICACHE_Invalidate                    0x0c002d21   Thumb Code    36  stm32l5xx_hal_icache.o(.text.HAL_ICACHE_Invalidate)
    HAL_ICACHE_WaitForInvalidateComplete     0x0c002d45   Thumb Code    56  stm32l5xx_hal_icache.o(.text.HAL_ICACHE_WaitForInvalidateComplete)
    HAL_Init                                 0x0c002d7d   Thumb Code    32  stm32l5xx_hal.o(.text.HAL_Init)
    HAL_InitTick                             0x0c002d9d   Thumb Code    32  boot_hal.o(.text.HAL_InitTick)
    HAL_MspInit                              0x0c002dbd   Thumb Code     2  stm32l5xx_hal.o(.text.HAL_MspInit)
    HAL_NVIC_SetPriorityGrouping             0x0c002dc1   Thumb Code    32  stm32l5xx_hal_cortex.o(.text.HAL_NVIC_SetPriorityGrouping)
    HAL_NVIC_SystemReset                     0x0c002de1   Thumb Code     4  stm32l5xx_hal_cortex.o(.text.HAL_NVIC_SystemReset)
    HAL_PWREx_EnableSRAM2ContentRetention    0x0c002de5   Thumb Code    20  stm32l5xx_hal_pwr_ex.o(.text.HAL_PWREx_EnableSRAM2ContentRetention)
    HAL_PWREx_EnableVddIO2                   0x0c002df9   Thumb Code    16  stm32l5xx_hal_pwr_ex.o(.text.HAL_PWREx_EnableVddIO2)
    HAL_RCC_GetHCLKFreq                      0x0c002e09   Thumb Code    28  stm32l5xx_hal_rcc.o(.text.HAL_RCC_GetHCLKFreq)
    HAL_RCC_GetPCLK1Freq                     0x0c002e25   Thumb Code    24  stm32l5xx_hal_rcc.o(.text.HAL_RCC_GetPCLK1Freq)
    HAL_RCC_GetPCLK2Freq                     0x0c002e3d   Thumb Code    32  stm32l5xx_hal_rcc.o(.text.HAL_RCC_GetPCLK2Freq)
    HAL_RCC_GetSysClockFreq                  0x0c002e5d   Thumb Code   144  stm32l5xx_hal_rcc.o(.text.HAL_RCC_GetSysClockFreq)
    HAL_UARTEx_RxEventCallback               0x0c002eed   Thumb Code     2  stm32l5xx_hal_uart.o(.text.HAL_UARTEx_RxEventCallback)
    HAL_UART_ErrorCallback                   0x0c002eef   Thumb Code     2  stm32l5xx_hal_uart.o(.text.HAL_UART_ErrorCallback)
    HAL_UART_Init                            0x0c002ef1   Thumb Code    58  stm32l5xx_hal_uart.o(.text.HAL_UART_Init)
    HAL_UART_MspInit                         0x0c002f2b   Thumb Code     2  stm32l5xx_hal_uart.o(.text.HAL_UART_MspInit)
    HAL_UART_Receive_IT                      0x0c002f2d   Thumb Code    68  stm32l5xx_hal_uart.o(.text.HAL_UART_Receive_IT)
    HAL_UART_RxCpltCallback                  0x0c002f71   Thumb Code     2  stm32l5xx_hal_uart.o(.text.HAL_UART_RxCpltCallback)
    HAL_UART_Transmit                        0x0c002f73   Thumb Code   198  stm32l5xx_hal_uart.o(.text.HAL_UART_Transmit)
    HASH_Accumulate                          0x0c003039   Thumb Code   136  stm32l5xx_hal_hash.o(.text.HASH_Accumulate)
    HASH_Start                               0x0c003159   Thumb Code   276  stm32l5xx_hal_hash.o(.text.HASH_Start)
    NMI_Handler                              0x0c00335d   Thumb Code   116  low_level_flash.o(.text.NMI_Handler)
    SystemCoreClockUpdate                    0x0c00365d   Thumb Code   132  system_stm32l5xx.o(.text.SystemCoreClockUpdate)
    SystemInit                               0x0c0036e1   Thumb Code   152  system_stm32l5xx.o(.text.SystemInit)
    TFM_LL_SECU_ApplyRunTimeProtections      0x0c003779   Thumb Code   556  tfm_low_level_security.o(.text.TFM_LL_SECU_ApplyRunTimeProtections)
    TFM_LL_SECU_CheckStaticProtections       0x0c0039a5   Thumb Code   912  tfm_low_level_security.o(.text.TFM_LL_SECU_CheckStaticProtections)
    TFM_LL_SECU_SetLoaderCodeSecure          0x0c003d35   Thumb Code    96  tfm_low_level_security.o(.text.TFM_LL_SECU_SetLoaderCodeSecure)
    UART_AdvFeatureConfig                    0x0c003d95   Thumb Code   168  stm32l5xx_hal_uart.o(.text.UART_AdvFeatureConfig)
    UART_CheckIdleState                      0x0c003e3d   Thumb Code   100  stm32l5xx_hal_uart.o(.text.UART_CheckIdleState)
    UART_SetConfig                           0x0c0040d5   Thumb Code   548  stm32l5xx_hal_uart.o(.text.UART_SetConfig)
    UART_Start_Receive_IT                    0x0c0042f9   Thumb Code   208  stm32l5xx_hal_uart.o(.text.UART_Start_Receive_IT)
    UART_WaitOnFlagUntilTimeout              0x0c0043c9   Thumb Code   126  stm32l5xx_hal_uart.o(.text.UART_WaitOnFlagUntilTimeout)
    boot_copy_region                         0x0c0045a1   Thumb Code   244  loader.o(.text.boot_copy_region)
    boot_enc_decrypt                         0x0c004695   Thumb Code   440  encrypted.o(.text.boot_enc_decrypt)
    boot_enc_load                            0x0c00484d   Thumb Code   130  encrypted.o(.text.boot_enc_load)
    boot_enc_set_key                         0x0c0048cf   Thumb Code    72  encrypted.o(.text.boot_enc_set_key)
    boot_encrypt                             0x0c004917   Thumb Code   146  encrypted.o(.text.boot_encrypt)
    boot_go                                  0x0c0049a9   Thumb Code    12  loader.o(.text.boot_go)
    boot_nv_security_counter_get             0x0c0049b5   Thumb Code    46  security_cnt.o(.text.boot_nv_security_counter_get)
    boot_nv_security_counter_init            0x0c0049e3   Thumb Code    16  security_cnt.o(.text.boot_nv_security_counter_init)
    boot_nv_security_counter_update          0x0c0049f3   Thumb Code    40  security_cnt.o(.text.boot_nv_security_counter_update)
    boot_platform_init                       0x0c004a1d   Thumb Code   248  boot_hal.o(.text.boot_platform_init)
    boot_platform_noimage                    0x0c004b15   Thumb Code   184  boot_hal.o(.text.boot_platform_noimage)
    boot_read_image_header                   0x0c004bcd   Thumb Code    54  swap_scratch.o(.text.boot_read_image_header)
    boot_secure_memequal                     0x0c004c35   Thumb Code    26  bootutil_misc.o(.text.boot_secure_memequal)
    bootutil_get_img_security_cnt            0x0c004c8f   Thumb Code    96  image_validate.o(.text.bootutil_get_img_security_cnt)
    bootutil_img_validate                    0x0c004cf1   Thumb Code   904  image_validate.o(.text.bootutil_img_validate)
    bootutil_tlv_iter_begin                  0x0c0050a1   Thumb Code   140  tlv.o(.text.bootutil_tlv_iter_begin)
    bootutil_tlv_iter_next                   0x0c00512d   Thumb Code   156  tlv.o(.text.bootutil_tlv_iter_next)
    bootutil_verify_sig                      0x0c0051c9   Thumb Code   560  image_rsa.o(.text.bootutil_verify_sig)
    context_boot_go                          0x0c0055ed   Thumb Code   840  loader.o(.text.context_boot_go)
    flash_area_align                         0x0c005935   Thumb Code    20  flash_map.o(.text.flash_area_align)
    flash_area_close                         0x0c005949   Thumb Code     2  flash_map.o(.text.flash_area_close)
    flash_area_erase                         0x0c00594d   Thumb Code    68  flash_map.o(.text.flash_area_erase)
    flash_area_erased_val                    0x0c005991   Thumb Code    20  flash_map_extended.o(.text.flash_area_erased_val)
    flash_area_get_sectors                   0x0c0059a5   Thumb Code   244  flash_map_legacy.o(.text.flash_area_get_sectors)
    flash_area_id_from_multi_image_slot      0x0c005a99   Thumb Code    12  flash_map_extended.o(.text.flash_area_id_from_multi_image_slot)
    flash_area_id_to_multi_image_slot        0x0c005aa5   Thumb Code    56  flash_map_extended.o(.text.flash_area_id_to_multi_image_slot)
    flash_area_open                          0x0c005add   Thumb Code    32  flash_map.o(.text.flash_area_open)
    flash_area_read                          0x0c005afd   Thumb Code    32  flash_map.o(.text.flash_area_read)
    flash_area_write                         0x0c005b1d   Thumb Code    36  flash_map.o(.text.flash_area_write)
    flash_device_base                        0x0c005b41   Thumb Code    76  flash_map_extended.o(.text.flash_device_base)
    fputc                                    0x0c005b8d   Thumb Code    28  uart_stdout.o(.text.fputc)
    icache_init                              0x0c005ba9   Thumb Code    56  boot_hal.o(.text.icache_init)
    main                                     0x0c005c19   Thumb Code   320  bl2_main.o(.text.main)
    mbedtls_aes_crypt_ecb                    0x0c005d59   Thumb Code    28  aes.o(.text.mbedtls_aes_crypt_ecb)
    mbedtls_aes_free                         0x0c005d75   Thumb Code    12  aes.o(.text.mbedtls_aes_free)
    mbedtls_aes_init                         0x0c005d81   Thumb Code    12  aes.o(.text.mbedtls_aes_init)
    mbedtls_aes_setkey_enc                   0x0c005d8d   Thumb Code   940  aes.o(.text.mbedtls_aes_setkey_enc)
    mbedtls_asn1_get_int                     0x0c006139   Thumb Code    76  asn1parse.o(.text.mbedtls_asn1_get_int)
    mbedtls_asn1_get_len                     0x0c006185   Thumb Code   138  asn1parse.o(.text.mbedtls_asn1_get_len)
    mbedtls_asn1_get_mpi                     0x0c00620f   Thumb Code    38  asn1parse.o(.text.mbedtls_asn1_get_mpi)
    mbedtls_asn1_get_tag                     0x0c006235   Thumb Code    40  asn1parse.o(.text.mbedtls_asn1_get_tag)
    mbedtls_calloc                           0x0c00625d   Thumb Code     8  platform.o(.text.mbedtls_calloc)
    mbedtls_free                             0x0c006265   Thumb Code    12  platform.o(.text.mbedtls_free)
    mbedtls_internal_aes_decrypt             0x0c006271   Thumb Code   952  aes.o(.text.mbedtls_internal_aes_decrypt)
    mbedtls_internal_aes_encrypt             0x0c006629   Thumb Code   940  aes.o(.text.mbedtls_internal_aes_encrypt)
    mbedtls_internal_sha256_process          0x0c0069d5   Thumb Code    32  sha256_alt.o(.text.mbedtls_internal_sha256_process)
    mbedtls_md                               0x0c0069f5   Thumb Code    20  md.o(.text.mbedtls_md)
    mbedtls_md_finish                        0x0c006a09   Thumb Code    16  md.o(.text.mbedtls_md_finish)
    mbedtls_md_free                          0x0c006a19   Thumb Code    52  md.o(.text.mbedtls_md_free)
    mbedtls_md_get_size                      0x0c006a4d   Thumb Code    12  md.o(.text.mbedtls_md_get_size)
    mbedtls_md_info_from_type                0x0c006a59   Thumb Code    28  md.o(.text.mbedtls_md_info_from_type)
    mbedtls_md_init                          0x0c006a75   Thumb Code    10  md.o(.text.mbedtls_md_init)
    mbedtls_md_setup                         0x0c006a81   Thumb Code    60  md.o(.text.mbedtls_md_setup)
    mbedtls_md_starts                        0x0c006abd   Thumb Code    16  md.o(.text.mbedtls_md_starts)
    mbedtls_md_update                        0x0c006acd   Thumb Code    20  md.o(.text.mbedtls_md_update)
    mbedtls_memory_buffer_alloc_init         0x0c006ae1   Thumb Code    96  memory_buffer_alloc.o(.text.mbedtls_memory_buffer_alloc_init)
    mbedtls_mpi_add_abs                      0x0c006b41   Thumb Code   190  bignum.o(.text.mbedtls_mpi_add_abs)
    mbedtls_mpi_add_mpi                      0x0c006bff   Thumb Code    58  bignum.o(.text.mbedtls_mpi_add_mpi)
    mbedtls_mpi_bitlen                       0x0c006c39   Thumb Code    66  bignum.o(.text.mbedtls_mpi_bitlen)
    mbedtls_mpi_cmp_abs                      0x0c006c7b   Thumb Code   100  bignum.o(.text.mbedtls_mpi_cmp_abs)
    mbedtls_mpi_cmp_int                      0x0c006cdf   Thumb Code    40  bignum.o(.text.mbedtls_mpi_cmp_int)
    mbedtls_mpi_cmp_mpi                      0x0c006d07   Thumb Code   132  bignum.o(.text.mbedtls_mpi_cmp_mpi)
    mbedtls_mpi_copy                         0x0c006d8b   Thumb Code    92  bignum.o(.text.mbedtls_mpi_copy)
    mbedtls_mpi_div_mpi                      0x0c006de9   Thumb Code   832  bignum.o(.text.mbedtls_mpi_div_mpi)
    mbedtls_mpi_exp_mod                      0x0c007129   Thumb Code  1048  bignum.o(.text.mbedtls_mpi_exp_mod)
    mbedtls_mpi_fill_random                  0x0c007541   Thumb Code    92  bignum.o(.text.mbedtls_mpi_fill_random)
    mbedtls_mpi_free                         0x0c00759d   Thumb Code    38  bignum.o(.text.mbedtls_mpi_free)
    mbedtls_mpi_gcd                          0x0c0075c5   Thumb Code   256  bignum.o(.text.mbedtls_mpi_gcd)
    mbedtls_mpi_get_bit                      0x0c0076c5   Thumb Code    32  bignum.o(.text.mbedtls_mpi_get_bit)
    mbedtls_mpi_grow                         0x0c0076e5   Thumb Code    76  bignum.o(.text.mbedtls_mpi_grow)
    mbedtls_mpi_init                         0x0c007731   Thumb Code    12  bignum.o(.text.mbedtls_mpi_init)
    mbedtls_mpi_inv_mod                      0x0c00773d   Thumb Code   652  bignum.o(.text.mbedtls_mpi_inv_mod)
    mbedtls_mpi_lsb                          0x0c0079c9   Thumb Code    54  bignum.o(.text.mbedtls_mpi_lsb)
    mbedtls_mpi_lset                         0x0c0079ff   Thumb Code    54  bignum.o(.text.mbedtls_mpi_lset)
    mbedtls_mpi_mod_mpi                      0x0c007a35   Thumb Code    90  bignum.o(.text.mbedtls_mpi_mod_mpi)
    mbedtls_mpi_mul_int                      0x0c007a8f   Thumb Code    24  bignum.o(.text.mbedtls_mpi_mul_int)
    mbedtls_mpi_mul_mpi                      0x0c007aa7   Thumb Code   220  bignum.o(.text.mbedtls_mpi_mul_mpi)
    mbedtls_mpi_read_binary                  0x0c007b83   Thumb Code    98  bignum.o(.text.mbedtls_mpi_read_binary)
    mbedtls_mpi_shift_l                      0x0c007be5   Thumb Code   138  bignum.o(.text.mbedtls_mpi_shift_l)
    mbedtls_mpi_shift_r                      0x0c007c6f   Thumb Code   124  bignum.o(.text.mbedtls_mpi_shift_r)
    mbedtls_mpi_size                         0x0c007ceb   Thumb Code    12  bignum.o(.text.mbedtls_mpi_size)
    mbedtls_mpi_sub_abs                      0x0c007cf7   Thumb Code   116  bignum.o(.text.mbedtls_mpi_sub_abs)
    mbedtls_mpi_sub_int                      0x0c007d6b   Thumb Code    40  bignum.o(.text.mbedtls_mpi_sub_int)
    mbedtls_mpi_sub_mpi                      0x0c007d93   Thumb Code    56  bignum.o(.text.mbedtls_mpi_sub_mpi)
    mbedtls_mpi_write_binary                 0x0c007dcb   Thumb Code   118  bignum.o(.text.mbedtls_mpi_write_binary)
    mbedtls_platform_set_calloc_free         0x0c007e49   Thumb Code    16  platform.o(.text.mbedtls_platform_set_calloc_free)
    mbedtls_platform_zeroize                 0x0c007e59   Thumb Code    16  platform_util.o(.text.mbedtls_platform_zeroize)
    mbedtls_rsa_check_privkey                0x0c007e69   Thumb Code   108  rsa.o(.text.mbedtls_rsa_check_privkey)
    mbedtls_rsa_check_pubkey                 0x0c007ed5   Thumb Code    72  rsa.o(.text.mbedtls_rsa_check_pubkey)
    mbedtls_rsa_deduce_crt                   0x0c007f1d   Thumb Code   108  rsa_internal.o(.text.mbedtls_rsa_deduce_crt)
    mbedtls_rsa_free                         0x0c007f89   Thumb Code    96  rsa.o(.text.mbedtls_rsa_free)
    mbedtls_rsa_import                       0x0c007fe9   Thumb Code   102  rsa.o(.text.mbedtls_rsa_import)
    mbedtls_rsa_init                         0x0c00804f   Thumb Code    20  rsa.o(.text.mbedtls_rsa_init)
    mbedtls_rsa_private                      0x0c008065   Thumb Code   840  rsa.o(.text.mbedtls_rsa_private)
    mbedtls_rsa_public                       0x0c0083ad   Thumb Code   128  rsa.o(.text.mbedtls_rsa_public)
    mbedtls_rsa_rsaes_oaep_decrypt           0x0c00842d   Thumb Code   400  rsa.o(.text.mbedtls_rsa_rsaes_oaep_decrypt)
    mbedtls_rsa_validate_crt                 0x0c0085bd   Thumb Code   244  rsa_internal.o(.text.mbedtls_rsa_validate_crt)
    mbedtls_rsa_validate_params              0x0c0086b1   Thumb Code   400  rsa_internal.o(.text.mbedtls_rsa_validate_params)
    mbedtls_sha256_clone                     0x0c008841   Thumb Code    12  sha256_alt.o(.text.mbedtls_sha256_clone)
    mbedtls_sha256_finish_ret                0x0c00884d   Thumb Code    54  sha256_alt.o(.text.mbedtls_sha256_finish_ret)
    mbedtls_sha256_free                      0x0c008883   Thumb Code     8  sha256_alt.o(.text.mbedtls_sha256_free)
    mbedtls_sha256_init                      0x0c00888d   Thumb Code    32  sha256_alt.o(.text.mbedtls_sha256_init)
    mbedtls_sha256_ret                       0x0c0088ad   Thumb Code    72  sha256.o(.text.mbedtls_sha256_ret)
    mbedtls_sha256_starts_ret                0x0c0088f5   Thumb Code    40  sha256_alt.o(.text.mbedtls_sha256_starts_ret)
    mbedtls_sha256_update_ret                0x0c00891d   Thumb Code   178  sha256_alt.o(.text.mbedtls_sha256_update_ret)
    stdio_init                               0x0c008e65   Thumb Code    28  uart_stdout.o(.text.stdio_init)
    stdio_uninit                             0x0c008e81   Thumb Code    12  uart_stdout.o(.text.stdio_uninit)
    tfm_plat_init_nv_counter                 0x0c008e8d   Thumb Code   680  bl2_nv_services.o(.text.tfm_plat_init_nv_counter)
    tfm_plat_read_nv_counter                 0x0c009135   Thumb Code   132  bl2_nv_services.o(.text.tfm_plat_read_nv_counter)
    tfm_plat_set_nv_counter                  0x0c0091b9   Thumb Code   152  bl2_nv_services.o(.text.tfm_plat_set_nv_counter)
    _fp_init                                 0x0c0092c9   Thumb Code    26  fpinit.o(x$fpl$fpinit)
    __fplib_config_fpu_vfp                   0x0c0092e1   Thumb Code     0  fpinit.o(x$fpl$fpinit)
    __fplib_config_pureend_doubles           0x0c0092e1   Thumb Code     0  fpinit.o(x$fpl$fpinit)
    AHBPrescTable                            0x0c00930a   Data          16  system_stm32l5xx.o(.rodata.AHBPrescTable)
    APBPrescTable                            0x0c00931a   Data           8  system_stm32l5xx.o(.rodata.APBPrescTable)
    MSIRangeTable                            0x0c00933c   Data          64  system_stm32l5xx.o(.rodata.MSIRangeTable)
    TFM_Driver_FLASH0                        0x0c00937c   Data          44  low_level_flash.o(.rodata.TFM_Driver_FLASH0)
    TFM_Driver_USART0                        0x0c0093a8   Data          56  low_level_com.o(.rodata.TFM_Driver_USART0)
    UARTPrescTable                           0x0c0093e0   Data          24  stm32l5xx_hal_uart.o(.rodata.UARTPrescTable)
    mbedtls_sha224_info                      0x0c009414   Data          48  md_wrap.o(.rodata.mbedtls_sha224_info)
    mbedtls_sha256_info                      0x0c009444   Data          48  md_wrap.o(.rodata.mbedtls_sha256_info)
    Region$$Table$$Base                      0x0c009d60   Number         0  anon$$obj.o(Region$$Table)
    Region$$Table$$Limit                     0x0c009d80   Number         0  anon$$obj.o(Region$$Table)
    boot_jump_to_next_image                  0x0c00c801   Thumb Code    34  bl2_main.o(.BL2_NoHdp_Code)
    execute_loader                           0x0c00c825   Thumb Code    44  boot_hal.o(.BL2_NoHdp_Code)
    boot_jump_to_ns_image                    0x0c00c851   Thumb Code    38  boot_hal.o(.BL2_NoHdp_Code)
    jumper                                   0x0c00c879   Thumb Code   284  boot_hal.o(.BL2_NoHdp_Code)
    Error_Handler                            0x0c00c995   Thumb Code    84  boot_hal.o(.BL2_NoHdp_Code)
    boot_clear_bl2_ram_area                  0x0c00c9e9   Thumb Code    28  boot_hal.o(.BL2_NoHdp_Code)
    boot_clean_ns_ram_area                   0x0c00ca05   Thumb Code    48  boot_hal.o(.BL2_NoHdp_Code)
    TFM_LL_SECU_UpdateLoaderRunTimeProtections 0x0c00ca35   Thumb Code   280  tfm_low_level_security.o(.BL2_NoHdp_Code)
    TFM_LL_SECU_UpdateRunTimeProtections     0x0c00cb6d   Thumb Code   112  tfm_low_level_security.o(.BL2_NoHdp_Code)
    mpu_armv8m_enable                        0x0c00cbe9   Thumb Code    40  mpu_armv8m_drv.o(.text.mpu_armv8m_enable)
    mpu_armv8m_region_disable                0x0c00cc11   Thumb Code    22  mpu_armv8m_drv.o(.text.mpu_armv8m_region_disable)
    mpu_armv8m_region_enable                 0x0c00cc27   Thumb Code    74  mpu_armv8m_drv.o(.text.mpu_armv8m_region_enable)
    uwTickFreq                               0x30030000   Data           1  stm32l5xx_hal.o(.data..L_MergedGlobals)
    uwTickPrio                               0x30030004   Data           4  stm32l5xx_hal.o(.data..L_MergedGlobals)
    FLASH0_DEV                               0x30030018   Data          28  low_level_device.o(.data.FLASH0_DEV)
    ImageValidStatus                         0x30030034   Data           1  boot_hal.o(.data.ImageValidStatus)
    SystemCoreClock                          0x30030038   Data           4  system_stm32l5xx.o(.data.SystemCoreClock)
    driver_list                              0x3003003c   Data           8  flash_map.o(.data.driver_list)
    mbedtls_exit                             0x3003004c   Data           4  platform.o(.data.mbedtls_exit)
    pFlash                                   0x30030054   Data          28  stm32l5xx_hal_flash.o(.data.pFlash)
    ImageValidEnable                         0x30031244   Data           1  boot_hal.o(.bss.ImageValidEnable)
    ImageValidIndex                          0x30031245   Data           1  boot_hal.o(.bss.ImageValidIndex)
    __stdout                                 0x30032348   Data          84  uart_stdout.o(.bss.__stdout)
    Image$$ARM_LIB_STACK$$ZI$$Base           0x3003bea0   Number         0  anon$$obj.o ABSOLUTE
    Image$$ARM_LIB_HEAP$$ZI$$Base            0x3003d2a0   Number         0  anon$$obj.o ABSOLUTE
    Image$$ARM_LIB_HEAP$$ZI$$Limit           0x3003d2a0   Number         0  anon$$obj.o ABSOLUTE
    Image$$ARM_LIB_STACK$$ZI$$Limit          0x3003d2a0   Number         0  anon$$obj.o ABSOLUTE



==============================================================================

Memory Map of the image

  Image Entry point : 0x0c001ab1

  Load Region LR_CODE (Base: 0x0c001000, Size: 0x0000bd20, Max: 0xffffffff, ABSOLUTE)

    Execution Region ER_PROVISION (Exec base: 0x0c001000, Load base: 0x0c001000, Size: 0x000005d4, Max: 0x00000800, ABSOLUTE)

    Exec Addr    Load Addr    Size         Type   Attr      Idx    E Section Name        Object

    0x0c001000   0x0c001000   0x000005d4   Data   RO         1459    .provision          keys.o


    Execution Region ER_CODE (Exec base: 0x0c001800, Load base: 0x0c001800, Size: 0x00008580, Max: 0x0000b000, ABSOLUTE, FIXED)

    Exec Addr    Load Addr    Size         Type   Attr      Idx    E Section Name        Object

    0x0c001800   0x0c001800   0x000001f4   Data   RO         2626    RESET               startup_stm32l5xx_bl2.o
    0x0c0019f4   0x0c0019f4   0x00000008   Code   RO         2777  * !!!main             c_w.l(__main.o)
    0x0c0019fc   0x0c0019fc   0x00000034   Code   RO         3024    !!!scatter          c_w.l(__scatter.o)
    0x0c001a30   0x0c001a30   0x0000001a   Code   RO         3026    !!handler_copy      c_w.l(__scatter_copy.o)
    0x0c001a4a   0x0c001a4a   0x00000002   PAD
    0x0c001a4c   0x0c001a4c   0x0000001c   Code   RO         3028    !!handler_zi        c_w.l(__scatter_zi.o)
    0x0c001a68   0x0c001a68   0x00000000   Code   RO         2754    .ARM.Collect$$_printf_percent$$00000000  c_w.l(_printf_percent.o)
    0x0c001a68   0x0c001a68   0x00000006   Code   RO         2752    .ARM.Collect$$_printf_percent$$00000009  c_w.l(_printf_d.o)
    0x0c001a6e   0x0c001a6e   0x00000006   Code   RO         2753    .ARM.Collect$$_printf_percent$$0000000A  c_w.l(_printf_u.o)
    0x0c001a74   0x0c001a74   0x00000006   Code   RO         2751    .ARM.Collect$$_printf_percent$$0000000C  c_w.l(_printf_x.o)
    0x0c001a7a   0x0c001a7a   0x00000006   Code   RO         2750    .ARM.Collect$$_printf_percent$$00000014  c_w.l(_printf_s.o)
    0x0c001a80   0x0c001a80   0x00000004   Code   RO         2815    .ARM.Collect$$_printf_percent$$00000017  c_w.l(_printf_percent_end.o)
    0x0c001a84   0x0c001a84   0x00000002   Code   RO         2951    .ARM.Collect$$libinit$$00000000  c_w.l(libinit.o)
    0x0c001a86   0x0c001a86   0x00000004   Code   RO         2820    .ARM.Collect$$libinit$$00000001  c_w.l(libinit2.o)
    0x0c001a8a   0x0c001a8a   0x00000000   Code   RO         2823    .ARM.Collect$$libinit$$00000004  c_w.l(libinit2.o)
    0x0c001a8a   0x0c001a8a   0x00000000   Code   RO         2826    .ARM.Collect$$libinit$$0000000A  c_w.l(libinit2.o)
    0x0c001a8a   0x0c001a8a   0x00000000   Code   RO         2828    .ARM.Collect$$libinit$$0000000C  c_w.l(libinit2.o)
    0x0c001a8a   0x0c001a8a   0x00000000   Code   RO         2830    .ARM.Collect$$libinit$$0000000E  c_w.l(libinit2.o)
    0x0c001a8a   0x0c001a8a   0x00000000   Code   RO         2833    .ARM.Collect$$libinit$$00000011  c_w.l(libinit2.o)
    0x0c001a8a   0x0c001a8a   0x00000000   Code   RO         2835    .ARM.Collect$$libinit$$00000013  c_w.l(libinit2.o)
    0x0c001a8a   0x0c001a8a   0x00000000   Code   RO         2837    .ARM.Collect$$libinit$$00000015  c_w.l(libinit2.o)
    0x0c001a8a   0x0c001a8a   0x00000000   Code   RO         2839    .ARM.Collect$$libinit$$00000017  c_w.l(libinit2.o)
    0x0c001a8a   0x0c001a8a   0x00000000   Code   RO         2841    .ARM.Collect$$libinit$$00000019  c_w.l(libinit2.o)
    0x0c001a8a   0x0c001a8a   0x00000000   Code   RO         2843    .ARM.Collect$$libinit$$0000001B  c_w.l(libinit2.o)
    0x0c001a8a   0x0c001a8a   0x00000000   Code   RO         2845    .ARM.Collect$$libinit$$0000001D  c_w.l(libinit2.o)
    0x0c001a8a   0x0c001a8a   0x00000000   Code   RO         2847    .ARM.Collect$$libinit$$0000001F  c_w.l(libinit2.o)
    0x0c001a8a   0x0c001a8a   0x00000000   Code   RO         2849    .ARM.Collect$$libinit$$00000021  c_w.l(libinit2.o)
    0x0c001a8a   0x0c001a8a   0x00000000   Code   RO         2851    .ARM.Collect$$libinit$$00000023  c_w.l(libinit2.o)
    0x0c001a8a   0x0c001a8a   0x00000000   Code   RO         2853    .ARM.Collect$$libinit$$00000025  c_w.l(libinit2.o)
    0x0c001a8a   0x0c001a8a   0x00000000   Code   RO         2857    .ARM.Collect$$libinit$$0000002C  c_w.l(libinit2.o)
    0x0c001a8a   0x0c001a8a   0x00000000   Code   RO         2859    .ARM.Collect$$libinit$$0000002E  c_w.l(libinit2.o)
    0x0c001a8a   0x0c001a8a   0x00000000   Code   RO         2861    .ARM.Collect$$libinit$$00000030  c_w.l(libinit2.o)
    0x0c001a8a   0x0c001a8a   0x00000000   Code   RO         2863    .ARM.Collect$$libinit$$00000032  c_w.l(libinit2.o)
    0x0c001a8a   0x0c001a8a   0x00000002   Code   RO         2864    .ARM.Collect$$libinit$$00000033  c_w.l(libinit2.o)
    0x0c001a8c   0x0c001a8c   0x00000002   Code   RO         3021    .ARM.Collect$$libshutdown$$00000000  c_w.l(libshutdown.o)
    0x0c001a8e   0x0c001a8e   0x00000000   Code   RO         2977    .ARM.Collect$$libshutdown$$00000002  c_w.l(libshutdown2.o)
    0x0c001a8e   0x0c001a8e   0x00000000   Code   RO         2979    .ARM.Collect$$libshutdown$$00000004  c_w.l(libshutdown2.o)
    0x0c001a8e   0x0c001a8e   0x00000000   Code   RO         2982    .ARM.Collect$$libshutdown$$00000007  c_w.l(libshutdown2.o)
    0x0c001a8e   0x0c001a8e   0x00000000   Code   RO         2985    .ARM.Collect$$libshutdown$$0000000A  c_w.l(libshutdown2.o)
    0x0c001a8e   0x0c001a8e   0x00000000   Code   RO         2987    .ARM.Collect$$libshutdown$$0000000C  c_w.l(libshutdown2.o)
    0x0c001a8e   0x0c001a8e   0x00000000   Code   RO         2990    .ARM.Collect$$libshutdown$$0000000F  c_w.l(libshutdown2.o)
    0x0c001a8e   0x0c001a8e   0x00000002   Code   RO         2991    .ARM.Collect$$libshutdown$$00000010  c_w.l(libshutdown2.o)
    0x0c001a90   0x0c001a90   0x00000000   Code   RO         2781    .ARM.Collect$$rtentry$$00000000  c_w.l(__rtentry.o)
    0x0c001a90   0x0c001a90   0x00000000   Code   RO         2873    .ARM.Collect$$rtentry$$00000002  c_w.l(__rtentry2.o)
    0x0c001a90   0x0c001a90   0x00000004   Code   RO         2887    .ARM.Collect$$rtentry$$00000007  c_w.l(__rtentry7.o)
    0x0c001a94   0x0c001a94   0x00000000   Code   RO         2875    .ARM.Collect$$rtentry$$00000009  c_w.l(__rtentry2.o)
    0x0c001a94   0x0c001a94   0x00000004   Code   RO         2876    .ARM.Collect$$rtentry$$0000000A  c_w.l(__rtentry2.o)
    0x0c001a98   0x0c001a98   0x00000000   Code   RO         2878    .ARM.Collect$$rtentry$$0000000C  c_w.l(__rtentry2.o)
    0x0c001a98   0x0c001a98   0x00000008   Code   RO         2879    .ARM.Collect$$rtentry$$0000000D  c_w.l(__rtentry2.o)
    0x0c001aa0   0x0c001aa0   0x00000004   Code   RO         2888    .ARM.Collect$$rtentry$$00002718  c_w.l(__rtentry7.o)
    0x0c001aa4   0x0c001aa4   0x00000002   Code   RO         2960    .ARM.Collect$$rtexit$$00000000  c_w.l(rtexit.o)
    0x0c001aa6   0x0c001aa6   0x00000000   Code   RO         2997    .ARM.Collect$$rtexit$$00000002  c_w.l(rtexit2.o)
    0x0c001aa6   0x0c001aa6   0x00000004   Code   RO         2998    .ARM.Collect$$rtexit$$00000003  c_w.l(rtexit2.o)
    0x0c001aaa   0x0c001aaa   0x00000006   Code   RO         2999    .ARM.Collect$$rtexit$$00000004  c_w.l(rtexit2.o)
    0x0c001ab0   0x0c001ab0   0x00000028   Code   RO         2627  * .text               startup_stm32l5xx_bl2.o
    0x0c001ad8   0x0c001ad8   0x000000f0   Code   RO         2697    .text               c_w.l(lludivv7m.o)
    0x0c001bc8   0x0c001bc8   0x00000018   Code   RO         2701    .text               c_w.l(noretval__2printf.o)
    0x0c001be0   0x0c001be0   0x00000068   Code   RO         2703    .text               c_w.l(__printf.o)
    0x0c001c48   0x0c001c48   0x00000052   Code   RO         2705    .text               c_w.l(_printf_str.o)
    0x0c001c9a   0x0c001c9a   0x00000002   PAD
    0x0c001c9c   0x0c001c9c   0x00000078   Code   RO         2707    .text               c_w.l(_printf_dec.o)
    0x0c001d14   0x0c001d14   0x00000058   Code   RO         2712    .text               c_w.l(_printf_hex_int.o)
    0x0c001d6c   0x0c001d6c   0x0000002c   Code   RO         2755    .text               c_w.l(puts.o)
    0x0c001d98   0x0c001d98   0x0000008a   Code   RO         2761    .text               c_w.l(rt_memcpy_v6.o)
    0x0c001e22   0x0c001e22   0x00000064   Code   RO         2765    .text               c_w.l(rt_memcpy_w.o)
    0x0c001e86   0x0c001e86   0x00000016   Code   RO         2767    .text               c_w.l(memset.o)
    0x0c001e9c   0x0c001e9c   0x00000010   Code   RO         2769    .text               c_w.l(aeabi_memset.o)
    0x0c001eac   0x0c001eac   0x00000044   Code   RO         2771    .text               c_w.l(rt_memclr.o)
    0x0c001ef0   0x0c001ef0   0x0000004e   Code   RO         2773    .text               c_w.l(rt_memclr_w.o)
    0x0c001f3e   0x0c001f3e   0x000000b2   Code   RO         2809    .text               c_w.l(_printf_intcommon.o)
    0x0c001ff0   0x0c001ff0   0x0000002c   Code   RO         2811    .text               c_w.l(_printf_char.o)
    0x0c00201c   0x0c00201c   0x00000024   Code   RO         2813    .text               c_w.l(_printf_char_file.o)
    0x0c002040   0x0c002040   0x00000030   Code   RO         2902    .text               c_w.l(_printf_char_common.o)
    0x0c002070   0x0c002070   0x00000008   Code   RO         2904    .text               c_w.l(ferror.o)
    0x0c002078   0x0c002078   0x00000002   Code   RO         2921    .text               c_w.l(use_no_semi.o)
    0x0c00207a   0x0c00207a   0x00000000   Code   RO         2923    .text               c_w.l(indicate_semi.o)
    0x0c00207a   0x0c00207a   0x00000012   Code   RO         2932    .text               c_w.l(exit.o)
    0x0c00208c   0x0c00208c   0x0000000c   Code   RO         2952    .text               c_w.l(sys_exit.o)
    0x0c002098   0x0c002098   0x00000044   Code   RO         2399    .text.CalculateCrc  bl2_nv_services.o
    0x0c0020dc   0x0c0020dc   0x00000054   Code   RO          305    .text.FLASH_MassErase  stm32l5xx_hal_flash_ex.o
    0x0c002130   0x0c002130   0x00000064   Code   RO          307    .text.FLASH_PageErase  stm32l5xx_hal_flash_ex.o
    0x0c002194   0x0c002194   0x0000003c   Code   RO          270    .text.FLASH_Program_DoubleWord  stm32l5xx_hal_flash.o
    0x0c0021d0   0x0c0021d0   0x00000070   Code   RO          268    .text.FLASH_WaitForLastOperation  stm32l5xx_hal_flash.o
    0x0c002240   0x0c002240   0x00000006   Code   RO         2519    .text.Flash_EraseChip  low_level_flash.o
    0x0c002246   0x0c002246   0x00000002   PAD
    0x0c002248   0x0c002248   0x000000c0   Code   RO         2517    .text.Flash_EraseSector  low_level_flash.o
    0x0c002308   0x0c002308   0x00000004   Code   RO         2505    .text.Flash_GetCapabilities  low_level_flash.o
    0x0c00230c   0x0c00230c   0x00000008   Code   RO         2523    .text.Flash_GetInfo  low_level_flash.o
    0x0c002314   0x0c002314   0x0000000c   Code   RO         2521    .text.Flash_GetStatus  low_level_flash.o
    0x0c002320   0x0c002320   0x00000008   Code   RO         2503    .text.Flash_GetVersion  low_level_flash.o
    0x0c002328   0x0c002328   0x0000000e   Code   RO         2507    .text.Flash_Initialize  low_level_flash.o
    0x0c002336   0x0c002336   0x00000002   PAD
    0x0c002338   0x0c002338   0x00000020   Code   RO         2511    .text.Flash_PowerControl  low_level_flash.o
    0x0c002358   0x0c002358   0x000000d4   Code   RO         2515    .text.Flash_ProgramData  low_level_flash.o
    0x0c00242c   0x0c00242c   0x00000084   Code   RO         2513    .text.Flash_ReadData  low_level_flash.o
    0x0c0024b0   0x0c0024b0   0x00000004   Code   RO         2509    .text.Flash_Uninitialize  low_level_flash.o
    0x0c0024b4   0x0c0024b4   0x00000024   Code   RO           24    .text.HAL_Delay     stm32l5xx_hal.o
    0x0c0024d8   0x0c0024d8   0x00000014   Code   RO          321    .text.HAL_FLASHEx_ConfigPrivMode  stm32l5xx_hal_flash_ex.o
    0x0c0024ec   0x0c0024ec   0x000000a8   Code   RO          303    .text.HAL_FLASHEx_Erase  stm32l5xx_hal_flash_ex.o
    0x0c002594   0x0c002594   0x0000011c   Code   RO          313    .text.HAL_FLASHEx_OBGetConfig  stm32l5xx_hal_flash_ex.o
    0x0c0026b0   0x0c0026b0   0x000002c4   Code   RO          311    .text.HAL_FLASHEx_OBProgram  stm32l5xx_hal_flash_ex.o
    0x0c002974   0x0c002974   0x0000002c   Code   RO          282    .text.HAL_FLASH_Lock  stm32l5xx_hal_flash.o
    0x0c0029a0   0x0c0029a0   0x00000014   Code   RO          288    .text.HAL_FLASH_OB_Launch  stm32l5xx_hal_flash.o
    0x0c0029b4   0x0c0029b4   0x00000028   Code   RO          284    .text.HAL_FLASH_OB_Unlock  stm32l5xx_hal_flash.o
    0x0c0029dc   0x0c0029dc   0x0000006c   Code   RO          266    .text.HAL_FLASH_Program  stm32l5xx_hal_flash.o
    0x0c002a48   0x0c002a48   0x00000044   Code   RO          280    .text.HAL_FLASH_Unlock  stm32l5xx_hal_flash.o
    0x0c002a8c   0x0c002a8c   0x00000168   Code   RO          343    .text.HAL_GPIO_Init  stm32l5xx_hal_gpio.o
    0x0c002bf4   0x0c002bf4   0x0000000a   Code   RO          347    .text.HAL_GPIO_ReadPin  stm32l5xx_hal_gpio.o
    0x0c002bfe   0x0c002bfe   0x00000002   PAD
    0x0c002c00   0x0c002c00   0x00000048   Code   RO         2424    .text.HAL_GetTick   boot_hal.o
    0x0c002c48   0x0c002c48   0x00000008   Code   RO          557    .text.HAL_HASHEx_SHA224_Accmlt  stm32l5xx_hal_hash_ex.o
    0x0c002c50   0x0c002c50   0x00000012   Code   RO          559    .text.HAL_HASHEx_SHA224_Accmlt_End  stm32l5xx_hal_hash_ex.o
    0x0c002c62   0x0c002c62   0x00000002   PAD
    0x0c002c64   0x0c002c64   0x00000008   Code   RO          563    .text.HAL_HASHEx_SHA256_Accmlt  stm32l5xx_hal_hash_ex.o
    0x0c002c6c   0x0c002c6c   0x00000014   Code   RO          565    .text.HAL_HASHEx_SHA256_Accmlt_End  stm32l5xx_hal_hash_ex.o
    0x0c002c80   0x0c002c80   0x00000034   Code   RO          431    .text.HAL_HASH_DeInit  stm32l5xx_hal_hash.o
    0x0c002cb4   0x0c002cb4   0x00000058   Code   RO          427    .text.HAL_HASH_Init  stm32l5xx_hal_hash.o
    0x0c002d0c   0x0c002d0c   0x00000002   Code   RO          433    .text.HAL_HASH_MspDeInit  stm32l5xx_hal_hash.o
    0x0c002d0e   0x0c002d0e   0x00000002   Code   RO          429    .text.HAL_HASH_MspInit  stm32l5xx_hal_hash.o
    0x0c002d10   0x0c002d10   0x00000010   Code   RO          649    .text.HAL_ICACHE_Enable  stm32l5xx_hal_icache.o
    0x0c002d20   0x0c002d20   0x00000024   Code   RO          653    .text.HAL_ICACHE_Invalidate  stm32l5xx_hal_icache.o
    0x0c002d44   0x0c002d44   0x00000038   Code   RO          647    .text.HAL_ICACHE_WaitForInvalidateComplete  stm32l5xx_hal_icache.o
    0x0c002d7c   0x0c002d7c   0x00000020   Code   RO            4    .text.HAL_Init      stm32l5xx_hal.o
    0x0c002d9c   0x0c002d9c   0x00000020   Code   RO         2422    .text.HAL_InitTick  boot_hal.o
    0x0c002dbc   0x0c002dbc   0x00000002   Code   RO            8    .text.HAL_MspInit   stm32l5xx_hal.o
    0x0c002dbe   0x0c002dbe   0x00000002   PAD
    0x0c002dc0   0x0c002dc0   0x00000020   Code   RO           94    .text.HAL_NVIC_SetPriorityGrouping  stm32l5xx_hal_cortex.o
    0x0c002de0   0x0c002de0   0x00000004   Code   RO          104    .text.HAL_NVIC_SystemReset  stm32l5xx_hal_cortex.o
    0x0c002de4   0x0c002de4   0x00000014   Code   RO          758    .text.HAL_PWREx_EnableSRAM2ContentRetention  stm32l5xx_hal_pwr_ex.o
    0x0c002df8   0x0c002df8   0x00000010   Code   RO          740    .text.HAL_PWREx_EnableVddIO2  stm32l5xx_hal_pwr_ex.o
    0x0c002e08   0x0c002e08   0x0000001c   Code   RO          858    .text.HAL_RCC_GetHCLKFreq  stm32l5xx_hal_rcc.o
    0x0c002e24   0x0c002e24   0x00000018   Code   RO          866    .text.HAL_RCC_GetPCLK1Freq  stm32l5xx_hal_rcc.o
    0x0c002e3c   0x0c002e3c   0x00000020   Code   RO          868    .text.HAL_RCC_GetPCLK2Freq  stm32l5xx_hal_rcc.o
    0x0c002e5c   0x0c002e5c   0x00000090   Code   RO          862    .text.HAL_RCC_GetSysClockFreq  stm32l5xx_hal_rcc.o
    0x0c002eec   0x0c002eec   0x00000002   Code   RO         1086    .text.HAL_UARTEx_RxEventCallback  stm32l5xx_hal_uart.o
    0x0c002eee   0x0c002eee   0x00000002   Code   RO         1084    .text.HAL_UART_ErrorCallback  stm32l5xx_hal_uart.o
    0x0c002ef0   0x0c002ef0   0x0000003a   Code   RO          992    .text.HAL_UART_Init  stm32l5xx_hal_uart.o
    0x0c002f2a   0x0c002f2a   0x00000002   Code   RO          994    .text.HAL_UART_MspInit  stm32l5xx_hal_uart.o
    0x0c002f2c   0x0c002f2c   0x00000044   Code   RO         1028    .text.HAL_UART_Receive_IT  stm32l5xx_hal_uart.o
    0x0c002f70   0x0c002f70   0x00000002   Code   RO         1092    .text.HAL_UART_RxCpltCallback  stm32l5xx_hal_uart.o
    0x0c002f72   0x0c002f72   0x000000c6   Code   RO         1012    .text.HAL_UART_Transmit  stm32l5xx_hal_uart.o
    0x0c003038   0x0c003038   0x00000088   Code   RO          447    .text.HASH_Accumulate  stm32l5xx_hal_hash.o
    0x0c0030c0   0x0c0030c0   0x00000098   Code   RO          523    .text.HASH_GetDigest  stm32l5xx_hal_hash.o
    0x0c003158   0x0c003158   0x00000114   Code   RO          443    .text.HASH_Start    stm32l5xx_hal_hash.o
    0x0c00326c   0x0c00326c   0x00000078   Code   RO          517    .text.HASH_WaitOnFlagUntilTimeout  stm32l5xx_hal_hash.o
    0x0c0032e4   0x0c0032e4   0x00000078   Code   RO          521    .text.HASH_WriteData  stm32l5xx_hal_hash.o
    0x0c00335c   0x0c00335c   0x00000074   Code   RO         2525    .text.NMI_Handler   low_level_flash.o
    0x0c0033d0   0x0c0033d0   0x0000000e   Code   RO          292    .text.OUTLINED_FUNCTION_0  stm32l5xx_hal_flash.o
    0x0c0033de   0x0c0033de   0x00000008   Code   RO          333    .text.OUTLINED_FUNCTION_0  stm32l5xx_hal_flash_ex.o
    0x0c0033e6   0x0c0033e6   0x00000020   Code   RO          529    .text.OUTLINED_FUNCTION_0  stm32l5xx_hal_hash.o
    0x0c003406   0x0c003406   0x00000016   Code   RO         1130    .text.OUTLINED_FUNCTION_0  stm32l5xx_hal_uart.o
    0x0c00341c   0x0c00341c   0x00000006   Code   RO         1559    .text.OUTLINED_FUNCTION_0  asn1parse.o
    0x0c003422   0x0c003422   0x00000006   Code   RO         1713    .text.OUTLINED_FUNCTION_0  bignum.o
    0x0c003428   0x0c003428   0x00000006   Code   RO         2148    .text.OUTLINED_FUNCTION_0  memory_buffer_alloc.o
    0x0c00342e   0x0c00342e   0x00000006   Code   RO         2333    .text.OUTLINED_FUNCTION_0  rsa.o
    0x0c003434   0x0c003434   0x00000006   Code   RO         2359    .text.OUTLINED_FUNCTION_0  rsa_internal.o
    0x0c00343a   0x0c00343a   0x0000001e   Code   RO         2430    .text.OUTLINED_FUNCTION_0  boot_hal.o
    0x0c003458   0x0c003458   0x00000006   Code   RO         2480    .text.OUTLINED_FUNCTION_0  low_level_com.o
    0x0c00345e   0x0c00345e   0x00000012   Code   RO         1132    .text.OUTLINED_FUNCTION_1  stm32l5xx_hal_uart.o
    0x0c003470   0x0c003470   0x00000006   Code   RO         1715    .text.OUTLINED_FUNCTION_1  bignum.o
    0x0c003476   0x0c003476   0x00000008   Code   RO         2335    .text.OUTLINED_FUNCTION_1  rsa.o
    0x0c00347e   0x0c00347e   0x00000006   Code   RO         2361    .text.OUTLINED_FUNCTION_1  rsa_internal.o
    0x0c003484   0x0c003484   0x0000000c   Code   RO         2432    .text.OUTLINED_FUNCTION_1  boot_hal.o
    0x0c003490   0x0c003490   0x0000000e   Code   RO         2482    .text.OUTLINED_FUNCTION_1  low_level_com.o
    0x0c00349e   0x0c00349e   0x00000006   Code   RO         1733    .text.OUTLINED_FUNCTION_10  bignum.o
    0x0c0034a4   0x0c0034a4   0x0000000e   Code   RO         1735    .text.OUTLINED_FUNCTION_11  bignum.o
    0x0c0034b2   0x0c0034b2   0x00000016   Code   RO         1156    .text.OUTLINED_FUNCTION_13  stm32l5xx_hal_uart.o
    0x0c0034c8   0x0c0034c8   0x00000012   Code   RO         1160    .text.OUTLINED_FUNCTION_15  stm32l5xx_hal_uart.o
    0x0c0034da   0x0c0034da   0x00000012   Code   RO         1162    .text.OUTLINED_FUNCTION_16  stm32l5xx_hal_uart.o
    0x0c0034ec   0x0c0034ec   0x00000012   Code   RO         1164    .text.OUTLINED_FUNCTION_17  stm32l5xx_hal_uart.o
    0x0c0034fe   0x0c0034fe   0x00000024   Code   RO         1134    .text.OUTLINED_FUNCTION_2  stm32l5xx_hal_uart.o
    0x0c003522   0x0c003522   0x00000006   Code   RO         1717    .text.OUTLINED_FUNCTION_2  bignum.o
    0x0c003528   0x0c003528   0x00000008   Code   RO         2337    .text.OUTLINED_FUNCTION_2  rsa.o
    0x0c003530   0x0c003530   0x00000008   Code   RO         2363    .text.OUTLINED_FUNCTION_2  rsa_internal.o
    0x0c003538   0x0c003538   0x00000010   Code   RO         2434    .text.OUTLINED_FUNCTION_2  boot_hal.o
    0x0c003548   0x0c003548   0x0000000e   Code   RO         1172    .text.OUTLINED_FUNCTION_21  stm32l5xx_hal_uart.o
    0x0c003556   0x0c003556   0x00000010   Code   RO         1176    .text.OUTLINED_FUNCTION_23  stm32l5xx_hal_uart.o
    0x0c003566   0x0c003566   0x0000000e   Code   RO         1178    .text.OUTLINED_FUNCTION_24  stm32l5xx_hal_uart.o
    0x0c003574   0x0c003574   0x00000008   Code   RO         1182    .text.OUTLINED_FUNCTION_26  stm32l5xx_hal_uart.o
    0x0c00357c   0x0c00357c   0x0000000a   Code   RO         1186    .text.OUTLINED_FUNCTION_28  stm32l5xx_hal_uart.o
    0x0c003586   0x0c003586   0x0000000e   Code   RO         1188    .text.OUTLINED_FUNCTION_29  stm32l5xx_hal_uart.o
    0x0c003594   0x0c003594   0x00000008   Code   RO          535    .text.OUTLINED_FUNCTION_3  stm32l5xx_hal_hash.o
    0x0c00359c   0x0c00359c   0x00000020   Code   RO         1136    .text.OUTLINED_FUNCTION_3  stm32l5xx_hal_uart.o
    0x0c0035bc   0x0c0035bc   0x00000006   Code   RO         1719    .text.OUTLINED_FUNCTION_3  bignum.o
    0x0c0035c2   0x0c0035c2   0x0000000a   Code   RO         2339    .text.OUTLINED_FUNCTION_3  rsa.o
    0x0c0035cc   0x0c0035cc   0x00000006   Code   RO         2365    .text.OUTLINED_FUNCTION_3  rsa_internal.o
    0x0c0035d2   0x0c0035d2   0x0000000a   Code   RO         2436    .text.OUTLINED_FUNCTION_3  boot_hal.o
    0x0c0035dc   0x0c0035dc   0x0000000e   Code   RO         1192    .text.OUTLINED_FUNCTION_31  stm32l5xx_hal_uart.o
    0x0c0035ea   0x0c0035ea   0x00000006   Code   RO         1194    .text.OUTLINED_FUNCTION_32  stm32l5xx_hal_uart.o
    0x0c0035f0   0x0c0035f0   0x00000006   Code   RO         1196    .text.OUTLINED_FUNCTION_33  stm32l5xx_hal_uart.o
    0x0c0035f6   0x0c0035f6   0x0000000c   Code   RO         1138    .text.OUTLINED_FUNCTION_4  stm32l5xx_hal_uart.o
    0x0c003602   0x0c003602   0x00000006   Code   RO         1721    .text.OUTLINED_FUNCTION_4  bignum.o
    0x0c003608   0x0c003608   0x00000006   Code   RO         2367    .text.OUTLINED_FUNCTION_4  rsa_internal.o
    0x0c00360e   0x0c00360e   0x0000000a   Code   RO         1723    .text.OUTLINED_FUNCTION_5  bignum.o
    0x0c003618   0x0c003618   0x00000006   Code   RO         2369    .text.OUTLINED_FUNCTION_5  rsa_internal.o
    0x0c00361e   0x0c00361e   0x0000000a   Code   RO         1725    .text.OUTLINED_FUNCTION_6  bignum.o
    0x0c003628   0x0c003628   0x00000008   Code   RO          543    .text.OUTLINED_FUNCTION_7  stm32l5xx_hal_hash.o
    0x0c003630   0x0c003630   0x0000000a   Code   RO         1727    .text.OUTLINED_FUNCTION_7  bignum.o
    0x0c00363a   0x0c00363a   0x00000008   Code   RO          545    .text.OUTLINED_FUNCTION_8  stm32l5xx_hal_hash.o
    0x0c003642   0x0c003642   0x0000000c   Code   RO         1146    .text.OUTLINED_FUNCTION_8  stm32l5xx_hal_uart.o
    0x0c00364e   0x0c00364e   0x00000006   Code   RO         1729    .text.OUTLINED_FUNCTION_8  bignum.o
    0x0c003654   0x0c003654   0x00000006   Code   RO         1731    .text.OUTLINED_FUNCTION_9  bignum.o
    0x0c00365a   0x0c00365a   0x00000002   PAD
    0x0c00365c   0x0c00365c   0x00000084   Code   RO         2592    .text.SystemCoreClockUpdate  system_stm32l5xx.o
    0x0c0036e0   0x0c0036e0   0x00000098   Code   RO         2590    .text.SystemInit    system_stm32l5xx.o
    0x0c003778   0x0c003778   0x0000022c   Code   RO         2610    .text.TFM_LL_SECU_ApplyRunTimeProtections  tfm_low_level_security.o
    0x0c0039a4   0x0c0039a4   0x00000390   Code   RO         2612    .text.TFM_LL_SECU_CheckStaticProtections  tfm_low_level_security.o
    0x0c003d34   0x0c003d34   0x00000060   Code   RO         2606    .text.TFM_LL_SECU_SetLoaderCodeSecure  tfm_low_level_security.o
    0x0c003d94   0x0c003d94   0x000000a8   Code   RO          998    .text.UART_AdvFeatureConfig  stm32l5xx_hal_uart.o
    0x0c003e3c   0x0c003e3c   0x00000064   Code   RO         1000    .text.UART_CheckIdleState  stm32l5xx_hal_uart.o
    0x0c003ea0   0x0c003ea0   0x0000004a   Code   RO         1122    .text.UART_RxISR_16BIT  stm32l5xx_hal_uart.o
    0x0c003eea   0x0c003eea   0x00000002   PAD
    0x0c003eec   0x0c003eec   0x000000d0   Code   RO         1118    .text.UART_RxISR_16BIT_FIFOEN  stm32l5xx_hal_uart.o
    0x0c003fbc   0x0c003fbc   0x00000046   Code   RO         1124    .text.UART_RxISR_8BIT  stm32l5xx_hal_uart.o
    0x0c004002   0x0c004002   0x00000002   PAD
    0x0c004004   0x0c004004   0x000000d0   Code   RO         1120    .text.UART_RxISR_8BIT_FIFOEN  stm32l5xx_hal_uart.o
    0x0c0040d4   0x0c0040d4   0x00000224   Code   RO          996    .text.UART_SetConfig  stm32l5xx_hal_uart.o
    0x0c0042f8   0x0c0042f8   0x000000d0   Code   RO         1030    .text.UART_Start_Receive_IT  stm32l5xx_hal_uart.o
    0x0c0043c8   0x0c0043c8   0x0000007e   Code   RO         1014    .text.UART_WaitOnFlagUntilTimeout  stm32l5xx_hal_uart.o
    0x0c004446   0x0c004446   0x00000004   Code   RO         2472    .text.USART0_Control  low_level_com.o
    0x0c00444a   0x0c00444a   0x0000000e   Code   RO         2478    .text.USART0_GetModemStatus  low_level_com.o
    0x0c004458   0x0c004458   0x00000004   Code   RO         2470    .text.USART0_GetRxCount  low_level_com.o
    0x0c00445c   0x0c00445c   0x0000000e   Code   RO         2474    .text.USART0_GetStatus  low_level_com.o
    0x0c00446a   0x0c00446a   0x00000004   Code   RO         2468    .text.USART0_GetTxCount  low_level_com.o
    0x0c00446e   0x0c00446e   0x00000002   PAD
    0x0c004470   0x0c004470   0x000000b0   Code   RO         2456    .text.USART0_Initialize  low_level_com.o
    0x0c004520   0x0c004520   0x00000004   Code   RO         2460    .text.USART0_PowerControl  low_level_com.o
    0x0c004524   0x0c004524   0x0000001c   Code   RO         2464    .text.USART0_Receive  low_level_com.o
    0x0c004540   0x0c004540   0x00000024   Code   RO         2462    .text.USART0_Send   low_level_com.o
    0x0c004564   0x0c004564   0x00000004   Code   RO         2476    .text.USART0_SetModemControl  low_level_com.o
    0x0c004568   0x0c004568   0x00000004   Code   RO         2466    .text.USART0_Transfer  low_level_com.o
    0x0c00456c   0x0c00456c   0x00000004   Code   RO         2458    .text.USART0_Uninitialize  low_level_com.o
    0x0c004570   0x0c004570   0x00000004   Code   RO         2454    .text.USART_GetCapabilities  low_level_com.o
    0x0c004574   0x0c004574   0x00000008   Code   RO         2452    .text.USART_GetVersion  low_level_com.o
    0x0c00457c   0x0c00457c   0x00000024   Code   RO          106    .text.__NVIC_SystemReset  stm32l5xx_hal_cortex.o
    0x0c0045a0   0x0c0045a0   0x000000f4   Code   RO         1335    .text.boot_copy_region  loader.o
    0x0c004694   0x0c004694   0x000001b8   Code   RO         1281    .text.boot_enc_decrypt  encrypted.o
    0x0c00484c   0x0c00484c   0x00000082   Code   RO         1283    .text.boot_enc_load  encrypted.o
    0x0c0048ce   0x0c0048ce   0x00000048   Code   RO         1279    .text.boot_enc_set_key  encrypted.o
    0x0c004916   0x0c004916   0x00000092   Code   RO         1287    .text.boot_encrypt  encrypted.o
    0x0c0049a8   0x0c0049a8   0x0000000c   Code   RO         1343    .text.boot_go       loader.o
    0x0c0049b4   0x0c0049b4   0x0000002e   Code   RO         1467    .text.boot_nv_security_counter_get  security_cnt.o
    0x0c0049e2   0x0c0049e2   0x00000010   Code   RO         1465    .text.boot_nv_security_counter_init  security_cnt.o
    0x0c0049f2   0x0c0049f2   0x00000028   Code   RO         1469    .text.boot_nv_security_counter_update  security_cnt.o
    0x0c004a1a   0x0c004a1a   0x00000002   PAD
    0x0c004a1c   0x0c004a1c   0x000000f8   Code   RO         2426    .text.boot_platform_init  boot_hal.o
    0x0c004b14   0x0c004b14   0x000000b8   Code   RO         2414    .text.boot_platform_noimage  boot_hal.o
    0x0c004bcc   0x0c004bcc   0x00000036   Code   RO         1365    .text.boot_read_image_header  swap_scratch.o
    0x0c004c02   0x0c004c02   0x0000000a   Code   RO         1339    .text.boot_read_image_headers  loader.o
    0x0c004c0c   0x0c004c0c   0x00000028   Code   RO         1347    .text.boot_read_sectors  loader.o
    0x0c004c34   0x0c004c34   0x0000001a   Code   RO         1259    .text.boot_secure_memequal  bootutil_misc.o
    0x0c004c4e   0x0c004c4e   0x00000040   Code   RO         1341    .text.boot_update_security_counter  loader.o
    0x0c004c8e   0x0c004c8e   0x00000060   Code   RO         1314    .text.bootutil_get_img_security_cnt  image_validate.o
    0x0c004cee   0x0c004cee   0x00000002   PAD
    0x0c004cf0   0x0c004cf0   0x00000388   Code   RO         1316    .text.bootutil_img_validate  image_validate.o
    0x0c005078   0x0c005078   0x00000014   Code   RO         1303    .text.bootutil_sha256_init  image_rsa.o
    0x0c00508c   0x0c00508c   0x00000014   Code   RO         1318    .text.bootutil_sha256_init  image_validate.o
    0x0c0050a0   0x0c0050a0   0x0000008c   Code   RO         1375    .text.bootutil_tlv_iter_begin  tlv.o
    0x0c00512c   0x0c00512c   0x0000009c   Code   RO         1377    .text.bootutil_tlv_iter_next  tlv.o
    0x0c0051c8   0x0c0051c8   0x00000230   Code   RO         1301    .text.bootutil_verify_sig  image_rsa.o
    0x0c0053f8   0x0c0053f8   0x000000fc   Code   RO         2140    .text.buffer_alloc_calloc  memory_buffer_alloc.o
    0x0c0054f4   0x0c0054f4   0x000000f8   Code   RO         2142    .text.buffer_alloc_free  memory_buffer_alloc.o
    0x0c0055ec   0x0c0055ec   0x00000348   Code   RO         1337    .text.context_boot_go  loader.o
    0x0c005934   0x0c005934   0x00000014   Code   RO         1416    .text.flash_area_align  flash_map.o
    0x0c005948   0x0c005948   0x00000002   Code   RO         1408    .text.flash_area_close  flash_map.o
    0x0c00594a   0x0c00594a   0x00000002   PAD
    0x0c00594c   0x0c00594c   0x00000044   Code   RO         1414    .text.flash_area_erase  flash_map.o
    0x0c005990   0x0c005990   0x00000014   Code   RO         1438    .text.flash_area_erased_val  flash_map_extended.o
    0x0c0059a4   0x0c0059a4   0x000000f4   Code   RO         1450    .text.flash_area_get_sectors  flash_map_legacy.o
    0x0c005a98   0x0c005a98   0x0000000c   Code   RO         1430    .text.flash_area_id_from_multi_image_slot  flash_map_extended.o
    0x0c005aa4   0x0c005aa4   0x00000038   Code   RO         1434    .text.flash_area_id_to_multi_image_slot  flash_map_extended.o
    0x0c005adc   0x0c005adc   0x00000020   Code   RO         1406    .text.flash_area_open  flash_map.o
    0x0c005afc   0x0c005afc   0x00000020   Code   RO         1410    .text.flash_area_read  flash_map.o
    0x0c005b1c   0x0c005b1c   0x00000024   Code   RO         1412    .text.flash_area_write  flash_map.o
    0x0c005b40   0x0c005b40   0x0000004c   Code   RO         1428    .text.flash_device_base  flash_map_extended.o
    0x0c005b8c   0x0c005b8c   0x0000001c   Code   RO         1479    .text.fputc         uart_stdout.o
    0x0c005ba8   0x0c005ba8   0x00000038   Code   RO         2420    .text.icache_init   boot_hal.o
    0x0c005be0   0x0c005be0   0x00000038   Code   RO         2527    .text.is_range_secure  low_level_flash.o
    0x0c005c18   0x0c005c18   0x00000140   Code   RO         1391    .text.main          bl2_main.o
    0x0c005d58   0x0c005d58   0x0000001c   Code   RO         1510    .text.mbedtls_aes_crypt_ecb  aes.o
    0x0c005d74   0x0c005d74   0x0000000c   Code   RO         1496    .text.mbedtls_aes_free  aes.o
    0x0c005d80   0x0c005d80   0x0000000c   Code   RO         1494    .text.mbedtls_aes_init  aes.o
    0x0c005d8c   0x0c005d8c   0x000003ac   Code   RO         1498    .text.mbedtls_aes_setkey_enc  aes.o
    0x0c006138   0x0c006138   0x0000004c   Code   RO         1539    .text.mbedtls_asn1_get_int  asn1parse.o
    0x0c006184   0x0c006184   0x0000008a   Code   RO         1533    .text.mbedtls_asn1_get_len  asn1parse.o
    0x0c00620e   0x0c00620e   0x00000026   Code   RO         1541    .text.mbedtls_asn1_get_mpi  asn1parse.o
    0x0c006234   0x0c006234   0x00000028   Code   RO         1535    .text.mbedtls_asn1_get_tag  asn1parse.o
    0x0c00625c   0x0c00625c   0x00000008   Code   RO         2231    .text.mbedtls_calloc  platform.o
    0x0c006264   0x0c006264   0x0000000c   Code   RO         2233    .text.mbedtls_free  platform.o
    0x0c006270   0x0c006270   0x000003b8   Code   RO         1506    .text.mbedtls_internal_aes_decrypt  aes.o
    0x0c006628   0x0c006628   0x000003ac   Code   RO         1502    .text.mbedtls_internal_aes_encrypt  aes.o
    0x0c0069d4   0x0c0069d4   0x00000020   Code   RO         2570    .text.mbedtls_internal_sha256_process  sha256_alt.o
    0x0c0069f4   0x0c0069f4   0x00000014   Code   RO         2072    .text.mbedtls_md    md.o
    0x0c006a08   0x0c006a08   0x00000010   Code   RO         2070    .text.mbedtls_md_finish  md.o
    0x0c006a18   0x0c006a18   0x00000034   Code   RO         2058    .text.mbedtls_md_free  md.o
    0x0c006a4c   0x0c006a4c   0x0000000c   Code   RO         2086    .text.mbedtls_md_get_size  md.o
    0x0c006a58   0x0c006a58   0x0000001c   Code   RO         2054    .text.mbedtls_md_info_from_type  md.o
    0x0c006a74   0x0c006a74   0x0000000a   Code   RO         2056    .text.mbedtls_md_init  md.o
    0x0c006a7e   0x0c006a7e   0x00000002   PAD
    0x0c006a80   0x0c006a80   0x0000003c   Code   RO         2064    .text.mbedtls_md_setup  md.o
    0x0c006abc   0x0c006abc   0x00000010   Code   RO         2066    .text.mbedtls_md_starts  md.o
    0x0c006acc   0x0c006acc   0x00000014   Code   RO         2068    .text.mbedtls_md_update  md.o
    0x0c006ae0   0x0c006ae0   0x00000060   Code   RO         2138    .text.mbedtls_memory_buffer_alloc_init  memory_buffer_alloc.o
    0x0c006b40   0x0c006b40   0x000000be   Code   RO         1679    .text.mbedtls_mpi_add_abs  bignum.o
    0x0c006bfe   0x0c006bfe   0x0000003a   Code   RO         1685    .text.mbedtls_mpi_add_mpi  bignum.o
    0x0c006c38   0x0c006c38   0x00000042   Code   RO         1643    .text.mbedtls_mpi_bitlen  bignum.o
    0x0c006c7a   0x0c006c7a   0x00000064   Code   RO         1673    .text.mbedtls_mpi_cmp_abs  bignum.o
    0x0c006cde   0x0c006cde   0x00000028   Code   RO         1677    .text.mbedtls_mpi_cmp_int  bignum.o
    0x0c006d06   0x0c006d06   0x00000084   Code   RO         1675    .text.mbedtls_mpi_cmp_mpi  bignum.o
    0x0c006d8a   0x0c006d8a   0x0000005c   Code   RO         1627    .text.mbedtls_mpi_copy  bignum.o
    0x0c006de6   0x0c006de6   0x00000002   PAD
    0x0c006de8   0x0c006de8   0x00000340   Code   RO         1693    .text.mbedtls_mpi_div_mpi  bignum.o
    0x0c007128   0x0c007128   0x00000418   Code   RO         1701    .text.mbedtls_mpi_exp_mod  bignum.o
    0x0c007540   0x0c007540   0x0000005c   Code   RO         1709    .text.mbedtls_mpi_fill_random  bignum.o
    0x0c00759c   0x0c00759c   0x00000026   Code   RO         1619    .text.mbedtls_mpi_free  bignum.o
    0x0c0075c2   0x0c0075c2   0x00000002   PAD
    0x0c0075c4   0x0c0075c4   0x00000100   Code   RO         1707    .text.mbedtls_mpi_gcd  bignum.o
    0x0c0076c4   0x0c0076c4   0x00000020   Code   RO         1637    .text.mbedtls_mpi_get_bit  bignum.o
    0x0c0076e4   0x0c0076e4   0x0000004c   Code   RO         1623    .text.mbedtls_mpi_grow  bignum.o
    0x0c007730   0x0c007730   0x0000000c   Code   RO         1617    .text.mbedtls_mpi_init  bignum.o
    0x0c00773c   0x0c00773c   0x0000028c   Code   RO         1711    .text.mbedtls_mpi_inv_mod  bignum.o
    0x0c0079c8   0x0c0079c8   0x00000036   Code   RO         1641    .text.mbedtls_mpi_lsb  bignum.o
    0x0c0079fe   0x0c0079fe   0x00000036   Code   RO         1635    .text.mbedtls_mpi_lset  bignum.o
    0x0c007a34   0x0c007a34   0x0000005a   Code   RO         1697    .text.mbedtls_mpi_mod_mpi  bignum.o
    0x0c007a8e   0x0c007a8e   0x00000018   Code   RO         1651    .text.mbedtls_mpi_mul_int  bignum.o
    0x0c007aa6   0x0c007aa6   0x000000dc   Code   RO         1689    .text.mbedtls_mpi_mul_mpi  bignum.o
    0x0c007b82   0x0c007b82   0x00000062   Code   RO         1661    .text.mbedtls_mpi_read_binary  bignum.o
    0x0c007be4   0x0c007be4   0x0000008a   Code   RO         1669    .text.mbedtls_mpi_shift_l  bignum.o
    0x0c007c6e   0x0c007c6e   0x0000007c   Code   RO         1671    .text.mbedtls_mpi_shift_r  bignum.o
    0x0c007cea   0x0c007cea   0x0000000c   Code   RO         1645    .text.mbedtls_mpi_size  bignum.o
    0x0c007cf6   0x0c007cf6   0x00000074   Code   RO         1681    .text.mbedtls_mpi_sub_abs  bignum.o
    0x0c007d6a   0x0c007d6a   0x00000028   Code   RO         1655    .text.mbedtls_mpi_sub_int  bignum.o
    0x0c007d92   0x0c007d92   0x00000038   Code   RO         1687    .text.mbedtls_mpi_sub_mpi  bignum.o
    0x0c007dca   0x0c007dca   0x00000076   Code   RO         1667    .text.mbedtls_mpi_write_binary  bignum.o
    0x0c007e40   0x0c007e40   0x00000006   Code   RO         1621    .text.mbedtls_mpi_zeroize  bignum.o
    0x0c007e46   0x0c007e46   0x00000002   PAD
    0x0c007e48   0x0c007e48   0x00000010   Code   RO         2235    .text.mbedtls_platform_set_calloc_free  platform.o
    0x0c007e58   0x0c007e58   0x00000010   Code   RO         2269    .text.mbedtls_platform_zeroize  platform_util.o
    0x0c007e68   0x0c007e68   0x0000006c   Code   RO         2301    .text.mbedtls_rsa_check_privkey  rsa.o
    0x0c007ed4   0x0c007ed4   0x00000048   Code   RO         2299    .text.mbedtls_rsa_check_pubkey  rsa.o
    0x0c007f1c   0x0c007f1c   0x0000006c   Code   RO         2357    .text.mbedtls_rsa_deduce_crt  rsa_internal.o
    0x0c007f88   0x0c007f88   0x00000060   Code   RO         2331    .text.mbedtls_rsa_free  rsa.o
    0x0c007fe8   0x0c007fe8   0x00000066   Code   RO         2279    .text.mbedtls_rsa_import  rsa.o
    0x0c00804e   0x0c00804e   0x00000014   Code   RO         2293    .text.mbedtls_rsa_init  rsa.o
    0x0c008062   0x0c008062   0x00000002   PAD
    0x0c008064   0x0c008064   0x00000348   Code   RO         2307    .text.mbedtls_rsa_private  rsa.o
    0x0c0083ac   0x0c0083ac   0x00000080   Code   RO         2305    .text.mbedtls_rsa_public  rsa.o
    0x0c00842c   0x0c00842c   0x00000190   Code   RO         2315    .text.mbedtls_rsa_rsaes_oaep_decrypt  rsa.o
    0x0c0085bc   0x0c0085bc   0x000000f4   Code   RO         2353    .text.mbedtls_rsa_validate_crt  rsa_internal.o
    0x0c0086b0   0x0c0086b0   0x00000190   Code   RO         2355    .text.mbedtls_rsa_validate_params  rsa_internal.o
    0x0c008840   0x0c008840   0x0000000c   Code   RO         2566    .text.mbedtls_sha256_clone  sha256_alt.o
    0x0c00884c   0x0c00884c   0x00000036   Code   RO         2574    .text.mbedtls_sha256_finish_ret  sha256_alt.o
    0x0c008882   0x0c008882   0x00000008   Code   RO         2564    .text.mbedtls_sha256_free  sha256_alt.o
    0x0c00888a   0x0c00888a   0x00000002   PAD
    0x0c00888c   0x0c00888c   0x00000020   Code   RO         2560    .text.mbedtls_sha256_init  sha256_alt.o
    0x0c0088ac   0x0c0088ac   0x00000048   Code   RO         2381    .text.mbedtls_sha256_ret  sha256.o
    0x0c0088f4   0x0c0088f4   0x00000028   Code   RO         2568    .text.mbedtls_sha256_starts_ret  sha256_alt.o
    0x0c00891c   0x0c00891c   0x000000b2   Code   RO         2572    .text.mbedtls_sha256_update_ret  sha256_alt.o
    0x0c0089ce   0x0c0089ce   0x00000012   Code   RO         2562    .text.mbedtls_zeroize  sha256_alt.o
    0x0c0089e0   0x0c0089e0   0x0000009a   Code   RO         2311    .text.mgf_mask      rsa.o
    0x0c008a7a   0x0c008a7a   0x0000001e   Code   RO         1663    .text.mpi_bigendian_to_host  bignum.o
    0x0c008a98   0x0c008a98   0x000000dc   Code   RO         1703    .text.mpi_montmul   bignum.o
    0x0c008b74   0x0c008b74   0x00000022   Code   RO         1705    .text.mpi_montred   bignum.o
    0x0c008b96   0x0c008b96   0x0000018e   Code   RO         1691    .text.mpi_mul_hlp   bignum.o
    0x0c008d24   0x0c008d24   0x0000003a   Code   RO         1683    .text.mpi_sub_hlp   bignum.o
    0x0c008d5e   0x0c008d5e   0x00000004   Code   RO         2253    .text.platform_calloc_uninit  platform.o
    0x0c008d62   0x0c008d62   0x00000002   Code   RO         2245    .text.platform_exit_uninit  platform.o
    0x0c008d64   0x0c008d64   0x00000002   Code   RO         2255    .text.platform_free_uninit  platform.o
    0x0c008d66   0x0c008d66   0x00000002   PAD
    0x0c008d68   0x0c008d68   0x000000a8   Code   RO         2285    .text.rsa_check_context  rsa.o
    0x0c008e10   0x0c008e10   0x00000004   Code   RO         2113    .text.sha224_clone_wrap  md_wrap.o
    0x0c008e14   0x0c008e14   0x0000001a   Code   RO         2109    .text.sha224_ctx_alloc  md_wrap.o
    0x0c008e2e   0x0c008e2e   0x00000012   Code   RO         2111    .text.sha224_ctx_free  md_wrap.o
    0x0c008e40   0x0c008e40   0x00000004   Code   RO         2105    .text.sha224_finish_wrap  md_wrap.o
    0x0c008e44   0x0c008e44   0x00000004   Code   RO         2115    .text.sha224_process_wrap  md_wrap.o
    0x0c008e48   0x0c008e48   0x00000006   Code   RO         2101    .text.sha224_starts_wrap  md_wrap.o
    0x0c008e4e   0x0c008e4e   0x00000004   Code   RO         2103    .text.sha224_update_wrap  md_wrap.o
    0x0c008e52   0x0c008e52   0x00000006   Code   RO         2107    .text.sha224_wrap   md_wrap.o
    0x0c008e58   0x0c008e58   0x00000006   Code   RO         2117    .text.sha256_starts_wrap  md_wrap.o
    0x0c008e5e   0x0c008e5e   0x00000006   Code   RO         2119    .text.sha256_wrap   md_wrap.o
    0x0c008e64   0x0c008e64   0x0000001c   Code   RO         1481    .text.stdio_init    uart_stdout.o
    0x0c008e80   0x0c008e80   0x0000000c   Code   RO         1483    .text.stdio_uninit  uart_stdout.o
    0x0c008e8c   0x0c008e8c   0x000002a8   Code   RO         2393    .text.tfm_plat_init_nv_counter  bl2_nv_services.o
    0x0c009134   0x0c009134   0x00000084   Code   RO         2395    .text.tfm_plat_read_nv_counter  bl2_nv_services.o
    0x0c0091b8   0x0c0091b8   0x00000098   Code   RO         2397    .text.tfm_plat_set_nv_counter  bl2_nv_services.o
    0x0c009250   0x0c009250   0x0000003c   Code   RO         2136    .text.verify_chain  memory_buffer_alloc.o
    0x0c00928c   0x0c00928c   0x0000003c   Code   RO         2146    .text.verify_header  memory_buffer_alloc.o
    0x0c0092c8   0x0c0092c8   0x0000001a   Code   RO         2919    x$fpl$fpinit        fz_wm.l(fpinit.o)
    0x0c0092e2   0x0c0092e2   0x00000028   Data   RO         2713    .constdata          c_w.l(_printf_hex_int.o)
    0x0c00930a   0x0c00930a   0x00000010   Data   RO         2595    .rodata.AHBPrescTable  system_stm32l5xx.o
    0x0c00931a   0x0c00931a   0x00000008   Data   RO         2596    .rodata.APBPrescTable  system_stm32l5xx.o
    0x0c009322   0x0c009322   0x00000002   PAD
    0x0c009324   0x0c009324   0x00000018   Data   RO         2530    .rodata.ARM_FLASH0_DEV_DATA  low_level_flash.o
    0x0c00933c   0x0c00933c   0x00000040   Data   RO         2597    .rodata.MSIRangeTable  system_stm32l5xx.o
    0x0c00937c   0x0c00937c   0x0000002c   Data   RO         2529    .rodata.TFM_Driver_FLASH0  low_level_flash.o
    0x0c0093a8   0x0c0093a8   0x00000038   Data   RO         2484    .rodata.TFM_Driver_USART0  low_level_com.o
    0x0c0093e0   0x0c0093e0   0x00000018   Data   RO         1198    .rodata.UARTPrescTable  stm32l5xx_hal_uart.o
    0x0c0093f8   0x0c0093f8   0x00000010   Data   RO         1199    .rodata.cst16       stm32l5xx_hal_uart.o
    0x0c009408   0x0c009408   0x0000000c   Data   RO         1419    .rodata.flash_map   flash_map.o
    0x0c009414   0x0c009414   0x00000030   Data   RO         2122    .rodata.mbedtls_sha224_info  md_wrap.o
    0x0c009444   0x0c009444   0x00000030   Data   RO         2123    .rodata.mbedtls_sha256_info  md_wrap.o
    0x0c009474   0x0c009474   0x00000004   Data   RO         2271    .rodata.memset_func  platform_util.o
    0x0c009478   0x0c009478   0x00000008   Data   RO         1305    .rodata.pss_zeros   image_rsa.o
    0x0c009480   0x0c009480   0x00000082   Data   RO         1320    .rodata.str1.1      image_validate.o
    0x0c009502   0x0c009502   0x00000197   Data   RO         1350    .rodata.str1.1      loader.o
    0x0c009699   0x0c009699   0x000000a8   Data   RO         1395    .rodata.str1.1      bl2_main.o
    0x0c009741   0x0c009741   0x0000000e   Data   RO         2121    .rodata.str1.1      md_wrap.o
    0x0c00974f   0x0c00974f   0x000001a9   Data   RO         2403    .rodata.str1.1      bl2_nv_services.o
    0x0c0098f8   0x0c0098f8   0x00000466   Data   RO         2614    .rodata.str1.1      tfm_low_level_security.o
    0x0c009d5e   0x0c009d5e   0x00000002   PAD
    0x0c009d60   0x0c009d60   0x00000020   Data   RO         3023    Region$$Table       anon$$obj.o


    Execution Region ER_NOHDP_CODE (Exec base: 0x0c00c800, Load base: 0x0c00c800, Size: 0x00000470, Max: 0x00000800, ABSOLUTE, FIXED)

    Exec Addr    Load Addr    Size         Type   Attr      Idx    E Section Name        Object

    0x0c00c800   0x0c00c800   0x00000022   Code   RO         1387    .BL2_NoHdp_Code     bl2_main.o
    0x0c00c822   0x0c00c822   0x00000002   PAD
    0x0c00c824   0x0c00c824   0x00000210   Code   RO         2416    .BL2_NoHdp_Code     boot_hal.o
    0x0c00ca34   0x0c00ca34   0x000001a8   Code   RO         2608    .BL2_NoHdp_Code     tfm_low_level_security.o
    0x0c00cbdc   0x0c00cbdc   0x0000000c   Code   RO         2550    .text.OUTLINED_FUNCTION_0  mpu_armv8m_drv.o
    0x0c00cbe8   0x0c00cbe8   0x00000028   Code   RO         2540    .text.mpu_armv8m_enable  mpu_armv8m_drv.o
    0x0c00cc10   0x0c00cc10   0x00000016   Code   RO         2546    .text.mpu_armv8m_region_disable  mpu_armv8m_drv.o
    0x0c00cc26   0x0c00cc26   0x0000004a   Code   RO         2544    .text.mpu_armv8m_region_enable  mpu_armv8m_drv.o


    Execution Region ER_DATA (Exec base: 0x30030000, Load base: 0x0c00cc70, Size: 0x0000be84, Max: 0x0000ec00, ABSOLUTE)

    Exec Addr    Load Addr    Size         Type   Attr      Idx    E Section Name        Object

    0x30030000   0x0c00cc70   0x00000008   Data   RW           85    .data..L_MergedGlobals  stm32l5xx_hal.o
    0x30030008   0x0c00cc78   0x00000008   Data   RW         2260    .data..L_MergedGlobals  platform.o
    0x30030010   0x0c00cc80   0x00000008   Data   RW         2617    .data..L_MergedGlobals  tfm_low_level_security.o
    0x30030018   0x0c00cc88   0x0000001c   Data   RW         2497    .data.FLASH0_DEV    low_level_device.o
    0x30030034   0x0c00cca4   0x00000001   Data   RW         2439    .data.ImageValidStatus  boot_hal.o
    0x30030035   0x0c00cca5   0x00000003   PAD
    0x30030038   0x0c00cca8   0x00000004   Data   RW         2594    .data.SystemCoreClock  system_stm32l5xx.o
    0x3003003c   0x0c00ccac   0x00000008   Data   RW         1418    .data.driver_list   flash_map.o
    0x30030044   0x0c00ccb4   0x00000008   Data   RW         2494    .data.erase_vect    low_level_device.o
    0x3003004c   0x0c00ccbc   0x00000004   Data   RW         2259    .data.mbedtls_exit  platform.o
    0x30030050   0x0c00ccc0   0x00000004   Data   RW         2616    .data.mpu_loader_cfg.dev_mpu_s  tfm_low_level_security.o
    0x30030054   0x0c00ccc4   0x0000001c   Data   RW          294    .data.pFlash        stm32l5xx_hal_flash.o
    0x30030070   0x0c00cce0   0x00000010   Data   RW         2496    .data.secure_vect   low_level_device.o
    0x30030080   0x0c00ccf0   0x00000004   Data   RW         2405    .data.uwAddressNextWrite  bl2_nv_services.o
    0x30030084   0x0c00ccf4   0x00000010   Data   RW         2495    .data.write_vect    low_level_device.o
    0x30030094        -       0x0000002c   Zero   RW         1524    .bss..L_MergedGlobals  aes.o
    0x300300c0        -       0x0000000c   Zero   RW         2443    .bss..L_MergedGlobals  boot_hal.o
    0x300300cc        -       0x00000008   Zero   RW         2531    .bss..L_MergedGlobals  low_level_flash.o
    0x300300d4        -       0x00000070   Zero   RW         2618    .bss..L_MergedGlobals.48  tfm_low_level_security.o
    0x30030144        -       0x00000100   Zero   RW         1514    .bss.FSb            aes.o
    0x30030244        -       0x00000400   Zero   RW         1519    .bss.FT0            aes.o
    0x30030644        -       0x00000400   Zero   RW         1520    .bss.FT1            aes.o
    0x30030a44        -       0x00000400   Zero   RW         1521    .bss.FT2            aes.o
    0x30030e44        -       0x00000400   Zero   RW         1522    .bss.FT3            aes.o
    0x30031244        -       0x00000001   Zero   RW         2441    .bss.ImageValidEnable  boot_hal.o
    0x30031245        -       0x00000001   Zero   RW         2440    .bss.ImageValidIndex  boot_hal.o
    0x30031246        -       0x00000100   Zero   RW         1523    .bss.RSb            aes.o
    0x30031346   0x0c00cd04   0x00000002   PAD
    0x30031348        -       0x00000400   Zero   RW         1515    .bss.RT0            aes.o
    0x30031748        -       0x00000400   Zero   RW         1516    .bss.RT1            aes.o
    0x30031b48        -       0x00000400   Zero   RW         1517    .bss.RT2            aes.o
    0x30031f48        -       0x00000400   Zero   RW         1518    .bss.RT3            aes.o
    0x30032348        -       0x00000054   Zero   RW         1485    .bss.__stdout       uart_stdout.o
    0x3003239c        -       0x00001000   Zero   RW         1349    .bss.boot_copy_region.buf  loader.o
    0x3003339c        -       0x00000150   Zero   RW         1352    .bss.boot_data      loader.o
    0x300334ec        -       0x00001000   Zero   RW         1353    .bss.boot_image_check.tmpbuf  loader.o
    0x300344ec        -       0x000006b0   Zero   RW         1351    .bss.context_boot_go.primary_slot_sectors  loader.o
    0x30034b9c        -       0x00000004   Zero   RW         1396    .bss.do_boot.vt     bl2_main.o
    0x30034ba0        -       0x00000014   Zero   RW         2150    .bss.heap           memory_buffer_alloc.o
    0x30034bb4        -       0x00000004   Zero   RW         2442    .bss.jumper.vt      boot_hal.o
    0x30034bb8        -       0x00007200   Zero   RW         1394    .bss.mbedtls_mem_buf  bl2_main.o
    0x3003bdb8        -       0x00000038   Zero   RW         2615    .bss.rdp_level.flash_option_bytes_bank  tfm_low_level_security.o
    0x3003bdf0        -       0x00000090   Zero   RW         2485    .bss.uart_device    low_level_com.o
    0x3003be80        -       0x00000004   Zero   RW         2404    .bss.uhNbWrittenElements  bl2_nv_services.o


    Execution Region ARM_LIB_STACK (Exec base: 0x3003bea0, Load base: 0x0c00cd20, Size: 0x00001400, Max: 0x00001400, ABSOLUTE)

    Exec Addr    Load Addr    Size         Type   Attr      Idx    E Section Name        Object

    0x3003bea0        -       0x00001400   Zero   RW            1    ARM_LIB_STACK.bss   anon$$obj.o


    Execution Region ARM_LIB_HEAP (Exec base: 0x3003d2a0, Load base: 0x0c00cd20, Size: 0x00000000, Max: 0x00000000, ABSOLUTE)

    Exec Addr    Load Addr    Size         Type   Attr      Idx    E Section Name        Object

    0x3003d2a0        -       0x00000000   Zero   RW            2    ARM_LIB_HEAP.bss    anon$$obj.o

