Archive member included to satisfy reference by file (symbol)

c:/st/stm32cubeide_1.6.1/stm32cubeide/plugins/com.st.stm32cube.ide.mcu.externaltools.gnu-tools-for-stm32.9-2020-q2-update.win32_1.5.0.202011040924/tools/bin/../lib/gcc/arm-none-eabi/9.3.1/../../../../arm-none-eabi/lib/thumb/v8-m.main+fp/hard\libc_nano.a(lib_a-exit.o)
                              c:/st/stm32cubeide_1.6.1/stm32cubeide/plugins/com.st.stm32cube.ide.mcu.externaltools.gnu-tools-for-stm32.9-2020-q2-update.win32_1.5.0.202011040924/tools/bin/../lib/gcc/arm-none-eabi/9.3.1/../../../../arm-none-eabi/lib/thumb/v8-m.main+fp/hard/crt0.o (exit)
c:/st/stm32cubeide_1.6.1/stm32cubeide/plugins/com.st.stm32cube.ide.mcu.externaltools.gnu-tools-for-stm32.9-2020-q2-update.win32_1.5.0.202011040924/tools/bin/../lib/gcc/arm-none-eabi/9.3.1/../../../../arm-none-eabi/lib/thumb/v8-m.main+fp/hard\libc_nano.a(lib_a-impure.o)
                              c:/st/stm32cubeide_1.6.1/stm32cubeide/plugins/com.st.stm32cube.ide.mcu.externaltools.gnu-tools-for-stm32.9-2020-q2-update.win32_1.5.0.202011040924/tools/bin/../lib/gcc/arm-none-eabi/9.3.1/../../../../arm-none-eabi/lib/thumb/v8-m.main+fp/hard\libc_nano.a(lib_a-exit.o) (_global_impure_ptr)
c:/st/stm32cubeide_1.6.1/stm32cubeide/plugins/com.st.stm32cube.ide.mcu.externaltools.gnu-tools-for-stm32.9-2020-q2-update.win32_1.5.0.202011040924/tools/bin/../lib/gcc/arm-none-eabi/9.3.1/../../../../arm-none-eabi/lib/thumb/v8-m.main+fp/hard\libc_nano.a(lib_a-init.o)
                              c:/st/stm32cubeide_1.6.1/stm32cubeide/plugins/com.st.stm32cube.ide.mcu.externaltools.gnu-tools-for-stm32.9-2020-q2-update.win32_1.5.0.202011040924/tools/bin/../lib/gcc/arm-none-eabi/9.3.1/../../../../arm-none-eabi/lib/thumb/v8-m.main+fp/hard/crt0.o (__libc_init_array)
c:/st/stm32cubeide_1.6.1/stm32cubeide/plugins/com.st.stm32cube.ide.mcu.externaltools.gnu-tools-for-stm32.9-2020-q2-update.win32_1.5.0.202011040924/tools/bin/../lib/gcc/arm-none-eabi/9.3.1/../../../../arm-none-eabi/lib/thumb/v8-m.main+fp/hard\libc_nano.a(lib_a-malloc.o)
                              Middlewares/mcuboot/loader.o (malloc)
c:/st/stm32cubeide_1.6.1/stm32cubeide/plugins/com.st.stm32cube.ide.mcu.externaltools.gnu-tools-for-stm32.9-2020-q2-update.win32_1.5.0.202011040924/tools/bin/../lib/gcc/arm-none-eabi/9.3.1/../../../../arm-none-eabi/lib/thumb/v8-m.main+fp/hard\libc_nano.a(lib_a-memcmp.o)
                              Middlewares/mbed-crypto/asn1parse.o (memcmp)
c:/st/stm32cubeide_1.6.1/stm32cubeide/plugins/com.st.stm32cube.ide.mcu.externaltools.gnu-tools-for-stm32.9-2020-q2-update.win32_1.5.0.202011040924/tools/bin/../lib/gcc/arm-none-eabi/9.3.1/../../../../arm-none-eabi/lib/thumb/v8-m.main+fp/hard\libc_nano.a(lib_a-memcpy-stub.o)
                              Application/User/low_level_flash.o (memcpy)
c:/st/stm32cubeide_1.6.1/stm32cubeide/plugins/com.st.stm32cube.ide.mcu.externaltools.gnu-tools-for-stm32.9-2020-q2-update.win32_1.5.0.202011040924/tools/bin/../lib/gcc/arm-none-eabi/9.3.1/../../../../arm-none-eabi/lib/thumb/v8-m.main+fp/hard\libc_nano.a(lib_a-memmove.o)
                              Middlewares/mbed-crypto/bignum.o (memmove)
c:/st/stm32cubeide_1.6.1/stm32cubeide/plugins/com.st.stm32cube.ide.mcu.externaltools.gnu-tools-for-stm32.9-2020-q2-update.win32_1.5.0.202011040924/tools/bin/../lib/gcc/arm-none-eabi/9.3.1/../../../../arm-none-eabi/lib/thumb/v8-m.main+fp/hard\libc_nano.a(lib_a-memset.o)
                              c:/st/stm32cubeide_1.6.1/stm32cubeide/plugins/com.st.stm32cube.ide.mcu.externaltools.gnu-tools-for-stm32.9-2020-q2-update.win32_1.5.0.202011040924/tools/bin/../lib/gcc/arm-none-eabi/9.3.1/../../../../arm-none-eabi/lib/thumb/v8-m.main+fp/hard/crt0.o (memset)
c:/st/stm32cubeide_1.6.1/stm32cubeide/plugins/com.st.stm32cube.ide.mcu.externaltools.gnu-tools-for-stm32.9-2020-q2-update.win32_1.5.0.202011040924/tools/bin/../lib/gcc/arm-none-eabi/9.3.1/../../../../arm-none-eabi/lib/thumb/v8-m.main+fp/hard\libc_nano.a(lib_a-nano-freer.o)
                              c:/st/stm32cubeide_1.6.1/stm32cubeide/plugins/com.st.stm32cube.ide.mcu.externaltools.gnu-tools-for-stm32.9-2020-q2-update.win32_1.5.0.202011040924/tools/bin/../lib/gcc/arm-none-eabi/9.3.1/../../../../arm-none-eabi/lib/thumb/v8-m.main+fp/hard\libc_nano.a(lib_a-malloc.o) (_free_r)
c:/st/stm32cubeide_1.6.1/stm32cubeide/plugins/com.st.stm32cube.ide.mcu.externaltools.gnu-tools-for-stm32.9-2020-q2-update.win32_1.5.0.202011040924/tools/bin/../lib/gcc/arm-none-eabi/9.3.1/../../../../arm-none-eabi/lib/thumb/v8-m.main+fp/hard\libc_nano.a(lib_a-nano-mallocr.o)
                              c:/st/stm32cubeide_1.6.1/stm32cubeide/plugins/com.st.stm32cube.ide.mcu.externaltools.gnu-tools-for-stm32.9-2020-q2-update.win32_1.5.0.202011040924/tools/bin/../lib/gcc/arm-none-eabi/9.3.1/../../../../arm-none-eabi/lib/thumb/v8-m.main+fp/hard\libc_nano.a(lib_a-malloc.o) (_malloc_r)
[...]
Memory Configuration

Name             Origin             Length             Attributes
FLASH            0x000000000c001000 0x000000000000b800 xr
FLASH_NOHDP      0x000000000c00c800 0x0000000000000800 xr
RAM              0x0000000030030000 0x0000000000010000 xrw
*default*        0x0000000000000000 0xffffffffffffffff

Linker script and memory map

LOAD c:/st/stm32cubeide_1.6.1/stm32cubeide/plugins/com.st.stm32cube.ide.mcu.externaltools.gnu-tools-for-stm32.9-2020-q2-update.win32_1.5.0.202011040924/tools/bin/../lib/gcc/arm-none-eabi/9.3.1/thumb/v8-m.main+fp/hard/crti.o
LOAD c:/st/stm32cubeide_1.6.1/stm32cubeide/plugins/com.st.stm32cube.ide.mcu.externaltools.gnu-tools-for-stm32.9-2020-q2-update.win32_1.5.0.202011040924/tools/bin/../lib/gcc/arm-none-eabi/9.3.1/thumb/v8-m.main+fp/hard/crtbegin.o
LOAD c:/st/stm32cubeide_1.6.1/stm32cubeide/plugins/com.st.stm32cube.ide.mcu.externaltools.gnu-tools-for-stm32.9-2020-q2-update.win32_1.5.0.202011040924/tools/bin/../lib/gcc/arm-none-eabi/9.3.1/../../../../arm-none-eabi/lib/thumb/v8-m.main+fp/hard/crt0.o
LOAD Application/Startup/startup_stm32l5xx_bl2.o
LOAD Application/User/bl2_nv_services.o
LOAD Application/User/boot_hal.o
LOAD Application/User/low_level_com.o
LOAD Application/User/low_level_device.o
LOAD Application/User/low_level_flash.o
LOAD Application/User/mpu_armv8m_drv.o
LOAD Application/User/sha256_alt.o
LOAD Application/User/system_stm32l5xx.o
LOAD Application/User/tfm_low_level_security.o
LOAD Drivers/STM32L5xx_HAL_Driver/stm32l5xx_hal.o
LOAD Drivers/STM32L5xx_HAL_Driver/stm32l5xx_hal_cortex.o
LOAD Drivers/STM32L5xx_HAL_Driver/stm32l5xx_hal_dma.o
LOAD Drivers/STM32L5xx_HAL_Driver/stm32l5xx_hal_dma_ex.o
LOAD Drivers/STM32L5xx_HAL_Driver/stm32l5xx_hal_exti.o
LOAD Drivers/STM32L5xx_HAL_Driver/stm32l5xx_hal_flash.o
LOAD Drivers/STM32L5xx_HAL_Driver/stm32l5xx_hal_flash_ex.o
LOAD Drivers/STM32L5xx_HAL_Driver/stm32l5xx_hal_gpio.o
LOAD Drivers/STM32L5xx_HAL_Driver/stm32l5xx_hal_gtzc.o
LOAD Drivers/STM32L5xx_HAL_Driver/stm32l5xx_hal_hash.o
LOAD Drivers/STM32L5xx_HAL_Driver/stm32l5xx_hal_hash_ex.o
LOAD Drivers/STM32L5xx_HAL_Driver/stm32l5xx_hal_icache.o
LOAD Drivers/STM32L5xx_HAL_Driver/stm32l5xx_hal_pwr.o
LOAD Drivers/STM32L5xx_HAL_Driver/stm32l5xx_hal_pwr_ex.o
LOAD Drivers/STM32L5xx_HAL_Driver/stm32l5xx_hal_rcc.o
LOAD Drivers/STM32L5xx_HAL_Driver/stm32l5xx_hal_rcc_ex.o
LOAD Drivers/STM32L5xx_HAL_Driver/stm32l5xx_hal_uart.o
LOAD Drivers/STM32L5xx_HAL_Driver/stm32l5xx_hal_uart_ex.o
LOAD Middlewares/mbed-crypto/aes.o
LOAD Middlewares/mbed-crypto/asn1parse.o
LOAD Middlewares/mbed-crypto/bignum.o
LOAD Middlewares/mbed-crypto/ctr_drbg.o
LOAD Middlewares/mbed-crypto/ecdh.o
LOAD Middlewares/mbed-crypto/ecdsa.o
LOAD Middlewares/mbed-crypto/ecp.o
LOAD Middlewares/mbed-crypto/ecp_curves.o
LOAD Middlewares/mbed-crypto/hkdf.o
LOAD Middlewares/mbed-crypto/md.o
LOAD Middlewares/mbed-crypto/md_wrap.o
LOAD Middlewares/mbed-crypto/memory_buffer_alloc.o
LOAD Middlewares/mbed-crypto/platform.o
LOAD Middlewares/mbed-crypto/platform_util.o
LOAD Middlewares/mbed-crypto/rsa.o
LOAD Middlewares/mbed-crypto/rsa_internal.o
LOAD Middlewares/mbed-crypto/sha256.o
LOAD Middlewares/mcuboot/bootutil_misc.o
LOAD Middlewares/mcuboot/caps.o
LOAD Middlewares/mcuboot/encrypted.o
LOAD Middlewares/mcuboot/image_ec.o
LOAD Middlewares/mcuboot/image_ec256.o
LOAD Middlewares/mcuboot/image_rsa.o
LOAD Middlewares/mcuboot/image_validate.o
LOAD Middlewares/mcuboot/loader.o
LOAD Middlewares/mcuboot/swap_misc.o
LOAD Middlewares/mcuboot/swap_move.o
LOAD Middlewares/mcuboot/swap_scratch.o
LOAD Middlewares/mcuboot/tlv.o
LOAD Middlewares/trustedfirmware/bl2_main.o
LOAD Middlewares/trustedfirmware/flash_map.o
LOAD Middlewares/trustedfirmware/flash_map_extended.o
LOAD Middlewares/trustedfirmware/flash_map_legacy.o
LOAD Middlewares/trustedfirmware/keys.o
LOAD Middlewares/trustedfirmware/security_cnt.o
LOAD Middlewares/trustedfirmware/uart_stdout.o
LOAD image_macros_preprocessed_bl2.o
START GROUP
LOAD c:/st/stm32cubeide_1.6.1/stm32cubeide/plugins/com.st.stm32cube.ide.mcu.externaltools.gnu-tools-for-stm32.9-2020-q2-update.win32_1.5.0.202011040924/tools/bin/../lib/gcc/arm-none-eabi/9.3.1/../../../../arm-none-eabi/lib/thumb/v8-m.main+fp/hard\libc_nano.a
LOAD c:/st/stm32cubeide_1.6.1/stm32cubeide/plugins/com.st.stm32cube.ide.mcu.externaltools.gnu-tools-for-stm32.9-2020-q2-update.win32_1.5.0.202011040924/tools/bin/../lib/gcc/arm-none-eabi/9.3.1/../../../../arm-none-eabi/lib/thumb/v8-m.main+fp/hard\libm.a
END GROUP
START GROUP
LOAD c:/st/stm32cubeide_1.6.1/stm32cubeide/plugins/com.st.stm32cube.ide.mcu.externaltools.gnu-tools-for-stm32.9-2020-q2-update.win32_1.5.0.202011040924/tools/bin/../lib/gcc/arm-none-eabi/9.3.1/thumb/v8-m.main+fp/hard\libgcc.a
LOAD c:/st/stm32cubeide_1.6.1/stm32cubeide/plugins/com.st.stm32cube.ide.mcu.externaltools.gnu-tools-for-stm32.9-2020-q2-update.win32_1.5.0.202011040924/tools/bin/../lib/gcc/arm-none-eabi/9.3.1/../../../../arm-none-eabi/lib/thumb/v8-m.main+fp/hard\libc_nano.a
END GROUP
START GROUP
LOAD c:/st/stm32cubeide_1.6.1/stm32cubeide/plugins/com.st.stm32cube.ide.mcu.externaltools.gnu-tools-for-stm32.9-2020-q2-update.win32_1.5.0.202011040924/tools/bin/../lib/gcc/arm-none-eabi/9.3.1/thumb/v8-m.main+fp/hard\libgcc.a
LOAD c:/st/stm32cubeide_1.6.1/stm32cubeide/plugins/com.st.stm32cube.ide.mcu.externaltools.gnu-tools-for-stm32.9-2020-q2-update.win32_1.5.0.202011040924/tools/bin/../lib/gcc/arm-none-eabi/9.3.1/../../../../arm-none-eabi/lib/thumb/v8-m.main+fp/hard\libc_nano.a
LOAD c:/st/stm32cubeide_1.6.1/stm32cubeide/plugins/com.st.stm32cube.ide.mcu.externaltools.gnu-tools-for-stm32.9-2020-q2-update.win32_1.5.0.202011040924/tools/bin/../lib/gcc/arm-none-eabi/9.3.1/../../../../arm-none-eabi/lib/thumb/v8-m.main+fp/hard\libnosys.a
END GROUP
START GROUP
LOAD c:/st/stm32cubeide_1.6.1/stm32cubeide/plugins/com.st.stm32cube.ide.mcu.externaltools.gnu-tools-for-stm32.9-2020-q2-update.win32_1.5.0.202011040924/tools/bin/../lib/gcc/arm-none-eabi/9.3.1/thumb/v8-m.main+fp/hard\libgcc.a
LOAD c:/st/stm32cubeide_1.6.1/stm32cubeide/plugins/com.st.stm32cube.ide.mcu.externaltools.gnu-tools-for-stm32.9-2020-q2-update.win32_1.5.0.202011040924/tools/bin/../lib/gcc/arm-none-eabi/9.3.1/../../../../arm-none-eabi/lib/thumb/v8-m.main+fp/hard\libc_nano.a
LOAD c:/st/stm32cubeide_1.6.1/stm32cubeide/plugins/com.st.stm32cube.ide.mcu.externaltools.gnu-tools-for-stm32.9-2020-q2-update.win32_1.5.0.202011040924/tools/bin/../lib/gcc/arm-none-eabi/9.3.1/../../../../arm-none-eabi/lib/thumb/v8-m.main+fp/hard\libnosys.a
END GROUP
LOAD c:/st/stm32cubeide_1.6.1/stm32cubeide/plugins/com.st.stm32cube.ide.mcu.externaltools.gnu-tools-for-stm32.9-2020-q2-update.win32_1.5.0.202011040924/tools/bin/../lib/gcc/arm-none-eabi/9.3.1/thumb/v8-m.main+fp/hard/crtend.o
LOAD c:/st/stm32cubeide_1.6.1/stm32cubeide/plugins/com.st.stm32cube.ide.mcu.externaltools.gnu-tools-for-stm32.9-2020-q2-update.win32_1.5.0.202011040924/tools/bin/../lib/gcc/arm-none-eabi/9.3.1/thumb/v8-m.main+fp/hard/crtn.o
                0x0000000000000000                __heap_size__ = 0x0
                0x0000000000001400                __msp_stack_size__ = 0x1400
START GROUP
LOAD c:/st/stm32cubeide_1.6.1/stm32cubeide/plugins/com.st.stm32cube.ide.mcu.externaltools.gnu-tools-for-stm32.9-2020-q2-update.win32_1.5.0.202011040924/tools/bin/../lib/gcc/arm-none-eabi/9.3.1/thumb/v8-m.main+fp/hard\libgcc.a
LOAD c:/st/stm32cubeide_1.6.1/stm32cubeide/plugins/com.st.stm32cube.ide.mcu.externaltools.gnu-tools-for-stm32.9-2020-q2-update.win32_1.5.0.202011040924/tools/bin/../lib/gcc/arm-none-eabi/9.3.1/../../../../arm-none-eabi/lib/thumb/v8-m.main+fp/hard\libc.a
LOAD c:/st/stm32cubeide_1.6.1/stm32cubeide/plugins/com.st.stm32cube.ide.mcu.externaltools.gnu-tools-for-stm32.9-2020-q2-update.win32_1.5.0.202011040924/tools/bin/../lib/gcc/arm-none-eabi/9.3.1/../../../../arm-none-eabi/lib/thumb/v8-m.main+fp/hard\libm.a
LOAD c:/st/stm32cubeide_1.6.1/stm32cubeide/plugins/com.st.stm32cube.ide.mcu.externaltools.gnu-tools-for-stm32.9-2020-q2-update.win32_1.5.0.202011040924/tools/bin/../lib/gcc/arm-none-eabi/9.3.1/../../../../arm-none-eabi/lib/thumb/v8-m.main+fp/hard\libnosys.a
END GROUP

.provision      0x000000000c001000      0x5d2
 *(.provision)
 .provision     0x000000000c001000      0x5d2 Middlewares/trustedfirmware/keys.o
                0x000000000c001000                bootutil_enc_key
                0x000000000c001008                enc_priv_key_len
                0x000000000c00100c                enc_priv_key
                0x000000000c0014b4                bootutil_key_cnt
                0x000000000c0014b8                bootutil_keys
                0x000000000c0014c0                rsa_pub_key_len
                0x000000000c0014c4                rsa_pub_key

.BL2_NoHdp_Code
                0x000000000c00c800      0x3fe
 *mpu_armv8m_drv.o(.text* .rodata*)
 .text.mpu_armv8m_enable
                0x000000000c00c800       0x30 Application/User/mpu_armv8m_drv.o
                0x000000000c00c800                mpu_armv8m_enable
 .text.mpu_armv8m_region_enable
                0x000000000c00c830       0x5a Application/User/mpu_armv8m_drv.o
                0x000000000c00c830                mpu_armv8m_region_enable
 .text.mpu_armv8m_region_disable
                0x000000000c00c88a       0x14 Application/User/mpu_armv8m_drv.o
                0x000000000c00c88a                mpu_armv8m_region_disable
 *(.BL2_NoHdp_Code)
 *fill*         0x000000000c00c89e        0x2 
 .BL2_NoHdp_Code
                0x000000000c00c8a0      0x16c Application/User/boot_hal.o
                0x000000000c00c8a0                execute_loader
                0x000000000c00c8d0                boot_jump_to_ns_image
                0x000000000c00c8f6                boot_clear_bl2_ram_area
                0x000000000c00c910                boot_clean_ns_ram_area
                0x000000000c00c940                Error_Handler
                0x000000000c00c9ac                jumper
 .BL2_NoHdp_Code
                0x000000000c00ca0c      0x1d0 Application/User/tfm_low_level_security.o
                0x000000000c00ca34                TFM_LL_SECU_UpdateLoaderRunTimeProtections
                0x000000000c00cb64                TFM_LL_SECU_UpdateRunTimeProtections
 .BL2_NoHdp_Code
                0x000000000c00cbdc       0x22 Middlewares/trustedfirmware/bl2_main.o
                0x000000000c00cbdc                boot_jump_to_next_image

.text           0x000000000c001800     0x9ff8
 *(.vectors)
 .vectors       0x000000000c001800      0x1f4 Application/Startup/startup_stm32l5xx_bl2.o
                0x000000000c001800                __Vectors
                0x000000000c0019f4                __Vectors_End = .
                0x000000000c0019f4                __Vectors_Size = (__Vectors_End - __Vectors)
                0x000000003003d2d8                __end__ = .
 *(.text*)
 .text          0x000000000c0019f4       0x40 c:/st/stm32cubeide_1.6.1/stm32cubeide/plugins/com.st.stm32cube.ide.mcu.externaltools.gnu-tools-for-stm32.9-2020-q2-update.win32_1.5.0.202011040924/tools/bin/../lib/gcc/arm-none-eabi/9.3.1/thumb/v8-m.main+fp/hard/crtbegin.o
 .text          0x000000000c001a34       0x7c c:/st/stm32cubeide_1.6.1/stm32cubeide/plugins/com.st.stm32cube.ide.mcu.externaltools.gnu-tools-for-stm32.9-2020-q2-update.win32_1.5.0.202011040924/tools/bin/../lib/gcc/arm-none-eabi/9.3.1/../../../../arm-none-eabi/lib/thumb/v8-m.main+fp/hard/crt0.o
                0x000000000c001a34                _stack_init
                0x000000000c001a3c                _start
                0x000000000c001a3c                _mainCRTStartup
 .text          0x000000000c001ab0      0x1f0 Application/Startup/startup_stm32l5xx_bl2.o
                0x000000000c001ab0                Reset_Handler
                0x000000000c001adc                HardFault_Handler
                0x000000000c001ae0                MemManage_Handler
                0x000000000c001ae4                BusFault_Handler
                0x000000000c001ae8                UsageFault_Handler
                0x000000000c001aec                SecureFault_Handler
                0x000000000c001af0                SVC_Handler
                0x000000000c001af4                DebugMon_Handler
                0x000000000c001af8                PendSV_Handler
                0x000000000c001afc                SysTick_Handler
                0x000000000c001b00                WWDG_IRQHandler
                0x000000000c001b04                PVD_PVM_IRQHandler
                0x000000000c001b08                RTC_IRQHandler
                0x000000000c001b0c                RTC_IRQHandler_S
                0x000000000c001b10                TAMP_IRQHandler
                0x000000000c001b14                TAMP_IRQHandler_S
                0x000000000c001b18                FLASH_IRQHandler
                0x000000000c001b1c                FLASH_IRQHandler_S
                0x000000000c001b20                SERR_IRQHandler
                0x000000000c001b24                RCC_IRQHandler
                0x000000000c001b28                RCC_IRQHandler_S
                0x000000000c001b2c                EXTI0_IRQHandler
                0x000000000c001b30                EXTI1_IRQHandler
                0x000000000c001b34                EXTI2_IRQHandler
                0x000000000c001b38                EXTI3_IRQHandler
                0x000000000c001b3c                EXTI4_IRQHandler
                0x000000000c001b40                EXTI5_IRQHandler
                0x000000000c001b44                EXTI6_IRQHandler
                0x000000000c001b48                EXTI7_IRQHandler
                0x000000000c001b4c                EXTI8_IRQHandler
                0x000000000c001b50                EXTI9_IRQHandler
                0x000000000c001b54                EXTI10_IRQHandler
                0x000000000c001b58                EXTI11_IRQHandler
                0x000000000c001b5c                EXTI12_IRQHandler
                0x000000000c001b60                EXTI13_IRQHandler
                0x000000000c001b64                EXTI14_IRQHandler
                0x000000000c001b68                EXTI15_IRQHandler
                0x000000000c001b6c                DMAMUX1_IRQHandler
                0x000000000c001b70                DMAMUX1_IRQHandler_S
                0x000000000c001b74                DMA1_Channel1_IRQHandler
                0x000000000c001b78                DMA1_Channel2_IRQHandler
                0x000000000c001b7c                DMA1_Channel3_IRQHandler
                0x000000000c001b80                DMA1_Channel4_IRQHandler
                0x000000000c001b84                DMA1_Channel5_IRQHandler
                0x000000000c001b88                DMA1_Channel6_IRQHandler
                0x000000000c001b8c                DMA1_Channel7_IRQHandler
                0x000000000c001b90                DMA1_Channel8_IRQHandler
                0x000000000c001b94                ADC1_2_IRQHandler
                0x000000000c001b98                DAC_IRQHandler
                0x000000000c001b9c                FDCAN1_IT0_IRQHandler
                0x000000000c001ba0                FDCAN1_IT1_IRQHandler
                0x000000000c001ba4                TIM1_BRK_IRQHandler
                0x000000000c001ba8                TIM1_UP_IRQHandler
                0x000000000c001bac                TIM1_TRG_COM_IRQHandler
                0x000000000c001bb0                TIM1_CC_IRQHandler
                0x000000000c001bb4                TIM2_IRQHandler
                0x000000000c001bb8                TIM3_IRQHandler
                0x000000000c001bbc                TIM4_IRQHandler
                0x000000000c001bc0                TIM5_IRQHandler
                0x000000000c001bc4                TIM6_IRQHandler
                0x000000000c001bc8                TIM7_IRQHandler
                0x000000000c001bcc                TIM8_BRK_IRQHandler
                0x000000000c001bd0                TIM8_UP_IRQHandler
                0x000000000c001bd4                TIM8_TRG_COM_IRQHandler
                0x000000000c001bd8                TIM8_CC_IRQHandler
                0x000000000c001bdc                I2C1_EV_IRQHandler
                0x000000000c001be0                I2C1_ER_IRQHandler
                0x000000000c001be4                I2C2_EV_IRQHandler
                0x000000000c001be8                I2C2_ER_IRQHandler
                0x000000000c001bec                SPI1_IRQHandler
                0x000000000c001bf0                SPI2_IRQHandler
                0x000000000c001bf4                USART1_IRQHandler
                0x000000000c001bf8                USART2_IRQHandler
                0x000000000c001bfc                USART3_IRQHandler
                0x000000000c001c00                UART4_IRQHandler
                0x000000000c001c04                UART5_IRQHandler
                0x000000000c001c08                LPUART1_IRQHandler
                0x000000000c001c0c                LPTIM1_IRQHandler
                0x000000000c001c10                LPTIM2_IRQHandler
                0x000000000c001c14                TIM15_IRQHandler
                0x000000000c001c18                TIM16_IRQHandler
                0x000000000c001c1c                TIM17_IRQHandler
                0x000000000c001c20                COMP_IRQHandler
                0x000000000c001c24                USB_FS_IRQHandler
                0x000000000c001c28                CRS_IRQHandler
                0x000000000c001c2c                FMC_IRQHandler
                0x000000000c001c30                OCTOSPI1_IRQHandler
                0x000000000c001c34                SDMMC1_IRQHandler
                0x000000000c001c38                DMA2_Channel1_IRQHandler
                0x000000000c001c3c                DMA2_Channel2_IRQHandler
                0x000000000c001c40                DMA2_Channel3_IRQHandler
                0x000000000c001c44                DMA2_Channel4_IRQHandler
                0x000000000c001c48                DMA2_Channel5_IRQHandler
                0x000000000c001c4c                DMA2_Channel6_IRQHandler
                0x000000000c001c50                DMA2_Channel7_IRQHandler
                0x000000000c001c54                DMA2_Channel8_IRQHandler
                0x000000000c001c58                I2C3_EV_IRQHandler
                0x000000000c001c5c                I2C3_ER_IRQHandler
                0x000000000c001c60                SAI1_IRQHandler
                0x000000000c001c64                SAI2_IRQHandler
                0x000000000c001c68                TSC_IRQHandler
                0x000000000c001c6c                RNG_IRQHandler
                0x000000000c001c70                FPU_IRQHandler
                0x000000000c001c74                LPTIM3_IRQHandler
                0x000000000c001c78                SPI3_IRQHandler
                0x000000000c001c7c                I2C4_ER_IRQHandler
                0x000000000c001c80                I2C4_EV_IRQHandler
                0x000000000c001c84                DFSDM1_FLT0_IRQHandler
                0x000000000c001c88                DFSDM1_FLT1_IRQHandler
                0x000000000c001c8c                DFSDM1_FLT2_IRQHandler
                0x000000000c001c90                DFSDM1_FLT3_IRQHandler
                0x000000000c001c94                UCPD1_IRQHandler
                0x000000000c001c98                ICACHE_IRQHandler
                0x000000000c001c9c                OTFDEC1_IRQHandler
 .text.CalculateCrc
                0x000000000c001ca0       0x48 Application/User/bl2_nv_services.o
 .text.tfm_plat_read_nv_counter
                0x000000000c001ce8       0x88 Application/User/bl2_nv_services.o
                0x000000000c001ce8                tfm_plat_read_nv_counter
 .text.tfm_plat_init_nv_counter
                0x000000000c001d70      0x21c Application/User/bl2_nv_services.o
                0x000000000c001d70                tfm_plat_init_nv_counter
 .text.tfm_plat_set_nv_counter
                0x000000000c001f8c       0x88 Application/User/bl2_nv_services.o
                0x000000000c001f8c                tfm_plat_set_nv_counter
 .text.boot_platform_noimage
                0x000000000c002014       0xd8 Application/User/boot_hal.o
                0x000000000c002014                boot_platform_noimage
 .text.HAL_InitTick
                0x000000000c0020ec       0x1c Application/User/boot_hal.o
                0x000000000c0020ec                HAL_InitTick
 .text.HAL_GetTick
                0x000000000c002108       0x54 Application/User/boot_hal.o
                0x000000000c002108                HAL_GetTick
 .text.icache_init
                0x000000000c00215c       0x12 Application/User/boot_hal.o
                0x000000000c00215c                icache_init
 *fill*         0x000000000c00216e        0x2 
 .text.boot_platform_init
                0x000000000c002170       0xa0 Application/User/boot_hal.o
                0x000000000c002170                boot_platform_init
 .text.USART_GetVersion
                0x000000000c002210       0x20 Application/User/low_level_com.o
 .text.USART_GetCapabilities
                0x000000000c002230        0x4 Application/User/low_level_com.o
 .text.USART0_Uninitialize
                0x000000000c002234        0x4 Application/User/low_level_com.o
 .text.USART0_PowerControl
                0x000000000c002238        0x6 Application/User/low_level_com.o
 .text.USART0_Transfer
                0x000000000c00223e        0x6 Application/User/low_level_com.o
 .text.USART0_GetTxCount
                0x000000000c002244        0x6 Application/User/low_level_com.o
 .text.USART0_Control
                0x000000000c00224a        0x4 Application/User/low_level_com.o
 .text.USART0_GetStatus
                0x000000000c00224e        0xc Application/User/low_level_com.o
 .text.USART0_GetModemStatus
                0x000000000c00225a        0xc Application/User/low_level_com.o
 *fill*         0x000000000c002266        0x2 
 .text.USART0_Receive
                0x000000000c002268       0x20 Application/User/low_level_com.o
 .text.USART0_Send
                0x000000000c002288       0x24 Application/User/low_level_com.o
 .text.USART0_Initialize
                0x000000000c0022ac       0xc0 Application/User/low_level_com.o
 .text.USART0_SetModemControl
                0x000000000c00236c        0x6 Application/User/low_level_com.o
 .text.USART0_GetRxCount
                0x000000000c002372        0x6 Application/User/low_level_com.o
 .text.Flash_GetVersion
                0x000000000c002378       0x20 Application/User/low_level_flash.o
 .text.Flash_GetCapabilities
                0x000000000c002398        0x4 Application/User/low_level_flash.o
 .text.Flash_Uninitialize
                0x000000000c00239c        0x4 Application/User/low_level_flash.o
 .text.Flash_PowerControl
                0x000000000c0023a0       0x16 Application/User/low_level_flash.o
 .text.Flash_EraseChip
                0x000000000c0023b6        0x6 Application/User/low_level_flash.o
 .text.Flash_GetStatus
                0x000000000c0023bc        0xc Application/User/low_level_flash.o
 .text.Flash_GetInfo
                0x000000000c0023c8        0x8 Application/User/low_level_flash.o
 .text.Flash_Initialize
                0x000000000c0023d0        0xe Application/User/low_level_flash.o
 .text.is_range_secure.isra.0
                0x000000000c0023de       0x30 Application/User/low_level_flash.o
 *fill*         0x000000000c00240e        0x2 
 .text.Flash_ProgramData
                0x000000000c002410       0xd4 Application/User/low_level_flash.o
 .text.Flash_EraseSector
                0x000000000c0024e4       0xb8 Application/User/low_level_flash.o
 .text.Flash_ReadData
                0x000000000c00259c       0x80 Application/User/low_level_flash.o
 .text.NMI_Handler
                0x000000000c00261c       0x68 Application/User/low_level_flash.o
                0x000000000c00261c                NMI_Handler
 .text.mbedtls_sha256_init
                0x000000000c002684       0x30 Application/User/sha256_alt.o
                0x000000000c002684                mbedtls_sha256_init
 .text.mbedtls_sha256_free
                0x000000000c0026b4       0x14 Application/User/sha256_alt.o
                0x000000000c0026b4                mbedtls_sha256_free
 .text.mbedtls_sha256_clone
                0x000000000c0026c8        0xc Application/User/sha256_alt.o
                0x000000000c0026c8                mbedtls_sha256_clone
 .text.mbedtls_sha256_starts_ret
                0x000000000c0026d4       0x28 Application/User/sha256_alt.o
                0x000000000c0026d4                mbedtls_sha256_starts_ret
 .text.mbedtls_internal_sha256_process
                0x000000000c0026fc       0x20 Application/User/sha256_alt.o
                0x000000000c0026fc                mbedtls_internal_sha256_process
 .text.mbedtls_sha256_update_ret
                0x000000000c00271c       0xa0 Application/User/sha256_alt.o
                0x000000000c00271c                mbedtls_sha256_update_ret
 .text.mbedtls_sha256_finish_ret
                0x000000000c0027bc       0x34 Application/User/sha256_alt.o
                0x000000000c0027bc                mbedtls_sha256_finish_ret
 .text.SystemInit
                0x000000000c0027f0       0xa8 Application/User/system_stm32l5xx.o
                0x000000000c0027f0                SystemInit
 .text.SystemCoreClockUpdate
                0x000000000c002898       0xa4 Application/User/system_stm32l5xx.o
                0x000000000c002898                SystemCoreClockUpdate
 .text.TFM_LL_SECU_SetLoaderCodeSecure
                0x000000000c00293c       0x44 Application/User/tfm_low_level_security.o
                0x000000000c00293c                TFM_LL_SECU_SetLoaderCodeSecure
 .text.TFM_LL_SECU_ApplyRunTimeProtections
                0x000000000c002980      0x244 Application/User/tfm_low_level_security.o
                0x000000000c002980                TFM_LL_SECU_ApplyRunTimeProtections
 .text.TFM_LL_SECU_CheckStaticProtections
                0x000000000c002bc4      0x328 Application/User/tfm_low_level_security.o
                0x000000000c002bc4                TFM_LL_SECU_CheckStaticProtections
 .text.HAL_MspInit
                0x000000000c002eec        0x2 Drivers/STM32L5xx_HAL_Driver/stm32l5xx_hal.o
                0x000000000c002eec                HAL_MspInit
 .text.HAL_Init
                0x000000000c002eee       0x22 Drivers/STM32L5xx_HAL_Driver/stm32l5xx_hal.o
                0x000000000c002eee                HAL_Init
 .text.HAL_Delay
                0x000000000c002f10       0x24 Drivers/STM32L5xx_HAL_Driver/stm32l5xx_hal.o
                0x000000000c002f10                HAL_Delay
 .text.HAL_NVIC_SetPriorityGrouping
                0x000000000c002f34       0x24 Drivers/STM32L5xx_HAL_Driver/stm32l5xx_hal_cortex.o
                0x000000000c002f34                HAL_NVIC_SetPriorityGrouping
 .text.HAL_NVIC_SystemReset
                0x000000000c002f58       0x24 Drivers/STM32L5xx_HAL_Driver/stm32l5xx_hal_cortex.o
                0x000000000c002f58                HAL_NVIC_SystemReset
 .text.FLASH_Program_DoubleWord
                0x000000000c002f7c       0x3c Drivers/STM32L5xx_HAL_Driver/stm32l5xx_hal_flash.o
 .text.HAL_FLASH_Unlock
                0x000000000c002fb8       0x40 Drivers/STM32L5xx_HAL_Driver/stm32l5xx_hal_flash.o
                0x000000000c002fb8                HAL_FLASH_Unlock
 .text.HAL_FLASH_Lock
                0x000000000c002ff8       0x28 Drivers/STM32L5xx_HAL_Driver/stm32l5xx_hal_flash.o
                0x000000000c002ff8                HAL_FLASH_Lock
 .text.HAL_FLASH_OB_Unlock
                0x000000000c003020       0x24 Drivers/STM32L5xx_HAL_Driver/stm32l5xx_hal_flash.o
                0x000000000c003020                HAL_FLASH_OB_Unlock
 .text.HAL_FLASH_OB_Launch
                0x000000000c003044       0x14 Drivers/STM32L5xx_HAL_Driver/stm32l5xx_hal_flash.o
                0x000000000c003044                HAL_FLASH_OB_Launch
 .text.FLASH_WaitForLastOperation
                0x000000000c003058       0x7c Drivers/STM32L5xx_HAL_Driver/stm32l5xx_hal_flash.o
                0x000000000c003058                FLASH_WaitForLastOperation
 .text.HAL_FLASH_Program
                0x000000000c0030d4       0x6c Drivers/STM32L5xx_HAL_Driver/stm32l5xx_hal_flash.o
                0x000000000c0030d4                HAL_FLASH_Program
 .text.FLASH_MassErase
                0x000000000c003140       0x64 Drivers/STM32L5xx_HAL_Driver/stm32l5xx_hal_flash_ex.o
 .text.HAL_FLASHEx_OBProgram
                0x000000000c0031a4      0x264 Drivers/STM32L5xx_HAL_Driver/stm32l5xx_hal_flash_ex.o
                0x000000000c0031a4                HAL_FLASHEx_OBProgram
 .text.HAL_FLASHEx_OBGetConfig
                0x000000000c003408      0x108 Drivers/STM32L5xx_HAL_Driver/stm32l5xx_hal_flash_ex.o
                0x000000000c003408                HAL_FLASHEx_OBGetConfig
 .text.HAL_FLASHEx_ConfigPrivMode
                0x000000000c003510       0x18 Drivers/STM32L5xx_HAL_Driver/stm32l5xx_hal_flash_ex.o
                0x000000000c003510                HAL_FLASHEx_ConfigPrivMode
 .text.FLASH_PageErase
                0x000000000c003528       0x68 Drivers/STM32L5xx_HAL_Driver/stm32l5xx_hal_flash_ex.o
                0x000000000c003528                FLASH_PageErase
 .text.HAL_FLASHEx_Erase
                0x000000000c003590       0xac Drivers/STM32L5xx_HAL_Driver/stm32l5xx_hal_flash_ex.o
                0x000000000c003590                HAL_FLASHEx_Erase
 .text.HAL_GPIO_Init
                0x000000000c00363c      0x194 Drivers/STM32L5xx_HAL_Driver/stm32l5xx_hal_gpio.o
                0x000000000c00363c                HAL_GPIO_Init
 .text.HAL_GPIO_ReadPin
                0x000000000c0037d0        0xc Drivers/STM32L5xx_HAL_Driver/stm32l5xx_hal_gpio.o
                0x000000000c0037d0                HAL_GPIO_ReadPin
 .text.HASH_WriteData
                0x000000000c0037dc       0x80 Drivers/STM32L5xx_HAL_Driver/stm32l5xx_hal_hash.o
 .text.HASH_GetDigest
                0x000000000c00385c       0xc4 Drivers/STM32L5xx_HAL_Driver/stm32l5xx_hal_hash.o
 .text.HASH_WaitOnFlagUntilTimeout
                0x000000000c003920       0x74 Drivers/STM32L5xx_HAL_Driver/stm32l5xx_hal_hash.o
 .text.HAL_HASH_MspInit
                0x000000000c003994        0x2 Drivers/STM32L5xx_HAL_Driver/stm32l5xx_hal_hash.o
                0x000000000c003994                HAL_HASH_MspInit
 *fill*         0x000000000c003996        0x2 
 .text.HAL_HASH_Init
                0x000000000c003998       0x5c Drivers/STM32L5xx_HAL_Driver/stm32l5xx_hal_hash.o
                0x000000000c003998                HAL_HASH_Init
 .text.HAL_HASH_MspDeInit
                0x000000000c0039f4        0x2 Drivers/STM32L5xx_HAL_Driver/stm32l5xx_hal_hash.o
                0x000000000c0039f4                HAL_HASH_MspDeInit
 .text.HAL_HASH_DeInit
                0x000000000c0039f6       0x32 Drivers/STM32L5xx_HAL_Driver/stm32l5xx_hal_hash.o
                0x000000000c0039f6                HAL_HASH_DeInit
 .text.HASH_Start
                0x000000000c003a28      0x11c Drivers/STM32L5xx_HAL_Driver/stm32l5xx_hal_hash.o
                0x000000000c003a28                HASH_Start
 .text.HASH_Accumulate
                0x000000000c003b44       0x98 Drivers/STM32L5xx_HAL_Driver/stm32l5xx_hal_hash.o
                0x000000000c003b44                HASH_Accumulate
 .text.HAL_HASHEx_SHA224_Start
                0x000000000c003bdc       0x14 Drivers/STM32L5xx_HAL_Driver/stm32l5xx_hal_hash_ex.o
                0x000000000c003bdc                HAL_HASHEx_SHA224_Start
 .text.HAL_HASHEx_SHA224_Accmlt
                0x000000000c003bf0        0x8 Drivers/STM32L5xx_HAL_Driver/stm32l5xx_hal_hash_ex.o
                0x000000000c003bf0                HAL_HASHEx_SHA224_Accmlt
 .text.HAL_HASHEx_SHA224_Accmlt_End
                0x000000000c003bf8        0x4 Drivers/STM32L5xx_HAL_Driver/stm32l5xx_hal_hash_ex.o
                0x000000000c003bf8                HAL_HASHEx_SHA224_Accmlt_End
 .text.HAL_HASHEx_SHA256_Start
                0x000000000c003bfc       0x18 Drivers/STM32L5xx_HAL_Driver/stm32l5xx_hal_hash_ex.o
                0x000000000c003bfc                HAL_HASHEx_SHA256_Start
 .text.HAL_HASHEx_SHA256_Accmlt
                0x000000000c003c14        0xc Drivers/STM32L5xx_HAL_Driver/stm32l5xx_hal_hash_ex.o
                0x000000000c003c14                HAL_HASHEx_SHA256_Accmlt
 .text.HAL_HASHEx_SHA256_Accmlt_End
                0x000000000c003c20        0x4 Drivers/STM32L5xx_HAL_Driver/stm32l5xx_hal_hash_ex.o
                0x000000000c003c20                HAL_HASHEx_SHA256_Accmlt_End
 .text.HAL_ICACHE_Enable
                0x000000000c003c24       0x14 Drivers/STM32L5xx_HAL_Driver/stm32l5xx_hal_icache.o
                0x000000000c003c24                HAL_ICACHE_Enable
 .text.HAL_ICACHE_WaitForInvalidateComplete
                0x000000000c003c38       0x38 Drivers/STM32L5xx_HAL_Driver/stm32l5xx_hal_icache.o
                0x000000000c003c38                HAL_ICACHE_WaitForInvalidateComplete
 .text.HAL_ICACHE_Invalidate
                0x000000000c003c70       0x24 Drivers/STM32L5xx_HAL_Driver/stm32l5xx_hal_icache.o
                0x000000000c003c70                HAL_ICACHE_Invalidate
 .text.HAL_PWREx_EnableVddIO2
                0x000000000c003c94       0x10 Drivers/STM32L5xx_HAL_Driver/stm32l5xx_hal_pwr_ex.o
                0x000000000c003c94                HAL_PWREx_EnableVddIO2
 .text.HAL_PWREx_ConfigSRAM2ContentRetention
                0x000000000c003ca4       0x14 Drivers/STM32L5xx_HAL_Driver/stm32l5xx_hal_pwr_ex.o
                0x000000000c003ca4                HAL_PWREx_ConfigSRAM2ContentRetention
 .text.HAL_PWREx_EnableSRAM2ContentRetention
                0x000000000c003cb8        0x8 Drivers/STM32L5xx_HAL_Driver/stm32l5xx_hal_pwr_ex.o
                0x000000000c003cb8                HAL_PWREx_EnableSRAM2ContentRetention
 .text.HAL_RCC_GetSysClockFreq
                0x000000000c003cc0       0xa0 Drivers/STM32L5xx_HAL_Driver/stm32l5xx_hal_rcc.o
                0x000000000c003cc0                HAL_RCC_GetSysClockFreq
 .text.HAL_RCC_GetHCLKFreq
                0x000000000c003d60       0x20 Drivers/STM32L5xx_HAL_Driver/stm32l5xx_hal_rcc.o
                0x000000000c003d60                HAL_RCC_GetHCLKFreq
 .text.HAL_RCC_GetPCLK1Freq
                0x000000000c003d80       0x20 Drivers/STM32L5xx_HAL_Driver/stm32l5xx_hal_rcc.o
                0x000000000c003d80                HAL_RCC_GetPCLK1Freq
 .text.HAL_RCC_GetPCLK2Freq
                0x000000000c003da0       0x20 Drivers/STM32L5xx_HAL_Driver/stm32l5xx_hal_rcc.o
                0x000000000c003da0                HAL_RCC_GetPCLK2Freq
 .text.HAL_UART_MspInit
                0x000000000c003dc0        0x2 Drivers/STM32L5xx_HAL_Driver/stm32l5xx_hal_uart.o
                0x000000000c003dc0                HAL_UART_MspInit
 .text.HAL_UART_RxCpltCallback
                0x000000000c003dc2        0x2 Drivers/STM32L5xx_HAL_Driver/stm32l5xx_hal_uart.o
                0x000000000c003dc2                HAL_UART_RxCpltCallback
 .text.HAL_UART_ErrorCallback
                0x000000000c003dc4        0x2 Drivers/STM32L5xx_HAL_Driver/stm32l5xx_hal_uart.o
                0x000000000c003dc4                HAL_UART_ErrorCallback
 .text.HAL_UARTEx_RxEventCallback
                0x000000000c003dc6        0x2 Drivers/STM32L5xx_HAL_Driver/stm32l5xx_hal_uart.o
                0x000000000c003dc6                HAL_UARTEx_RxEventCallback
 .text.UART_RxISR_8BIT
                0x000000000c003dc8       0x7a Drivers/STM32L5xx_HAL_Driver/stm32l5xx_hal_uart.o
 .text.UART_RxISR_16BIT
                0x000000000c003e42       0x76 Drivers/STM32L5xx_HAL_Driver/stm32l5xx_hal_uart.o
 .text.UART_RxISR_8BIT_FIFOEN
                0x000000000c003eb8      0x138 Drivers/STM32L5xx_HAL_Driver/stm32l5xx_hal_uart.o
 .text.UART_RxISR_16BIT_FIFOEN
                0x000000000c003ff0      0x134 Drivers/STM32L5xx_HAL_Driver/stm32l5xx_hal_uart.o
 .text.UART_SetConfig
                0x000000000c004124      0x2cc Drivers/STM32L5xx_HAL_Driver/stm32l5xx_hal_uart.o
                0x000000000c004124                UART_SetConfig
 .text.UART_AdvFeatureConfig
                0x000000000c0043f0       0xaa Drivers/STM32L5xx_HAL_Driver/stm32l5xx_hal_uart.o
                0x000000000c0043f0                UART_AdvFeatureConfig
 .text.UART_WaitOnFlagUntilTimeout
                0x000000000c00449a       0x94 Drivers/STM32L5xx_HAL_Driver/stm32l5xx_hal_uart.o
                0x000000000c00449a                UART_WaitOnFlagUntilTimeout
 .text.HAL_UART_Transmit
                0x000000000c00452e       0xba Drivers/STM32L5xx_HAL_Driver/stm32l5xx_hal_uart.o
                0x000000000c00452e                HAL_UART_Transmit
 .text.UART_CheckIdleState
                0x000000000c0045e8       0x6a Drivers/STM32L5xx_HAL_Driver/stm32l5xx_hal_uart.o
                0x000000000c0045e8                UART_CheckIdleState
 .text.HAL_UART_Init
                0x000000000c004652       0x60 Drivers/STM32L5xx_HAL_Driver/stm32l5xx_hal_uart.o
                0x000000000c004652                HAL_UART_Init
 *fill*         0x000000000c0046b2        0x2 
 .text.UART_Start_Receive_IT
                0x000000000c0046b4       0xd4 Drivers/STM32L5xx_HAL_Driver/stm32l5xx_hal_uart.o
                0x000000000c0046b4                UART_Start_Receive_IT
 .text.HAL_UART_Receive_IT
                0x000000000c004788       0x50 Drivers/STM32L5xx_HAL_Driver/stm32l5xx_hal_uart.o
                0x000000000c004788                HAL_UART_Receive_IT
 .text.aes_gen_tables
                0x000000000c0047d8      0x21c Middlewares/mbed-crypto/aes.o
 .text.mbedtls_aes_init
                0x000000000c0049f4        0xa Middlewares/mbed-crypto/aes.o
                0x000000000c0049f4                mbedtls_aes_init
 .text.mbedtls_aes_free
                0x000000000c0049fe        0xc Middlewares/mbed-crypto/aes.o
                0x000000000c0049fe                mbedtls_aes_free
 *fill*         0x000000000c004a0a        0x2 
 .text.mbedtls_aes_setkey_enc
                0x000000000c004a0c      0x1cc Middlewares/mbed-crypto/aes.o
                0x000000000c004a0c                mbedtls_aes_setkey_enc
 .text.mbedtls_internal_aes_encrypt
                0x000000000c004bd8      0x2b8 Middlewares/mbed-crypto/aes.o
                0x000000000c004bd8                mbedtls_internal_aes_encrypt
 .text.mbedtls_internal_aes_decrypt
                0x000000000c004e90      0x2bc Middlewares/mbed-crypto/aes.o
                0x000000000c004e90                mbedtls_internal_aes_decrypt
 .text.mbedtls_aes_crypt_ecb
                0x000000000c00514c       0x1c Middlewares/mbed-crypto/aes.o
                0x000000000c00514c                mbedtls_aes_crypt_ecb
 .text.mbedtls_asn1_get_len
                0x000000000c005168       0x90 Middlewares/mbed-crypto/asn1parse.o
                0x000000000c005168                mbedtls_asn1_get_len
 .text.mbedtls_asn1_get_tag
                0x000000000c0051f8       0x28 Middlewares/mbed-crypto/asn1parse.o
                0x000000000c0051f8                mbedtls_asn1_get_tag
 .text.mbedtls_asn1_get_int
                0x000000000c005220       0x48 Middlewares/mbed-crypto/asn1parse.o
                0x000000000c005220                mbedtls_asn1_get_int
 .text.mbedtls_asn1_get_mpi
                0x000000000c005268       0x26 Middlewares/mbed-crypto/asn1parse.o
                0x000000000c005268                mbedtls_asn1_get_mpi
 .text.mpi_sub_hlp
                0x000000000c00528e       0x52 Middlewares/mbed-crypto/bignum.o
 .text.mpi_mul_hlp
                0x000000000c0052e0      0x1a2 Middlewares/mbed-crypto/bignum.o
 .text.mpi_bigendian_to_host.part.0
                0x000000000c005482       0x24 Middlewares/mbed-crypto/bignum.o
 .text.mbedtls_mpi_init
                0x000000000c0054a6        0xc Middlewares/mbed-crypto/bignum.o
                0x000000000c0054a6                mbedtls_mpi_init
 .text.mbedtls_mpi_free
                0x000000000c0054b2       0x24 Middlewares/mbed-crypto/bignum.o
                0x000000000c0054b2                mbedtls_mpi_free
 .text.mbedtls_mpi_grow
                0x000000000c0054d6       0x4c Middlewares/mbed-crypto/bignum.o
                0x000000000c0054d6                mbedtls_mpi_grow
 .text.mbedtls_mpi_copy
                0x000000000c005522       0x58 Middlewares/mbed-crypto/bignum.o
                0x000000000c005522                mbedtls_mpi_copy
 .text.mbedtls_mpi_lset
                0x000000000c00557a       0x38 Middlewares/mbed-crypto/bignum.o
                0x000000000c00557a                mbedtls_mpi_lset
 .text.mbedtls_mpi_get_bit
                0x000000000c0055b2       0x22 Middlewares/mbed-crypto/bignum.o
                0x000000000c0055b2                mbedtls_mpi_get_bit
 .text.mbedtls_mpi_lsb
                0x000000000c0055d4       0x36 Middlewares/mbed-crypto/bignum.o
                0x000000000c0055d4                mbedtls_mpi_lsb
 .text.mbedtls_mpi_bitlen
                0x000000000c00560a       0x38 Middlewares/mbed-crypto/bignum.o
                0x000000000c00560a                mbedtls_mpi_bitlen
 .text.mbedtls_mpi_size
                0x000000000c005642        0xc Middlewares/mbed-crypto/bignum.o
                0x000000000c005642                mbedtls_mpi_size
 .text.mbedtls_mpi_read_binary
                0x000000000c00564e       0x70 Middlewares/mbed-crypto/bignum.o
                0x000000000c00564e                mbedtls_mpi_read_binary
 .text.mbedtls_mpi_write_binary
                0x000000000c0056be       0x6e Middlewares/mbed-crypto/bignum.o
                0x000000000c0056be                mbedtls_mpi_write_binary
 .text.mbedtls_mpi_shift_l
                0x000000000c00572c       0x9c Middlewares/mbed-crypto/bignum.o
                0x000000000c00572c                mbedtls_mpi_shift_l
 .text.mbedtls_mpi_shift_r
                0x000000000c0057c8       0x74 Middlewares/mbed-crypto/bignum.o
                0x000000000c0057c8                mbedtls_mpi_shift_r
 .text.mbedtls_mpi_cmp_abs
                0x000000000c00583c       0x66 Middlewares/mbed-crypto/bignum.o
                0x000000000c00583c                mbedtls_mpi_cmp_abs
 .text.mpi_montmul
                0x000000000c0058a2       0xce Middlewares/mbed-crypto/bignum.o
 .text.mbedtls_mpi_cmp_mpi
                0x000000000c005970       0x86 Middlewares/mbed-crypto/bignum.o
                0x000000000c005970                mbedtls_mpi_cmp_mpi
 .text.mbedtls_mpi_cmp_int
                0x000000000c0059f6       0x2c Middlewares/mbed-crypto/bignum.o
                0x000000000c0059f6                mbedtls_mpi_cmp_int
 .text.mbedtls_mpi_add_abs
                0x000000000c005a22       0xb2 Middlewares/mbed-crypto/bignum.o
                0x000000000c005a22                mbedtls_mpi_add_abs
 .text.mbedtls_mpi_sub_abs
                0x000000000c005ad4       0x7a Middlewares/mbed-crypto/bignum.o
                0x000000000c005ad4                mbedtls_mpi_sub_abs
 .text.mbedtls_mpi_add_mpi
                0x000000000c005b4e       0x44 Middlewares/mbed-crypto/bignum.o
                0x000000000c005b4e                mbedtls_mpi_add_mpi
 .text.mbedtls_mpi_sub_mpi
                0x000000000c005b92       0x46 Middlewares/mbed-crypto/bignum.o
                0x000000000c005b92                mbedtls_mpi_sub_mpi
 .text.mbedtls_mpi_sub_int
                0x000000000c005bd8       0x2c Middlewares/mbed-crypto/bignum.o
                0x000000000c005bd8                mbedtls_mpi_sub_int
 .text.mbedtls_mpi_mul_mpi
                0x000000000c005c04       0xc6 Middlewares/mbed-crypto/bignum.o
                0x000000000c005c04                mbedtls_mpi_mul_mpi
 .text.mbedtls_mpi_mul_int
                0x000000000c005cca       0x1a Middlewares/mbed-crypto/bignum.o
                0x000000000c005cca                mbedtls_mpi_mul_int
 .text.mbedtls_mpi_div_mpi
                0x000000000c005ce4      0x37a Middlewares/mbed-crypto/bignum.o
                0x000000000c005ce4                mbedtls_mpi_div_mpi
 .text.mbedtls_mpi_mod_mpi
                0x000000000c00605e       0x64 Middlewares/mbed-crypto/bignum.o
                0x000000000c00605e                mbedtls_mpi_mod_mpi
 .text.mbedtls_mpi_exp_mod
                0x000000000c0060c2      0x45c Middlewares/mbed-crypto/bignum.o
                0x000000000c0060c2                mbedtls_mpi_exp_mod
 .text.mbedtls_mpi_gcd
                0x000000000c00651e      0x108 Middlewares/mbed-crypto/bignum.o
                0x000000000c00651e                mbedtls_mpi_gcd
 .text.mbedtls_mpi_fill_random
                0x000000000c006626       0x6a Middlewares/mbed-crypto/bignum.o
                0x000000000c006626                mbedtls_mpi_fill_random
 .text.mbedtls_mpi_inv_mod
                0x000000000c006690      0x2b8 Middlewares/mbed-crypto/bignum.o
                0x000000000c006690                mbedtls_mpi_inv_mod
 .text.mbedtls_md_info_from_type
                0x000000000c006948       0x1c Middlewares/mbed-crypto/md.o
                0x000000000c006948                mbedtls_md_info_from_type
 .text.mbedtls_md_init
                0x000000000c006964        0xa Middlewares/mbed-crypto/md.o
                0x000000000c006964                mbedtls_md_init
 .text.mbedtls_md_free
                0x000000000c00696e       0x34 Middlewares/mbed-crypto/md.o
                0x000000000c00696e                mbedtls_md_free
 *fill*         0x000000000c0069a2        0x2 
 .text.mbedtls_md_setup
                0x000000000c0069a4       0x40 Middlewares/mbed-crypto/md.o
                0x000000000c0069a4                mbedtls_md_setup
 .text.mbedtls_md_starts
                0x000000000c0069e4       0x14 Middlewares/mbed-crypto/md.o
                0x000000000c0069e4                mbedtls_md_starts
 .text.mbedtls_md_update
                0x000000000c0069f8       0x14 Middlewares/mbed-crypto/md.o
                0x000000000c0069f8                mbedtls_md_update
 .text.mbedtls_md_finish
                0x000000000c006a0c       0x14 Middlewares/mbed-crypto/md.o
                0x000000000c006a0c                mbedtls_md_finish
 .text.mbedtls_md
                0x000000000c006a20       0x20 Middlewares/mbed-crypto/md.o
                0x000000000c006a20                mbedtls_md
 .text.mbedtls_md_get_size
                0x000000000c006a40        0x6 Middlewares/mbed-crypto/md.o
                0x000000000c006a40                mbedtls_md_get_size
 .text.sha224_process_wrap
                0x000000000c006a46        0x4 Middlewares/mbed-crypto/md_wrap.o
 .text.sha224_clone_wrap
                0x000000000c006a4a        0x4 Middlewares/mbed-crypto/md_wrap.o
 .text.sha224_ctx_free
                0x000000000c006a4e       0x12 Middlewares/mbed-crypto/md_wrap.o
 .text.sha224_ctx_alloc
                0x000000000c006a60       0x18 Middlewares/mbed-crypto/md_wrap.o
 .text.sha224_wrap
                0x000000000c006a78        0x6 Middlewares/mbed-crypto/md_wrap.o
 .text.sha256_wrap
                0x000000000c006a7e        0x6 Middlewares/mbed-crypto/md_wrap.o
 .text.sha224_finish_wrap
                0x000000000c006a84        0x4 Middlewares/mbed-crypto/md_wrap.o
 .text.sha224_update_wrap
                0x000000000c006a88        0x4 Middlewares/mbed-crypto/md_wrap.o
 .text.sha224_starts_wrap
                0x000000000c006a8c        0x6 Middlewares/mbed-crypto/md_wrap.o
 .text.sha256_starts_wrap
                0x000000000c006a92        0x6 Middlewares/mbed-crypto/md_wrap.o
 .text.verify_header
                0x000000000c006a98       0x40 Middlewares/mbed-crypto/memory_buffer_alloc.o
 .text.verify_chain
                0x000000000c006ad8       0x3c Middlewares/mbed-crypto/memory_buffer_alloc.o
 .text.buffer_alloc_calloc
                0x000000000c006b14      0x118 Middlewares/mbed-crypto/memory_buffer_alloc.o
 .text.buffer_alloc_free
                0x000000000c006c2c      0x110 Middlewares/mbed-crypto/memory_buffer_alloc.o
 .text.mbedtls_memory_buffer_alloc_init
                0x000000000c006d3c       0x64 Middlewares/mbed-crypto/memory_buffer_alloc.o
                0x000000000c006d3c                mbedtls_memory_buffer_alloc_init
 .text.platform_calloc_uninit
                0x000000000c006da0        0x4 Middlewares/mbed-crypto/platform.o
 .text.platform_exit_uninit
                0x000000000c006da4        0x2 Middlewares/mbed-crypto/platform.o
 .text.platform_free_uninit
                0x000000000c006da6        0x2 Middlewares/mbed-crypto/platform.o
 .text.mbedtls_calloc
                0x000000000c006da8        0xc Middlewares/mbed-crypto/platform.o
                0x000000000c006da8                mbedtls_calloc
 .text.mbedtls_free
                0x000000000c006db4        0xc Middlewares/mbed-crypto/platform.o
                0x000000000c006db4                mbedtls_free
 .text.mbedtls_platform_set_calloc_free
                0x000000000c006dc0       0x14 Middlewares/mbed-crypto/platform.o
                0x000000000c006dc0                mbedtls_platform_set_calloc_free
 .text.mbedtls_platform_zeroize
                0x000000000c006dd4       0x10 Middlewares/mbed-crypto/platform_util.o
                0x000000000c006dd4                mbedtls_platform_zeroize
 .text.mgf_mask
                0x000000000c006de4       0xa8 Middlewares/mbed-crypto/rsa.o
 .text.rsa_check_context.isra.0
                0x000000000c006e8c       0xb8 Middlewares/mbed-crypto/rsa.o
 .text.mbedtls_rsa_import
                0x000000000c006f44       0x88 Middlewares/mbed-crypto/rsa.o
                0x000000000c006f44                mbedtls_rsa_import
 .text.mbedtls_rsa_init
                0x000000000c006fcc       0x16 Middlewares/mbed-crypto/rsa.o
                0x000000000c006fcc                mbedtls_rsa_init
 *fill*         0x000000000c006fe2        0x2 
 .text.mbedtls_rsa_check_pubkey
                0x000000000c006fe4       0x48 Middlewares/mbed-crypto/rsa.o
                0x000000000c006fe4                mbedtls_rsa_check_pubkey
 .text.mbedtls_rsa_check_privkey
                0x000000000c00702c       0x64 Middlewares/mbed-crypto/rsa.o
                0x000000000c00702c                mbedtls_rsa_check_privkey
 .text.mbedtls_rsa_public
                0x000000000c007090       0x80 Middlewares/mbed-crypto/rsa.o
                0x000000000c007090                mbedtls_rsa_public
 .text.mbedtls_rsa_private
                0x000000000c007110      0x378 Middlewares/mbed-crypto/rsa.o
                0x000000000c007110                mbedtls_rsa_private
 .text.mbedtls_rsa_rsaes_oaep_decrypt
                0x000000000c007488      0x190 Middlewares/mbed-crypto/rsa.o
                0x000000000c007488                mbedtls_rsa_rsaes_oaep_decrypt
 .text.mbedtls_rsa_free
                0x000000000c007618       0x72 Middlewares/mbed-crypto/rsa.o
                0x000000000c007618                mbedtls_rsa_free
 *fill*         0x000000000c00768a        0x2 
 .text.mbedtls_rsa_validate_crt
                0x000000000c00768c      0x110 Middlewares/mbed-crypto/rsa_internal.o
                0x000000000c00768c                mbedtls_rsa_validate_crt
 .text.mbedtls_rsa_validate_params
                0x000000000c00779c      0x18c Middlewares/mbed-crypto/rsa_internal.o
                0x000000000c00779c                mbedtls_rsa_validate_params
 .text.mbedtls_rsa_deduce_crt
                0x000000000c007928       0x88 Middlewares/mbed-crypto/rsa_internal.o
                0x000000000c007928                mbedtls_rsa_deduce_crt
 .text.mbedtls_sha256_ret
                0x000000000c0079b0       0x42 Middlewares/mbed-crypto/sha256.o
                0x000000000c0079b0                mbedtls_sha256_ret
 .text.boot_secure_memequal
                0x000000000c0079f2       0x1a Middlewares/mcuboot/bootutil_misc.o
                0x000000000c0079f2                boot_secure_memequal
 .text.boot_enc_set_key
                0x000000000c007a0c       0x3e Middlewares/mcuboot/encrypted.o
                0x000000000c007a0c                boot_enc_set_key
 *fill*         0x000000000c007a4a        0x2 
 .text.boot_enc_decrypt
                0x000000000c007a4c      0x190 Middlewares/mcuboot/encrypted.o
                0x000000000c007a4c                boot_enc_decrypt
 .text.boot_enc_load
                0x000000000c007bdc       0x78 Middlewares/mcuboot/encrypted.o
                0x000000000c007bdc                boot_enc_load
 .text.boot_encrypt
                0x000000000c007c54       0x94 Middlewares/mcuboot/encrypted.o
                0x000000000c007c54                boot_encrypt
 .text.bootutil_verify_sig
                0x000000000c007ce8      0x230 Middlewares/mcuboot/image_rsa.o
                0x000000000c007ce8                bootutil_verify_sig
 .text.bootutil_get_img_security_cnt
                0x000000000c007f18       0x60 Middlewares/mcuboot/image_validate.o
                0x000000000c007f18                bootutil_get_img_security_cnt
 .text.bootutil_img_validate
                0x000000000c007f78      0x454 Middlewares/mcuboot/image_validate.o
                0x000000000c007f78                bootutil_img_validate
 .text.boot_read_image_headers.isra.0
                0x000000000c0083cc        0xa Middlewares/mcuboot/loader.o
 .text.boot_update_security_counter.constprop.0
                0x000000000c0083d6       0x3e Middlewares/mcuboot/loader.o
 .text.boot_read_sectors
                0x000000000c008414       0x2c Middlewares/mcuboot/loader.o
 .text.boot_copy_region
                0x000000000c008440       0xfc Middlewares/mcuboot/loader.o
                0x000000000c008440                boot_copy_region
 .text.context_boot_go
                0x000000000c00853c      0x368 Middlewares/mcuboot/loader.o
                0x000000000c00853c                context_boot_go
 .text.boot_go  0x000000000c0088a4        0xc Middlewares/mcuboot/loader.o
                0x000000000c0088a4                boot_go
 .text.boot_read_image_header
                0x000000000c0088b0       0x36 Middlewares/mcuboot/swap_scratch.o
                0x000000000c0088b0                boot_read_image_header
 .text.bootutil_tlv_iter_begin
                0x000000000c0088e6       0x98 Middlewares/mcuboot/tlv.o
                0x000000000c0088e6                bootutil_tlv_iter_begin
 .text.bootutil_tlv_iter_next
                0x000000000c00897e       0x96 Middlewares/mcuboot/tlv.o
                0x000000000c00897e                bootutil_tlv_iter_next
 .text.startup.main
                0x000000000c008a14       0xd8 Middlewares/trustedfirmware/bl2_main.o
                0x000000000c008a14                main
 .text.flash_area_open
                0x000000000c008aec       0x14 Middlewares/trustedfirmware/flash_map.o
                0x000000000c008aec                flash_area_open
 .text.flash_area_close
                0x000000000c008b00        0x2 Middlewares/trustedfirmware/flash_map.o
                0x000000000c008b00                flash_area_close
 *fill*         0x000000000c008b02        0x2 
 .text.flash_area_read
                0x000000000c008b04       0x20 Middlewares/trustedfirmware/flash_map.o
                0x000000000c008b04                flash_area_read
 .text.flash_area_write
                0x000000000c008b24       0x20 Middlewares/trustedfirmware/flash_map.o
                0x000000000c008b24                flash_area_write
 .text.flash_area_erase
                0x000000000c008b44       0x48 Middlewares/trustedfirmware/flash_map.o
                0x000000000c008b44                flash_area_erase
 .text.flash_area_align
                0x000000000c008b8c       0x18 Middlewares/trustedfirmware/flash_map.o
                0x000000000c008b8c                flash_area_align
 .text.flash_device_base
                0x000000000c008ba4       0x20 Middlewares/trustedfirmware/flash_map_extended.o
                0x000000000c008ba4                flash_device_base
 .text.flash_area_id_from_multi_image_slot
                0x000000000c008bc4        0xc Middlewares/trustedfirmware/flash_map_extended.o
                0x000000000c008bc4                flash_area_id_from_multi_image_slot
 .text.flash_area_id_to_multi_image_slot
                0x000000000c008bd0       0x1c Middlewares/trustedfirmware/flash_map_extended.o
                0x000000000c008bd0                flash_area_id_to_multi_image_slot
 .text.flash_area_erased_val
                0x000000000c008bec       0x18 Middlewares/trustedfirmware/flash_map_extended.o
                0x000000000c008bec                flash_area_erased_val
 .text.flash_area_get_sectors
                0x000000000c008c04       0x90 Middlewares/trustedfirmware/flash_map_legacy.o
                0x000000000c008c04                flash_area_get_sectors
 .text.boot_nv_security_counter_init
                0x000000000c008c94       0x10 Middlewares/trustedfirmware/security_cnt.o
                0x000000000c008c94                boot_nv_security_counter_init
 .text.boot_nv_security_counter_get
                0x000000000c008ca4       0x28 Middlewares/trustedfirmware/security_cnt.o
                0x000000000c008ca4                boot_nv_security_counter_get
 .text.boot_nv_security_counter_update
                0x000000000c008ccc       0x22 Middlewares/trustedfirmware/security_cnt.o
                0x000000000c008ccc                boot_nv_security_counter_update
 *fill*         0x000000000c008cee        0x2 
 .text._write   0x000000000c008cf0       0x2c Middlewares/trustedfirmware/uart_stdout.o
                0x000000000c008cf0                _write
 .text.stdio_init
                0x000000000c008d1c       0x1c Middlewares/trustedfirmware/uart_stdout.o
                0x000000000c008d1c                stdio_init
 .text.stdio_uninit
                0x000000000c008d38        0xc Middlewares/trustedfirmware/uart_stdout.o
                0x000000000c008d38                stdio_uninit
 .text.exit     0x000000000c008d44       0x28 c:/st/stm32cubeide_1.6.1/stm32cubeide/plugins/com.st.stm32cube.ide.mcu.externaltools.gnu-tools-for-stm32.9-2020-q2-update.win32_1.5.0.202011040924/tools/bin/../lib/gcc/arm-none-eabi/9.3.1/../../../../arm-none-eabi/lib/thumb/v8-m.main+fp/hard\libc_nano.a(lib_a-exit.o)
                0x000000000c008d44                exit
 .text.__libc_init_array
                0x000000000c008d6c       0x48 c:/st/stm32cubeide_1.6.1/stm32cubeide/plugins/com.st.stm32cube.ide.mcu.externaltools.gnu-tools-for-stm32.9-2020-q2-update.win32_1.5.0.202011040924/tools/bin/../lib/gcc/arm-none-eabi/9.3.1/../../../../arm-none-eabi/lib/thumb/v8-m.main+fp/hard\libc_nano.a(lib_a-init.o)
                0x000000000c008d6c                __libc_init_array
 .text.memcpy   0x000000000c008db4       0x1a c:/st/stm32cubeide_1.6.1/stm32cubeide/plugins/com.st.stm32cube.ide.mcu.externaltools.gnu-tools-for-stm32.9-2020-q2-update.win32_1.5.0.202011040924/tools/bin/../lib/gcc/arm-none-eabi/9.3.1/../../../../arm-none-eabi/lib/thumb/v8-m.main+fp/hard\libc_nano.a(lib_a-memcpy-stub.o)
                0x000000000c008db4                memcpy
 .text.memset   0x000000000c008dce       0x10 c:/st/stm32cubeide_1.6.1/stm32cubeide/plugins/com.st.stm32cube.ide.mcu.externaltools.gnu-tools-for-stm32.9-2020-q2-update.win32_1.5.0.202011040924/tools/bin/../lib/gcc/arm-none-eabi/9.3.1/../../../../arm-none-eabi/lib/thumb/v8-m.main+fp/hard\libc_nano.a(lib_a-memset.o)
                0x000000000c008dce                memset
 *fill*         0x000000000c008dde        0x2 
 .text._free_r  0x000000000c008de0       0xa0 c:/st/stm32cubeide_1.6.1/stm32cubeide/plugins/com.st.stm32cube.ide.mcu.externaltools.gnu-tools-for-stm32.9-2020-q2-update.win32_1.5.0.202011040924/tools/bin/../lib/gcc/arm-none-eabi/9.3.1/../../../../arm-none-eabi/lib/thumb/v8-m.main+fp/hard\libc_nano.a(lib_a-nano-freer.o)
                0x000000000c008de0                _free_r
 .text._malloc_r
                0x000000000c008e80       0xb4 c:/st/stm32cubeide_1.6.1/stm32cubeide/plugins/com.st.stm32cube.ide.mcu.externaltools.gnu-tools-for-stm32.9-2020-q2-update.win32_1.5.0.202011040924/tools/bin/../lib/gcc/arm-none-eabi/9.3.1/../../../../arm-none-eabi/lib/thumb/v8-m.main+fp/hard\libc_nano.a(lib_a-nano-mallocr.o)
                0x000000000c008e80                _malloc_r
 .text.printf   0x000000000c008f34       0x30 c:/st/stm32cubeide_1.6.1/stm32cubeide/plugins/com.st.stm32cube.ide.mcu.externaltools.gnu-tools-for-stm32.9-2020-q2-update.win32_1.5.0.202011040924/tools/bin/../lib/gcc/arm-none-eabi/9.3.1/../../../../arm-none-eabi/lib/thumb/v8-m.main+fp/hard\libc_nano.a(lib_a-printf.o)
                0x000000000c008f34                iprintf
                0x000000000c008f34                printf
 .text.putchar  0x000000000c008f64       0x2c c:/st/stm32cubeide_1.6.1/stm32cubeide/plugins/com.st.stm32cube.ide.mcu.externaltools.gnu-tools-for-stm32.9-2020-q2-update.win32_1.5.0.202011040924/tools/bin/../lib/gcc/arm-none-eabi/9.3.1/../../../../arm-none-eabi/lib/thumb/v8-m.main+fp/hard\libc_nano.a(lib_a-putchar.o)
                0x000000000c008f64                putchar
 .text._puts_r  0x000000000c008f90       0xdc c:/st/stm32cubeide_1.6.1/stm32cubeide/plugins/com.st.stm32cube.ide.mcu.externaltools.gnu-tools-for-stm32.9-2020-q2-update.win32_1.5.0.202011040924/tools/bin/../lib/gcc/arm-none-eabi/9.3.1/../../../../arm-none-eabi/lib/thumb/v8-m.main+fp/hard\libc_nano.a(lib_a-puts.o)
                0x000000000c008f90                _puts_r
 .text.puts     0x000000000c00906c       0x10 c:/st/stm32cubeide_1.6.1/stm32cubeide/plugins/com.st.stm32cube.ide.mcu.externaltools.gnu-tools-for-stm32.9-2020-q2-update.win32_1.5.0.202011040924/tools/bin/../lib/gcc/arm-none-eabi/9.3.1/../../../../arm-none-eabi/lib/thumb/v8-m.main+fp/hard\libc_nano.a(lib_a-puts.o)
                0x000000000c00906c                puts
 .text._sbrk_r  0x000000000c00907c       0x20 c:/st/stm32cubeide_1.6.1/stm32cubeide/plugins/com.st.stm32cube.ide.mcu.externaltools.gnu-tools-for-stm32.9-2020-q2-update.win32_1.5.0.202011040924/tools/bin/../lib/gcc/arm-none-eabi/9.3.1/../../../../arm-none-eabi/lib/thumb/v8-m.main+fp/hard\libc_nano.a(lib_a-sbrkr.o)
                0x000000000c00907c                _sbrk_r
 .text.__swbuf_r
                0x000000000c00909c       0xa4 c:/st/stm32cubeide_1.6.1/stm32cubeide/plugins/com.st.stm32cube.ide.mcu.externaltools.gnu-tools-for-stm32.9-2020-q2-update.win32_1.5.0.202011040924/tools/bin/../lib/gcc/arm-none-eabi/9.3.1/../../../../arm-none-eabi/lib/thumb/v8-m.main+fp/hard\libc_nano.a(lib_a-wbuf.o)
                0x000000000c00909c                __swbuf_r
 .text.__swsetup_r
                0x000000000c009140       0xdc c:/st/stm32cubeide_1.6.1/stm32cubeide/plugins/com.st.stm32cube.ide.mcu.externaltools.gnu-tools-for-stm32.9-2020-q2-update.win32_1.5.0.202011040924/tools/bin/../lib/gcc/arm-none-eabi/9.3.1/../../../../arm-none-eabi/lib/thumb/v8-m.main+fp/hard\libc_nano.a(lib_a-wsetup.o)
                0x000000000c009140                __swsetup_r
 .text.__sflush_r
                0x000000000c00921c      0x108 c:/st/stm32cubeide_1.6.1/stm32cubeide/plugins/com.st.stm32cube.ide.mcu.externaltools.gnu-tools-for-stm32.9-2020-q2-update.win32_1.5.0.202011040924/tools/bin/../lib/gcc/arm-none-eabi/9.3.1/../../../../arm-none-eabi/lib/thumb/v8-m.main+fp/hard\libc_nano.a(lib_a-fflush.o)
                0x000000000c00921c                __sflush_r
 .text._fflush_r
                0x000000000c009324       0x78 c:/st/stm32cubeide_1.6.1/stm32cubeide/plugins/com.st.stm32cube.ide.mcu.externaltools.gnu-tools-for-stm32.9-2020-q2-update.win32_1.5.0.202011040924/tools/bin/../lib/gcc/arm-none-eabi/9.3.1/../../../../arm-none-eabi/lib/thumb/v8-m.main+fp/hard\libc_nano.a(lib_a-fflush.o)
                0x000000000c009324                _fflush_r
 .text.std      0x000000000c00939c       0x48 c:/st/stm32cubeide_1.6.1/stm32cubeide/plugins/com.st.stm32cube.ide.mcu.externaltools.gnu-tools-for-stm32.9-2020-q2-update.win32_1.5.0.202011040924/tools/bin/../lib/gcc/arm-none-eabi/9.3.1/../../../../arm-none-eabi/lib/thumb/v8-m.main+fp/hard\libc_nano.a(lib_a-findfp.o)
 .text._cleanup_r
                0x000000000c0093e4        0xc c:/st/stm32cubeide_1.6.1/stm32cubeide/plugins/com.st.stm32cube.ide.mcu.externaltools.gnu-tools-for-stm32.9-2020-q2-update.win32_1.5.0.202011040924/tools/bin/../lib/gcc/arm-none-eabi/9.3.1/../../../../arm-none-eabi/lib/thumb/v8-m.main+fp/hard\libc_nano.a(lib_a-findfp.o)
                0x000000000c0093e4                _cleanup_r
 .text.__sfmoreglue
                0x000000000c0093f0       0x2c c:/st/stm32cubeide_1.6.1/stm32cubeide/plugins/com.st.stm32cube.ide.mcu.externaltools.gnu-tools-for-stm32.9-2020-q2-update.win32_1.5.0.202011040924/tools/bin/../lib/gcc/arm-none-eabi/9.3.1/../../../../arm-none-eabi/lib/thumb/v8-m.main+fp/hard\libc_nano.a(lib_a-findfp.o)
                0x000000000c0093f0                __sfmoreglue
 .text.__sfp_lock_acquire
                0x000000000c00941c        0xc c:/st/stm32cubeide_1.6.1/stm32cubeide/plugins/com.st.stm32cube.ide.mcu.externaltools.gnu-tools-for-stm32.9-2020-q2-update.win32_1.5.0.202011040924/tools/bin/../lib/gcc/arm-none-eabi/9.3.1/../../../../arm-none-eabi/lib/thumb/v8-m.main+fp/hard\libc_nano.a(lib_a-findfp.o)
                0x000000000c00941c                __sfp_lock_acquire
 .text.__sfp_lock_release
                0x000000000c009428        0xc c:/st/stm32cubeide_1.6.1/stm32cubeide/plugins/com.st.stm32cube.ide.mcu.externaltools.gnu-tools-for-stm32.9-2020-q2-update.win32_1.5.0.202011040924/tools/bin/../lib/gcc/arm-none-eabi/9.3.1/../../../../arm-none-eabi/lib/thumb/v8-m.main+fp/hard\libc_nano.a(lib_a-findfp.o)
                0x000000000c009428                __sfp_lock_release
 .text.__sinit_lock_acquire
                0x000000000c009434        0xc c:/st/stm32cubeide_1.6.1/stm32cubeide/plugins/com.st.stm32cube.ide.mcu.externaltools.gnu-tools-for-stm32.9-2020-q2-update.win32_1.5.0.202011040924/tools/bin/../lib/gcc/arm-none-eabi/9.3.1/../../../../arm-none-eabi/lib/thumb/v8-m.main+fp/hard\libc_nano.a(lib_a-findfp.o)
                0x000000000c009434                __sinit_lock_acquire
 .text.__sinit_lock_release
                0x000000000c009440        0xc c:/st/stm32cubeide_1.6.1/stm32cubeide/plugins/com.st.stm32cube.ide.mcu.externaltools.gnu-tools-for-stm32.9-2020-q2-update.win32_1.5.0.202011040924/tools/bin/../lib/gcc/arm-none-eabi/9.3.1/../../../../arm-none-eabi/lib/thumb/v8-m.main+fp/hard\libc_nano.a(lib_a-findfp.o)
                0x000000000c009440                __sinit_lock_release
 .text.__sinit  0x000000000c00944c       0x70 c:/st/stm32cubeide_1.6.1/stm32cubeide/plugins/com.st.stm32cube.ide.mcu.externaltools.gnu-tools-for-stm32.9-2020-q2-update.win32_1.5.0.202011040924/tools/bin/../lib/gcc/arm-none-eabi/9.3.1/../../../../arm-none-eabi/lib/thumb/v8-m.main+fp/hard\libc_nano.a(lib_a-findfp.o)
                0x000000000c00944c                __sinit
 .text.__sfp    0x000000000c0094bc       0x8c c:/st/stm32cubeide_1.6.1/stm32cubeide/plugins/com.st.stm32cube.ide.mcu.externaltools.gnu-tools-for-stm32.9-2020-q2-update.win32_1.5.0.202011040924/tools/bin/../lib/gcc/arm-none-eabi/9.3.1/../../../../arm-none-eabi/lib/thumb/v8-m.main+fp/hard\libc_nano.a(lib_a-findfp.o)
                0x000000000c0094bc                __sfp
 .text._fwalk_reent
                0x000000000c009548       0x3e c:/st/stm32cubeide_1.6.1/stm32cubeide/plugins/com.st.stm32cube.ide.mcu.externaltools.gnu-tools-for-stm32.9-2020-q2-update.win32_1.5.0.202011040924/tools/bin/../lib/gcc/arm-none-eabi/9.3.1/../../../../arm-none-eabi/lib/thumb/v8-m.main+fp/hard\libc_nano.a(lib_a-fwalk.o)
                0x000000000c009548                _fwalk_reent
 .text.__retarget_lock_init_recursive
                0x000000000c009586        0x2 c:/st/stm32cubeide_1.6.1/stm32cubeide/plugins/com.st.stm32cube.ide.mcu.externaltools.gnu-tools-for-stm32.9-2020-q2-update.win32_1.5.0.202011040924/tools/bin/../lib/gcc/arm-none-eabi/9.3.1/../../../../arm-none-eabi/lib/thumb/v8-m.main+fp/hard\libc_nano.a(lib_a-lock.o)
                0x000000000c009586                __retarget_lock_init_recursive
 .text.__retarget_lock_acquire_recursive
                0x000000000c009588        0x2 c:/st/stm32cubeide_1.6.1/stm32cubeide/plugins/com.st.stm32cube.ide.mcu.externaltools.gnu-tools-for-stm32.9-2020-q2-update.win32_1.5.0.202011040924/tools/bin/../lib/gcc/arm-none-eabi/9.3.1/../../../../arm-none-eabi/lib/thumb/v8-m.main+fp/hard\libc_nano.a(lib_a-lock.o)
                0x000000000c009588                __retarget_lock_acquire_recursive
 .text.__retarget_lock_release_recursive
                0x000000000c00958a        0x2 c:/st/stm32cubeide_1.6.1/stm32cubeide/plugins/com.st.stm32cube.ide.mcu.externaltools.gnu-tools-for-stm32.9-2020-q2-update.win32_1.5.0.202011040924/tools/bin/../lib/gcc/arm-none-eabi/9.3.1/../../../../arm-none-eabi/lib/thumb/v8-m.main+fp/hard\libc_nano.a(lib_a-lock.o)
                0x000000000c00958a                __retarget_lock_release_recursive
 .text.__swhatbuf_r
                0x000000000c00958c       0x48 c:/st/stm32cubeide_1.6.1/stm32cubeide/plugins/com.st.stm32cube.ide.mcu.externaltools.gnu-tools-for-stm32.9-2020-q2-update.win32_1.5.0.202011040924/tools/bin/../lib/gcc/arm-none-eabi/9.3.1/../../../../arm-none-eabi/lib/thumb/v8-m.main+fp/hard\libc_nano.a(lib_a-makebuf.o)
                0x000000000c00958c                __swhatbuf_r
 .text.__smakebuf_r
                0x000000000c0095d4       0x80 c:/st/stm32cubeide_1.6.1/stm32cubeide/plugins/com.st.stm32cube.ide.mcu.externaltools.gnu-tools-for-stm32.9-2020-q2-update.win32_1.5.0.202011040924/tools/bin/../lib/gcc/arm-none-eabi/9.3.1/../../../../arm-none-eabi/lib/thumb/v8-m.main+fp/hard\libc_nano.a(lib_a-makebuf.o)
                0x000000000c0095d4                __smakebuf_r
 .text.__malloc_lock
                0x000000000c009654        0xc c:/st/stm32cubeide_1.6.1/stm32cubeide/plugins/com.st.stm32cube.ide.mcu.externaltools.gnu-tools-for-stm32.9-2020-q2-update.win32_1.5.0.202011040924/tools/bin/../lib/gcc/arm-none-eabi/9.3.1/../../../../arm-none-eabi/lib/thumb/v8-m.main+fp/hard\libc_nano.a(lib_a-mlock.o)
                0x000000000c009654                __malloc_lock
 .text.__malloc_unlock
                0x000000000c009660        0xc c:/st/stm32cubeide_1.6.1/stm32cubeide/plugins/com.st.stm32cube.ide.mcu.externaltools.gnu-tools-for-stm32.9-2020-q2-update.win32_1.5.0.202011040924/tools/bin/../lib/gcc/arm-none-eabi/9.3.1/../../../../arm-none-eabi/lib/thumb/v8-m.main+fp/hard\libc_nano.a(lib_a-mlock.o)
                0x000000000c009660                __malloc_unlock
 .text.__sfputc_r
                0x000000000c00966c       0x2e c:/st/stm32cubeide_1.6.1/stm32cubeide/plugins/com.st.stm32cube.ide.mcu.externaltools.gnu-tools-for-stm32.9-2020-q2-update.win32_1.5.0.202011040924/tools/bin/../lib/gcc/arm-none-eabi/9.3.1/../../../../arm-none-eabi/lib/thumb/v8-m.main+fp/hard\libc_nano.a(lib_a-nano-vfprintf.o)
 .text.__sfputs_r
                0x000000000c00969a       0x24 c:/st/stm32cubeide_1.6.1/stm32cubeide/plugins/com.st.stm32cube.ide.mcu.externaltools.gnu-tools-for-stm32.9-2020-q2-update.win32_1.5.0.202011040924/tools/bin/../lib/gcc/arm-none-eabi/9.3.1/../../../../arm-none-eabi/lib/thumb/v8-m.main+fp/hard\libc_nano.a(lib_a-nano-vfprintf.o)
                0x000000000c00969a                __sfputs_r
 *fill*         0x000000000c0096be        0x2 
 .text._vfprintf_r
                0x000000000c0096c0      0x260 c:/st/stm32cubeide_1.6.1/stm32cubeide/plugins/com.st.stm32cube.ide.mcu.externaltools.gnu-tools-for-stm32.9-2020-q2-update.win32_1.5.0.202011040924/tools/bin/../lib/gcc/arm-none-eabi/9.3.1/../../../../arm-none-eabi/lib/thumb/v8-m.main+fp/hard\libc_nano.a(lib_a-nano-vfprintf.o)
                0x000000000c0096c0                _vfprintf_r
                0x000000000c0096c0                _vfiprintf_r
 .text._printf_common
                0x000000000c009920       0xe0 c:/st/stm32cubeide_1.6.1/stm32cubeide/plugins/com.st.stm32cube.ide.mcu.externaltools.gnu-tools-for-stm32.9-2020-q2-update.win32_1.5.0.202011040924/tools/bin/../lib/gcc/arm-none-eabi/9.3.1/../../../../arm-none-eabi/lib/thumb/v8-m.main+fp/hard\libc_nano.a(lib_a-nano-vfprintf_i.o)
                0x000000000c009920                _printf_common
 .text._printf_i
                0x000000000c009a00      0x24c c:/st/stm32cubeide_1.6.1/stm32cubeide/plugins/com.st.stm32cube.ide.mcu.externaltools.gnu-tools-for-stm32.9-2020-q2-update.win32_1.5.0.202011040924/tools/bin/../lib/gcc/arm-none-eabi/9.3.1/../../../../arm-none-eabi/lib/thumb/v8-m.main+fp/hard\libc_nano.a(lib_a-nano-vfprintf_i.o)
                0x000000000c009a00                _printf_i
 .text._putc_r  0x000000000c009c4c       0x90 c:/st/stm32cubeide_1.6.1/stm32cubeide/plugins/com.st.stm32cube.ide.mcu.externaltools.gnu-tools-for-stm32.9-2020-q2-update.win32_1.5.0.202011040924/tools/bin/../lib/gcc/arm-none-eabi/9.3.1/../../../../arm-none-eabi/lib/thumb/v8-m.main+fp/hard\libc_nano.a(lib_a-putc.o)
                0x000000000c009c4c                _putc_r
 .text.__sread  0x000000000c009cdc       0x22 c:/st/stm32cubeide_1.6.1/stm32cubeide/plugins/com.st.stm32cube.ide.mcu.externaltools.gnu-tools-for-stm32.9-2020-q2-update.win32_1.5.0.202011040924/tools/bin/../lib/gcc/arm-none-eabi/9.3.1/../../../../arm-none-eabi/lib/thumb/v8-m.main+fp/hard\libc_nano.a(lib_a-stdio.o)
                0x000000000c009cdc                __sread
 .text.__swrite
                0x000000000c009cfe       0x38 c:/st/stm32cubeide_1.6.1/stm32cubeide/plugins/com.st.stm32cube.ide.mcu.externaltools.gnu-tools-for-stm32.9-2020-q2-update.win32_1.5.0.202011040924/tools/bin/../lib/gcc/arm-none-eabi/9.3.1/../../../../arm-none-eabi/lib/thumb/v8-m.main+fp/hard\libc_nano.a(lib_a-stdio.o)
                0x000000000c009cfe                __swrite
 .text.__sseek  0x000000000c009d36       0x24 c:/st/stm32cubeide_1.6.1/stm32cubeide/plugins/com.st.stm32cube.ide.mcu.externaltools.gnu-tools-for-stm32.9-2020-q2-update.win32_1.5.0.202011040924/tools/bin/../lib/gcc/arm-none-eabi/9.3.1/../../../../arm-none-eabi/lib/thumb/v8-m.main+fp/hard\libc_nano.a(lib_a-stdio.o)
                0x000000000c009d36                __sseek
 .text.__sclose
                0x000000000c009d5a        0x8 c:/st/stm32cubeide_1.6.1/stm32cubeide/plugins/com.st.stm32cube.ide.mcu.externaltools.gnu-tools-for-stm32.9-2020-q2-update.win32_1.5.0.202011040924/tools/bin/../lib/gcc/arm-none-eabi/9.3.1/../../../../arm-none-eabi/lib/thumb/v8-m.main+fp/hard\libc_nano.a(lib_a-stdio.o)
                0x000000000c009d5a                __sclose
 *fill*         0x000000000c009d62        0x2 
 .text._write_r
                0x000000000c009d64       0x24 c:/st/stm32cubeide_1.6.1/stm32cubeide/plugins/com.st.stm32cube.ide.mcu.externaltools.gnu-tools-for-stm32.9-2020-q2-update.win32_1.5.0.202011040924/tools/bin/../lib/gcc/arm-none-eabi/9.3.1/../../../../arm-none-eabi/lib/thumb/v8-m.main+fp/hard\libc_nano.a(lib_a-writer.o)
                0x000000000c009d64                _write_r
 .text._close_r
                0x000000000c009d88       0x20 c:/st/stm32cubeide_1.6.1/stm32cubeide/plugins/com.st.stm32cube.ide.mcu.externaltools.gnu-tools-for-stm32.9-2020-q2-update.win32_1.5.0.202011040924/tools/bin/../lib/gcc/arm-none-eabi/9.3.1/../../../../arm-none-eabi/lib/thumb/v8-m.main+fp/hard\libc_nano.a(lib_a-closer.o)
                0x000000000c009d88                _close_r
 .text._fstat_r
                0x000000000c009da8       0x24 c:/st/stm32cubeide_1.6.1/stm32cubeide/plugins/com.st.stm32cube.ide.mcu.externaltools.gnu-tools-for-stm32.9-2020-q2-update.win32_1.5.0.202011040924/tools/bin/../lib/gcc/arm-none-eabi/9.3.1/../../../../arm-none-eabi/lib/thumb/v8-m.main+fp/hard\libc_nano.a(lib_a-fstatr.o)
                0x000000000c009da8                _fstat_r
 .text._isatty_r
                0x000000000c009dcc       0x20 c:/st/stm32cubeide_1.6.1/stm32cubeide/plugins/com.st.stm32cube.ide.mcu.externaltools.gnu-tools-for-stm32.9-2020-q2-update.win32_1.5.0.202011040924/tools/bin/../lib/gcc/arm-none-eabi/9.3.1/../../../../arm-none-eabi/lib/thumb/v8-m.main+fp/hard\libc_nano.a(lib_a-isattyr.o)
                0x000000000c009dcc                _isatty_r
 .text._lseek_r
                0x000000000c009dec       0x24 c:/st/stm32cubeide_1.6.1/stm32cubeide/plugins/com.st.stm32cube.ide.mcu.externaltools.gnu-tools-for-stm32.9-2020-q2-update.win32_1.5.0.202011040924/tools/bin/../lib/gcc/arm-none-eabi/9.3.1/../../../../arm-none-eabi/lib/thumb/v8-m.main+fp/hard\libc_nano.a(lib_a-lseekr.o)
                0x000000000c009dec                _lseek_r
 .text.memchr   0x000000000c009e10       0x1c c:/st/stm32cubeide_1.6.1/stm32cubeide/plugins/com.st.stm32cube.ide.mcu.externaltools.gnu-tools-for-stm32.9-2020-q2-update.win32_1.5.0.202011040924/tools/bin/../lib/gcc/arm-none-eabi/9.3.1/../../../../arm-none-eabi/lib/thumb/v8-m.main+fp/hard\libc_nano.a(lib_a-memchr-stub.o)
                0x000000000c009e10                memchr
 .text._read_r  0x000000000c009e2c       0x24 c:/st/stm32cubeide_1.6.1/stm32cubeide/plugins/com.st.stm32cube.ide.mcu.externaltools.gnu-tools-for-stm32.9-2020-q2-update.win32_1.5.0.202011040924/tools/bin/../lib/gcc/arm-none-eabi/9.3.1/../../../../arm-none-eabi/lib/thumb/v8-m.main+fp/hard\libc_nano.a(lib_a-readr.o)
                0x000000000c009e2c                _read_r
 .text          0x000000000c009e50       0x5c c:/st/stm32cubeide_1.6.1/stm32cubeide/plugins/com.st.stm32cube.ide.mcu.externaltools.gnu-tools-for-stm32.9-2020-q2-update.win32_1.5.0.202011040924/tools/bin/../lib/gcc/arm-none-eabi/9.3.1/thumb/v8-m.main+fp/hard\libgcc.a(cmse_nonsecure_call.o)
                0x000000000c009e50                __gnu_cmse_nonsecure_call
 .text          0x000000000c009eac       0x30 c:/st/stm32cubeide_1.6.1/stm32cubeide/plugins/com.st.stm32cube.ide.mcu.externaltools.gnu-tools-for-stm32.9-2020-q2-update.win32_1.5.0.202011040924/tools/bin/../lib/gcc/arm-none-eabi/9.3.1/thumb/v8-m.main+fp/hard\libgcc.a(_aeabi_uldivmod.o)
                0x000000000c009eac                __aeabi_uldivmod
 .text          0x000000000c009edc      0x2e8 c:/st/stm32cubeide_1.6.1/stm32cubeide/plugins/com.st.stm32cube.ide.mcu.externaltools.gnu-tools-for-stm32.9-2020-q2-update.win32_1.5.0.202011040924/tools/bin/../lib/gcc/arm-none-eabi/9.3.1/thumb/v8-m.main+fp/hard\libgcc.a(_udivmoddi4.o)
                0x000000000c009edc                __udivmoddi4
 .text          0x000000000c00a1c4        0x4 c:/st/stm32cubeide_1.6.1/stm32cubeide/plugins/com.st.stm32cube.ide.mcu.externaltools.gnu-tools-for-stm32.9-2020-q2-update.win32_1.5.0.202011040924/tools/bin/../lib/gcc/arm-none-eabi/9.3.1/thumb/v8-m.main+fp/hard\libgcc.a(_dvmd_tls.o)
                0x000000000c00a1c4                __aeabi_idiv0
                0x000000000c00a1c4                __aeabi_ldiv0
 .text._close   0x000000000c00a1c8       0x10 c:/st/stm32cubeide_1.6.1/stm32cubeide/plugins/com.st.stm32cube.ide.mcu.externaltools.gnu-tools-for-stm32.9-2020-q2-update.win32_1.5.0.202011040924/tools/bin/../lib/gcc/arm-none-eabi/9.3.1/../../../../arm-none-eabi/lib/thumb/v8-m.main+fp/hard\libnosys.a(close.o)
                0x000000000c00a1c8                _close
 .text._fstat   0x000000000c00a1d8       0x10 c:/st/stm32cubeide_1.6.1/stm32cubeide/plugins/com.st.stm32cube.ide.mcu.externaltools.gnu-tools-for-stm32.9-2020-q2-update.win32_1.5.0.202011040924/tools/bin/../lib/gcc/arm-none-eabi/9.3.1/../../../../arm-none-eabi/lib/thumb/v8-m.main+fp/hard\libnosys.a(fstat.o)
                0x000000000c00a1d8                _fstat
 .text._isatty  0x000000000c00a1e8       0x10 c:/st/stm32cubeide_1.6.1/stm32cubeide/plugins/com.st.stm32cube.ide.mcu.externaltools.gnu-tools-for-stm32.9-2020-q2-update.win32_1.5.0.202011040924/tools/bin/../lib/gcc/arm-none-eabi/9.3.1/../../../../arm-none-eabi/lib/thumb/v8-m.main+fp/hard\libnosys.a(isatty.o)
                0x000000000c00a1e8                _isatty
 .text._lseek   0x000000000c00a1f8       0x10 c:/st/stm32cubeide_1.6.1/stm32cubeide/plugins/com.st.stm32cube.ide.mcu.externaltools.gnu-tools-for-stm32.9-2020-q2-update.win32_1.5.0.202011040924/tools/bin/../lib/gcc/arm-none-eabi/9.3.1/../../../../arm-none-eabi/lib/thumb/v8-m.main+fp/hard\libnosys.a(lseek.o)
                0x000000000c00a1f8                _lseek
 .text._read    0x000000000c00a208       0x10 c:/st/stm32cubeide_1.6.1/stm32cubeide/plugins/com.st.stm32cube.ide.mcu.externaltools.gnu-tools-for-stm32.9-2020-q2-update.win32_1.5.0.202011040924/tools/bin/../lib/gcc/arm-none-eabi/9.3.1/../../../../arm-none-eabi/lib/thumb/v8-m.main+fp/hard\libnosys.a(read.o)
                0x000000000c00a208                _read
 .text._sbrk    0x000000000c00a218       0x1c c:/st/stm32cubeide_1.6.1/stm32cubeide/plugins/com.st.stm32cube.ide.mcu.externaltools.gnu-tools-for-stm32.9-2020-q2-update.win32_1.5.0.202011040924/tools/bin/../lib/gcc/arm-none-eabi/9.3.1/../../../../arm-none-eabi/lib/thumb/v8-m.main+fp/hard\libnosys.a(sbrk.o)
                0x000000000c00a218                _sbrk
 .text._exit    0x000000000c00a234        0x2 c:/st/stm32cubeide_1.6.1/stm32cubeide/plugins/com.st.stm32cube.ide.mcu.externaltools.gnu-tools-for-stm32.9-2020-q2-update.win32_1.5.0.202011040924/tools/bin/../lib/gcc/arm-none-eabi/9.3.1/../../../../arm-none-eabi/lib/thumb/v8-m.main+fp/hard\libnosys.a(_exit.o)
                0x000000000c00a234                _exit
 *(.init)
 *fill*         0x000000000c00a236        0x2 
 .init          0x000000000c00a238        0x4 c:/st/stm32cubeide_1.6.1/stm32cubeide/plugins/com.st.stm32cube.ide.mcu.externaltools.gnu-tools-for-stm32.9-2020-q2-update.win32_1.5.0.202011040924/tools/bin/../lib/gcc/arm-none-eabi/9.3.1/thumb/v8-m.main+fp/hard/crti.o
                0x000000000c00a238                _init
 .init          0x000000000c00a23c        0x8 c:/st/stm32cubeide_1.6.1/stm32cubeide/plugins/com.st.stm32cube.ide.mcu.externaltools.gnu-tools-for-stm32.9-2020-q2-update.win32_1.5.0.202011040924/tools/bin/../lib/gcc/arm-none-eabi/9.3.1/thumb/v8-m.main+fp/hard/crtn.o
 *(.fini)
 .fini          0x000000000c00a244        0x4 c:/st/stm32cubeide_1.6.1/stm32cubeide/plugins/com.st.stm32cube.ide.mcu.externaltools.gnu-tools-for-stm32.9-2020-q2-update.win32_1.5.0.202011040924/tools/bin/../lib/gcc/arm-none-eabi/9.3.1/thumb/v8-m.main+fp/hard/crti.o
                0x000000000c00a244                _fini
 .fini          0x000000000c00a248        0x8 c:/st/stm32cubeide_1.6.1/stm32cubeide/plugins/com.st.stm32cube.ide.mcu.externaltools.gnu-tools-for-stm32.9-2020-q2-update.win32_1.5.0.202011040924/tools/bin/../lib/gcc/arm-none-eabi/9.3.1/thumb/v8-m.main+fp/hard/crtn.o
 *crtbegin.o(.ctors)
 *crtbegin?.o(.ctors)
 *(EXCLUDE_FILE(*crtend.o *crtend?.o) .ctors)
 *(SORT_BY_NAME(.ctors.*))
 *(.ctors)
 *crtbegin.o(.dtors)
 *crtbegin?.o(.dtors)
 *(EXCLUDE_FILE(*crtend.o *crtend?.o) .dtors)
 *(SORT_BY_NAME(.dtors.*))
 *(.dtors)
 *(.rodata*)
 .rodata.tfm_plat_init_nv_counter.str1.1
                0x000000000c00a250      0x219 Application/User/bl2_nv_services.o
 .rodata.tfm_plat_set_nv_counter.str1.1
                0x000000000c00a469       0x1f Application/User/bl2_nv_services.o
 .rodata.str1.1
                0x000000000c00a488       0x38 Application/User/boot_hal.o
 .rodata.boot_platform_init.str1.1
                0x000000000c00a4c0       0x30 Application/User/boot_hal.o
 .rodata.DriverVersion
                0x000000000c00a4f0        0x4 Application/User/low_level_com.o
 .rodata.TFM_Driver_USART0
                0x000000000c00a4f4       0x38 Application/User/low_level_com.o
                0x000000000c00a4f4                TFM_Driver_USART0
 .rodata.ARM_FLASH0_DEV_DATA
                0x000000000c00a52c       0x18 Application/User/low_level_flash.o
 .rodata.DriverVersion
                0x000000000c00a544        0x4 Application/User/low_level_flash.o
 .rodata.TFM_Driver_FLASH0
                0x000000000c00a548       0x2c Application/User/low_level_flash.o
                0x000000000c00a548                TFM_Driver_FLASH0
 .rodata.AHBPrescTable
                0x000000000c00a574       0x10 Application/User/system_stm32l5xx.o
                0x000000000c00a574                AHBPrescTable
 .rodata.APBPrescTable
                0x000000000c00a584        0x8 Application/User/system_stm32l5xx.o
                0x000000000c00a584                APBPrescTable
 .rodata.MSIRangeTable
                0x000000000c00a58c       0x40 Application/User/system_stm32l5xx.o
                0x000000000c00a58c                MSIRangeTable
 .rodata.TFM_LL_SECU_CheckStaticProtections.str1.1
                0x000000000c00a5cc      0x4ed Application/User/tfm_low_level_security.o
 .rodata.CSWTCH.58
                0x000000000c00aab9        0x3 Drivers/STM32L5xx_HAL_Driver/stm32l5xx_hal_uart.o
 .rodata.CSWTCH.59
                0x000000000c00aabc        0xd Drivers/STM32L5xx_HAL_Driver/stm32l5xx_hal_uart.o
 *fill*         0x000000000c00aac9        0x1 
 .rodata.UARTPrescTable
                0x000000000c00aaca       0x18 Drivers/STM32L5xx_HAL_Driver/stm32l5xx_hal_uart.o
                0x000000000c00aaca                UARTPrescTable
 .rodata.str1.1
                0x000000000c00aae2        0xe Middlewares/mbed-crypto/md_wrap.o
 .rodata.mbedtls_sha224_info
                0x000000000c00aaf0       0x30 Middlewares/mbed-crypto/md_wrap.o
                0x000000000c00aaf0                mbedtls_sha224_info
 .rodata.mbedtls_sha256_info
                0x000000000c00ab20       0x30 Middlewares/mbed-crypto/md_wrap.o
                0x000000000c00ab20                mbedtls_sha256_info
 .rodata.boot_enc_decrypt.str1.1
                0x000000000c00ab50       0x29 Middlewares/mcuboot/encrypted.o
 .rodata.pss_zeros
                0x000000000c00ab79        0x8 Middlewares/mcuboot/image_rsa.o
 .rodata.bootutil_img_validate.str1.1
                0x000000000c00ab81      0x5f4 Middlewares/mcuboot/image_validate.o
 .rodata.boot_copy_region.str1.1
                0x000000000c00b175       0x14 Middlewares/mcuboot/loader.o
 .rodata.context_boot_go.str1.1
                0x000000000c00b189      0x3f7 Middlewares/mcuboot/loader.o
                                        0x41c (size before relaxing)
 .rodata.main.str1.1
                0x000000000c00b580      0x11d Middlewares/trustedfirmware/bl2_main.o
 *fill*         0x000000000c00b69d        0x3 
 .rodata.flash_map
                0x000000000c00b6a0        0xc Middlewares/trustedfirmware/flash_map.o
 .rodata.flash_device_base.str1.1
                0x000000000c00b6ac       0x29 Middlewares/trustedfirmware/flash_map_extended.o
 .rodata.flash_area_id_to_multi_image_slot.str1.1
                0x000000000c00b6d5       0x1d Middlewares/trustedfirmware/flash_map_extended.o
 .rodata.flash_area_get_sectors.str1.1
                0x000000000c00b6f2       0x68 Middlewares/trustedfirmware/flash_map_legacy.o
 *fill*         0x000000000c00b75a        0x2 
 .rodata._global_impure_ptr
                0x000000000c00b75c        0x4 c:/st/stm32cubeide_1.6.1/stm32cubeide/plugins/com.st.stm32cube.ide.mcu.externaltools.gnu-tools-for-stm32.9-2020-q2-update.win32_1.5.0.202011040924/tools/bin/../lib/gcc/arm-none-eabi/9.3.1/../../../../arm-none-eabi/lib/thumb/v8-m.main+fp/hard\libc_nano.a(lib_a-impure.o)
                0x000000000c00b75c                _global_impure_ptr
 .rodata.__sf_fake_stderr
                0x000000000c00b760       0x20 c:/st/stm32cubeide_1.6.1/stm32cubeide/plugins/com.st.stm32cube.ide.mcu.externaltools.gnu-tools-for-stm32.9-2020-q2-update.win32_1.5.0.202011040924/tools/bin/../lib/gcc/arm-none-eabi/9.3.1/../../../../arm-none-eabi/lib/thumb/v8-m.main+fp/hard\libc_nano.a(lib_a-findfp.o)
                0x000000000c00b760                __sf_fake_stderr
 .rodata.__sf_fake_stdin
                0x000000000c00b780       0x20 c:/st/stm32cubeide_1.6.1/stm32cubeide/plugins/com.st.stm32cube.ide.mcu.externaltools.gnu-tools-for-stm32.9-2020-q2-update.win32_1.5.0.202011040924/tools/bin/../lib/gcc/arm-none-eabi/9.3.1/../../../../arm-none-eabi/lib/thumb/v8-m.main+fp/hard\libc_nano.a(lib_a-findfp.o)
                0x000000000c00b780                __sf_fake_stdin
 .rodata.__sf_fake_stdout
                0x000000000c00b7a0       0x20 c:/st/stm32cubeide_1.6.1/stm32cubeide/plugins/com.st.stm32cube.ide.mcu.externaltools.gnu-tools-for-stm32.9-2020-q2-update.win32_1.5.0.202011040924/tools/bin/../lib/gcc/arm-none-eabi/9.3.1/../../../../arm-none-eabi/lib/thumb/v8-m.main+fp/hard\libc_nano.a(lib_a-findfp.o)
                0x000000000c00b7a0                __sf_fake_stdout
 .rodata._vfprintf_r.str1.1
                0x000000000c00b7c0       0x11 c:/st/stm32cubeide_1.6.1/stm32cubeide/plugins/com.st.stm32cube.ide.mcu.externaltools.gnu-tools-for-stm32.9-2020-q2-update.win32_1.5.0.202011040924/tools/bin/../lib/gcc/arm-none-eabi/9.3.1/../../../../arm-none-eabi/lib/thumb/v8-m.main+fp/hard\libc_nano.a(lib_a-nano-vfprintf.o)
 .rodata._printf_i.str1.1
                0x000000000c00b7d1       0x22 c:/st/stm32cubeide_1.6.1/stm32cubeide/plugins/com.st.stm32cube.ide.mcu.externaltools.gnu-tools-for-stm32.9-2020-q2-update.win32_1.5.0.202011040924/tools/bin/../lib/gcc/arm-none-eabi/9.3.1/../../../../arm-none-eabi/lib/thumb/v8-m.main+fp/hard\libc_nano.a(lib_a-nano-vfprintf_i.o)
 *(.eh_frame*)
 *fill*         0x000000000c00b7f3        0x1 
 .eh_frame      0x000000000c00b7f4        0x0 c:/st/stm32cubeide_1.6.1/stm32cubeide/plugins/com.st.stm32cube.ide.mcu.externaltools.gnu-tools-for-stm32.9-2020-q2-update.win32_1.5.0.202011040924/tools/bin/../lib/gcc/arm-none-eabi/9.3.1/thumb/v8-m.main+fp/hard/crtbegin.o
 .eh_frame      0x000000000c00b7f4        0x4 c:/st/stm32cubeide_1.6.1/stm32cubeide/plugins/com.st.stm32cube.ide.mcu.externaltools.gnu-tools-for-stm32.9-2020-q2-update.win32_1.5.0.202011040924/tools/bin/../lib/gcc/arm-none-eabi/9.3.1/thumb/v8-m.main+fp/hard/crtend.o

.glue_7         0x000000000c00b7f8        0x0
 .glue_7        0x000000000c00b7f8        0x0 linker stubs

.glue_7t        0x000000000c00b7f8        0x0
 .glue_7t       0x000000000c00b7f8        0x0 linker stubs

.vfp11_veneer   0x000000000c00b7f8        0x0
 .vfp11_veneer  0x000000000c00b7f8        0x0 linker stubs

.v4_bx          0x000000000c00b7f8        0x0
 .v4_bx         0x000000000c00b7f8        0x0 linker stubs

.iplt           0x000000000c00b7f8        0x0
 .iplt          0x000000000c00b7f8        0x0 c:/st/stm32cubeide_1.6.1/stm32cubeide/plugins/com.st.stm32cube.ide.mcu.externaltools.gnu-tools-for-stm32.9-2020-q2-update.win32_1.5.0.202011040924/tools/bin/../lib/gcc/arm-none-eabi/9.3.1/thumb/v8-m.main+fp/hard/crtbegin.o

.ARM.extab
 *(.ARM.extab* .gnu.linkonce.armextab.*)
                0x000000000c00b7f8                __exidx_start = .

.ARM.exidx      0x000000000c00b7f8        0x8
 *(.ARM.exidx* .gnu.linkonce.armexidx.*)
 .ARM.exidx     0x000000000c00b7f8        0x8 c:/st/stm32cubeide_1.6.1/stm32cubeide/plugins/com.st.stm32cube.ide.mcu.externaltools.gnu-tools-for-stm32.9-2020-q2-update.win32_1.5.0.202011040924/tools/bin/../lib/gcc/arm-none-eabi/9.3.1/../../../../arm-none-eabi/lib/thumb/v8-m.main+fp/hard/crt0.o
                                         0x10 (size before relaxing)
 .ARM.exidx     0x000000000c00b800        0x0 c:/st/stm32cubeide_1.6.1/stm32cubeide/plugins/com.st.stm32cube.ide.mcu.externaltools.gnu-tools-for-stm32.9-2020-q2-update.win32_1.5.0.202011040924/tools/bin/../lib/gcc/arm-none-eabi/9.3.1/thumb/v8-m.main+fp/hard\libgcc.a(_udivmoddi4.o)
                                          0x8 (size before relaxing)
                0x000000000c00b800                __exidx_end = .

.rel.dyn        0x000000000c00b800        0x0
 .rel.iplt      0x000000000c00b800        0x0 c:/st/stm32cubeide_1.6.1/stm32cubeide/plugins/com.st.stm32cube.ide.mcu.externaltools.gnu-tools-for-stm32.9-2020-q2-update.win32_1.5.0.202011040924/tools/bin/../lib/gcc/arm-none-eabi/9.3.1/thumb/v8-m.main+fp/hard/crtbegin.o

.copy.table     0x000000000c00b800       0x18
                0x000000000c00b800                . = ALIGN (0x4)
                0x000000000c00b800                __copy_table_start__ = .
                0x000000000c00b800        0x4 LONG 0xc00b828 __etext
                0x000000000c00b804        0x4 LONG 0x30030000 __data_start__
                0x000000000c00b808        0x4 LONG 0x100 (__data_end__ - __data_start__)
                0x000000000c00b80c        0x4 LONG 0x0 DEFINED (__etext2)?__etext2:0x0
                0x000000000c00b810        0x4 LONG 0x0 DEFINED (__data2_start__)?__data2_start__:0x0
                0x000000000c00b814        0x4 LONG 0x0 DEFINED (__data2_start__)?(__data2_end__ - __data2_start__):0x0
                0x000000000c00b818                __copy_table_end__ = .

.zero.table     0x000000000c00b818       0x10
                0x000000000c00b818                . = ALIGN (0x4)
                0x000000000c00b818                __zero_table_start__ = .
                0x000000000c00b818        0x4 LONG 0x30030100 __bss_start__
                0x000000000c00b81c        0x4 LONG 0xbdd4 (__bss_end__ - __bss_start__)
                0x000000000c00b820        0x4 LONG 0x0 DEFINED (__bss2_start__)?__bss2_start__:0x0
                0x000000000c00b824        0x4 LONG 0x0 DEFINED (__bss2_start__)?(__bss2_end__ - __bss2_start__):0x0
                0x000000000c00b828                __zero_table_end__ = .
                0x000000000c00b828                __etext = .

.data           0x0000000030030000      0x100 load address 0x000000000c00b828
                0x0000000030030000                __data_start__ = .
 *(vtable)
 *(.data*)
 .data.uwAddressNextWrite
                0x0000000030030000        0x4 Application/User/bl2_nv_services.o
 .data.ImageValidStatus
                0x0000000030030004        0x1 Application/User/boot_hal.o
                0x0000000030030004                ImageValidStatus
 *fill*         0x0000000030030005        0x3 
 .data.FLASH0_DEV
                0x0000000030030008       0x1c Application/User/low_level_device.o
                0x0000000030030008                FLASH0_DEV
 .data.erase_vect
                0x0000000030030024        0x8 Application/User/low_level_device.o
 .data.secure_vect
                0x000000003003002c       0x10 Application/User/low_level_device.o
 .data.write_vect
                0x000000003003003c       0x10 Application/User/low_level_device.o
 .data.SystemCoreClock
                0x000000003003004c        0x4 Application/User/system_stm32l5xx.o
                0x000000003003004c                SystemCoreClock
 .data.dev_mpu_ns.10708
                0x0000000030030050        0x4 Application/User/tfm_low_level_security.o
 .data.dev_mpu_s.10707
                0x0000000030030054        0x4 Application/User/tfm_low_level_security.o
 .data.dev_mpu_s.10714
                0x0000000030030058        0x4 Application/User/tfm_low_level_security.o
 .data.uwTickFreq